[INFO] Scanning for projects...
[INFO] 
[INFO] -----------------< com.rapptycoon:rapp-tycoon-backend >-----------------
[INFO] Building rApp Tycoon Backend 0.0.1-SNAPSHOT
[INFO]   from pom.xml
[INFO] --------------------------------[ jar ]---------------------------------
[INFO] 
[INFO] --- resources:3.3.1:resources (default-resources) @ rapp-tycoon-backend ---
[INFO] Copying 3 resources from src/main/resources to target/classes
[INFO] Copying 0 resource from src/main/resources to target/classes
[INFO] 
[INFO] --- compiler:3.14.1:compile (default-compile) @ rapp-tycoon-backend ---
[INFO] Nothing to compile - all classes are up to date.
[INFO] 
[INFO] --- resources:3.3.1:testResources (default-testResources) @ rapp-tycoon-backend ---
[INFO] Copying 1 resource from src/test/resources to target/test-classes
[INFO] 
[INFO] --- compiler:3.14.1:testCompile (default-testCompile) @ rapp-tycoon-backend ---
[INFO] Nothing to compile - all classes are up to date.
[INFO] 
[INFO] --- surefire:3.5.5:test (default-test) @ rapp-tycoon-backend ---
[INFO] Using auto detected provider org.apache.maven.surefire.junitplatform.JUnitPlatformProvider
[INFO] 
[INFO] -------------------------------------------------------
[INFO]  T E S T S
[INFO] -------------------------------------------------------
[INFO] Running com.rapptycoon.security.SecurityIntegrationTest
22:09:26.518 [main] INFO org.springframework.test.context.support.AnnotationConfigContextLoaderUtils -- Could not detect default configuration classes for test class [com.rapptycoon.security.SecurityIntegrationTest]: SecurityIntegrationTest does not declare any static, non-private, non-final, nested classes annotated with @Configuration.
22:09:26.686 [main] INFO org.springframework.boot.test.context.SpringBootTestContextBootstrapper -- Found @SpringBootConfiguration com.rapptycoon.RappTycoonApplication for test class com.rapptycoon.security.SecurityIntegrationTest
[INFO] Running Input validation on request DTOs
22:09:26.793 [main] INFO org.springframework.test.context.support.AnnotationConfigContextLoaderUtils -- Could not detect default configuration classes for test class [com.rapptycoon.security.SecurityIntegrationTest$InputValidation]: InputValidation does not declare any static, non-private, non-final, nested classes annotated with @Configuration.
22:09:26.798 [main] INFO org.springframework.boot.test.context.SpringBootTestContextBootstrapper -- Found @SpringBootConfiguration com.rapptycoon.RappTycoonApplication for test class com.rapptycoon.security.SecurityIntegrationTest$InputValidation

  .   ____          _            __ _ _
 /\\ / ___'_ __ _ _(_)_ __  __ _ \ \ \ \
( ( )\___ | '_ | '_| | '_ \/ _` | \ \ \ \
 \\/  ___)| |_)| | | | | || (_| |  ) ) ) )
  '  |____| .__|_| |_|_| |_\__, | / / / /
 =========|_|==============|___/=/_/_/_/

 :: Spring Boot ::               (v3.5.14)

2026-05-29T22:09:27.190+01:00  INFO 747497 --- [rapp-tycoon-backend] [           main] c.r.security.SecurityIntegrationTest     : Starting SecurityIntegrationTest using Java 26.0.1 with PID 747497 (started by kevin in /home/kevin/IdeaProjects/rAppsTycoon2/backend)
2026-05-29T22:09:27.191+01:00 DEBUG 747497 --- [rapp-tycoon-backend] [           main] c.r.security.SecurityIntegrationTest     : Running with Spring Boot v3.5.14, Spring v6.2.18
2026-05-29T22:09:27.192+01:00  INFO 747497 --- [rapp-tycoon-backend] [           main] c.r.security.SecurityIntegrationTest     : The following 1 profile is active: "test"
2026-05-29T22:09:28.255+01:00  INFO 747497 --- [rapp-tycoon-backend] [           main] .s.d.r.c.RepositoryConfigurationDelegate : Bootstrapping Spring Data JPA repositories in DEFAULT mode.
2026-05-29T22:09:28.335+01:00  INFO 747497 --- [rapp-tycoon-backend] [           main] .s.d.r.c.RepositoryConfigurationDelegate : Finished Spring Data repository scanning in 69 ms. Found 6 JPA repository interfaces.
2026-05-29T22:09:28.811+01:00  INFO 747497 --- [rapp-tycoon-backend] [           main] o.hibernate.jpa.internal.util.LogHelper  : HHH000204: Processing PersistenceUnitInfo [name: default]
2026-05-29T22:09:28.892+01:00  INFO 747497 --- [rapp-tycoon-backend] [           main] org.hibernate.Version                    : HHH000412: Hibernate ORM core version 6.6.49.Final
2026-05-29T22:09:28.928+01:00  INFO 747497 --- [rapp-tycoon-backend] [           main] o.h.c.internal.RegionFactoryInitiator    : HHH000026: Second-level cache disabled
2026-05-29T22:09:29.175+01:00  INFO 747497 --- [rapp-tycoon-backend] [           main] o.s.o.j.p.SpringPersistenceUnitInfo      : No LoadTimeWeaver setup: ignoring JPA class transformer
2026-05-29T22:09:29.201+01:00  INFO 747497 --- [rapp-tycoon-backend] [           main] com.zaxxer.hikari.HikariDataSource       : HikariPool-1 - Starting...
2026-05-29T22:09:29.350+01:00  INFO 747497 --- [rapp-tycoon-backend] [           main] com.zaxxer.hikari.pool.HikariPool        : HikariPool-1 - Added connection conn0: url=jdbc:h2:mem:testdb user=SA
2026-05-29T22:09:29.351+01:00  INFO 747497 --- [rapp-tycoon-backend] [           main] com.zaxxer.hikari.HikariDataSource       : HikariPool-1 - Start completed.
2026-05-29T22:09:29.373+01:00  WARN 747497 --- [rapp-tycoon-backend] [           main] org.hibernate.orm.deprecation            : HHH90000025: H2Dialect does not need to be specified explicitly using 'hibernate.dialect' (remove the property setting and it will be selected by default)
2026-05-29T22:09:29.392+01:00  INFO 747497 --- [rapp-tycoon-backend] [           main] org.hibernate.orm.connections.pooling    : HHH10001005: Database info:
	Database JDBC URL [Connecting through datasource 'HikariDataSource (HikariPool-1)']
	Database driver: undefined/unknown
	Database version: 2.3.232
	Autocommit mode: undefined/unknown
	Isolation level: undefined/unknown
	Minimum pool size: undefined/unknown
	Maximum pool size: undefined/unknown
2026-05-29T22:09:30.247+01:00  INFO 747497 --- [rapp-tycoon-backend] [           main] o.h.e.t.j.p.i.JtaPlatformInitiator       : HHH000489: No JTA platform available (set 'hibernate.transaction.jta.platform' to enable JTA platform integration)
2026-05-29T22:09:30.286+01:00  INFO 747497 --- [rapp-tycoon-backend] [           main] j.LocalContainerEntityManagerFactoryBean : Initialized JPA EntityManagerFactory for persistence unit 'default'
2026-05-29T22:09:31.886+01:00  INFO 747497 --- [rapp-tycoon-backend] [           main] o.s.b.t.m.w.SpringBootMockServletContext : Initializing Spring TestDispatcherServlet ''
2026-05-29T22:09:31.887+01:00  INFO 747497 --- [rapp-tycoon-backend] [           main] o.s.t.web.servlet.TestDispatcherServlet  : Initializing Servlet ''
2026-05-29T22:09:31.897+01:00  INFO 747497 --- [rapp-tycoon-backend] [           main] o.s.b.a.e.web.EndpointLinksResolver      : Exposing 1 endpoint beneath base path '/actuator'
2026-05-29T22:09:31.914+01:00  INFO 747497 --- [rapp-tycoon-backend] [           main] o.s.t.web.servlet.TestDispatcherServlet  : Completed initialization in 26 ms
2026-05-29T22:09:31.993+01:00  INFO 747497 --- [rapp-tycoon-backend] [           main] o.s.m.s.b.SimpleBrokerMessageHandler     : Starting...
2026-05-29T22:09:31.994+01:00  INFO 747497 --- [rapp-tycoon-backend] [           main] o.s.m.s.b.SimpleBrokerMessageHandler     : BrokerAvailabilityEvent[available=true, SimpleBrokerMessageHandler [org.springframework.messaging.simp.broker.DefaultSubscriptionRegistry@7eeabaf3]]
2026-05-29T22:09:31.996+01:00  INFO 747497 --- [rapp-tycoon-backend] [           main] o.s.m.s.b.SimpleBrokerMessageHandler     : Started.
2026-05-29T22:09:32.018+01:00  INFO 747497 --- [rapp-tycoon-backend] [           main] c.r.security.SecurityIntegrationTest     : Started SecurityIntegrationTest in 5.186 seconds (process running for 6.252)
2026-05-29T22:09:32.288+01:00  INFO 747497 --- [rapp-tycoon-backend] [           main] com.rapptycoon.config.DataSeeder         : Seeding rApp catalogue...
2026-05-29T22:09:32.336+01:00  INFO 747497 --- [rapp-tycoon-backend] [           main] com.rapptycoon.config.DataSeeder         : Seeded 7 rApp templates
Mockito is currently self-attaching to enable the inline-mock-maker. This will no longer work in future releases of the JDK. Please add Mockito as an agent to your build as described in Mockito's documentation: https://javadoc.io/doc/org.mockito/mockito-core/latest/org.mockito/org/mockito/Mockito.html#0.3
OpenJDK 64-Bit Server VM warning: Sharing is only supported for boot loader classes because bootstrap classpath has been appended
WARNING: A Java agent has been loaded dynamically (/home/kevin/.m2/repository/net/bytebuddy/byte-buddy-agent/1.17.8/byte-buddy-agent-1.17.8.jar)
WARNING: If a serviceability tool is in use, please run with -XX:+EnableDynamicAgentLoading to hide this warning
WARNING: If a serviceability tool is not in use, please run with -Djdk.instrument.traceUsage for more information
WARNING: Dynamic loading of agents will be disallowed by default in a future release
2026-05-29T22:09:32.931+01:00  INFO 747497 --- [rapp-tycoon-backend] [           main] o.s.m.s.b.SimpleBrokerMessageHandler     : Stopping...
2026-05-29T22:09:32.931+01:00  INFO 747497 --- [rapp-tycoon-backend] [           main] o.s.m.s.b.SimpleBrokerMessageHandler     : BrokerAvailabilityEvent[available=false, SimpleBrokerMessageHandler [org.springframework.messaging.simp.broker.DefaultSubscriptionRegistry@7eeabaf3]]
2026-05-29T22:09:32.931+01:00  INFO 747497 --- [rapp-tycoon-backend] [           main] o.s.m.s.b.SimpleBrokerMessageHandler     : Stopped.
2026-05-29T22:09:32.937+01:00  INFO 747497 --- [rapp-tycoon-backend] [           main] j.LocalContainerEntityManagerFactoryBean : Closing JPA EntityManagerFactory for persistence unit 'default'
2026-05-29T22:09:32.943+01:00  INFO 747497 --- [rapp-tycoon-backend] [           main] com.zaxxer.hikari.HikariDataSource       : HikariPool-1 - Shutdown initiated...
2026-05-29T22:09:32.945+01:00  INFO 747497 --- [rapp-tycoon-backend] [           main] com.zaxxer.hikari.HikariDataSource       : HikariPool-1 - Shutdown completed.

  .   ____          _            __ _ _
 /\\ / ___'_ __ _ _(_)_ __  __ _ \ \ \ \
( ( )\___ | '_ | '_| | '_ \/ _` | \ \ \ \
 \\/  ___)| |_)| | | | | || (_| |  ) ) ) )
  '  |____| .__|_| |_|_| |_\__, | / / / /
 =========|_|==============|___/=/_/_/_/

 :: Spring Boot ::               (v3.5.14)

2026-05-29T22:09:32.991+01:00  INFO 747497 --- [rapp-tycoon-backend] [           main] c.r.security.SecurityIntegrationTest     : Starting SecurityIntegrationTest using Java 26.0.1 with PID 747497 (started by kevin in /home/kevin/IdeaProjects/rAppsTycoon2/backend)
2026-05-29T22:09:32.991+01:00 DEBUG 747497 --- [rapp-tycoon-backend] [           main] c.r.security.SecurityIntegrationTest     : Running with Spring Boot v3.5.14, Spring v6.2.18
2026-05-29T22:09:32.991+01:00  INFO 747497 --- [rapp-tycoon-backend] [           main] c.r.security.SecurityIntegrationTest     : The following 1 profile is active: "test"
2026-05-29T22:09:33.291+01:00  INFO 747497 --- [rapp-tycoon-backend] [           main] .s.d.r.c.RepositoryConfigurationDelegate : Bootstrapping Spring Data JPA repositories in DEFAULT mode.
2026-05-29T22:09:33.306+01:00  INFO 747497 --- [rapp-tycoon-backend] [           main] .s.d.r.c.RepositoryConfigurationDelegate : Finished Spring Data repository scanning in 13 ms. Found 6 JPA repository interfaces.
2026-05-29T22:09:33.399+01:00  INFO 747497 --- [rapp-tycoon-backend] [           main] o.hibernate.jpa.internal.util.LogHelper  : HHH000204: Processing PersistenceUnitInfo [name: default]
2026-05-29T22:09:33.400+01:00  INFO 747497 --- [rapp-tycoon-backend] [           main] o.h.c.internal.RegionFactoryInitiator    : HHH000026: Second-level cache disabled
2026-05-29T22:09:33.408+01:00  INFO 747497 --- [rapp-tycoon-backend] [           main] o.s.o.j.p.SpringPersistenceUnitInfo      : No LoadTimeWeaver setup: ignoring JPA class transformer
2026-05-29T22:09:33.409+01:00  INFO 747497 --- [rapp-tycoon-backend] [           main] com.zaxxer.hikari.HikariDataSource       : HikariPool-2 - Starting...
2026-05-29T22:09:33.410+01:00  INFO 747497 --- [rapp-tycoon-backend] [           main] com.zaxxer.hikari.pool.HikariPool        : HikariPool-2 - Added connection conn10: url=jdbc:h2:mem:testdb user=SA
2026-05-29T22:09:33.410+01:00  INFO 747497 --- [rapp-tycoon-backend] [           main] com.zaxxer.hikari.HikariDataSource       : HikariPool-2 - Start completed.
2026-05-29T22:09:33.411+01:00  WARN 747497 --- [rapp-tycoon-backend] [           main] org.hibernate.orm.deprecation            : HHH90000025: H2Dialect does not need to be specified explicitly using 'hibernate.dialect' (remove the property setting and it will be selected by default)
2026-05-29T22:09:33.412+01:00  INFO 747497 --- [rapp-tycoon-backend] [           main] org.hibernate.orm.connections.pooling    : HHH10001005: Database info:
	Database JDBC URL [Connecting through datasource 'HikariDataSource (HikariPool-2)']
	Database driver: undefined/unknown
	Database version: 2.3.232
	Autocommit mode: undefined/unknown
	Isolation level: undefined/unknown
	Minimum pool size: undefined/unknown
	Maximum pool size: undefined/unknown
2026-05-29T22:09:33.485+01:00  INFO 747497 --- [rapp-tycoon-backend] [           main] o.h.e.t.j.p.i.JtaPlatformInitiator       : HHH000489: No JTA platform available (set 'hibernate.transaction.jta.platform' to enable JTA platform integration)
2026-05-29T22:09:33.496+01:00  INFO 747497 --- [rapp-tycoon-backend] [           main] j.LocalContainerEntityManagerFactoryBean : Initialized JPA EntityManagerFactory for persistence unit 'default'
2026-05-29T22:09:33.840+01:00  INFO 747497 --- [rapp-tycoon-backend] [           main] o.s.b.t.m.w.SpringBootMockServletContext : Initializing Spring TestDispatcherServlet ''
2026-05-29T22:09:33.840+01:00  INFO 747497 --- [rapp-tycoon-backend] [           main] o.s.t.web.servlet.TestDispatcherServlet  : Initializing Servlet ''
2026-05-29T22:09:33.842+01:00  INFO 747497 --- [rapp-tycoon-backend] [           main] o.s.b.a.e.web.EndpointLinksResolver      : Exposing 1 endpoint beneath base path '/actuator'
2026-05-29T22:09:33.849+01:00  INFO 747497 --- [rapp-tycoon-backend] [           main] o.s.t.web.servlet.TestDispatcherServlet  : Completed initialization in 9 ms
2026-05-29T22:09:33.861+01:00  INFO 747497 --- [rapp-tycoon-backend] [           main] o.s.m.s.b.SimpleBrokerMessageHandler     : Starting...
2026-05-29T22:09:33.862+01:00  INFO 747497 --- [rapp-tycoon-backend] [           main] o.s.m.s.b.SimpleBrokerMessageHandler     : BrokerAvailabilityEvent[available=true, SimpleBrokerMessageHandler [org.springframework.messaging.simp.broker.DefaultSubscriptionRegistry@1f837ac0]]
2026-05-29T22:09:33.862+01:00  INFO 747497 --- [rapp-tycoon-backend] [           main] o.s.m.s.b.SimpleBrokerMessageHandler     : Started.
2026-05-29T22:09:33.869+01:00  INFO 747497 --- [rapp-tycoon-backend] [           main] c.r.security.SecurityIntegrationTest     : Started SecurityIntegrationTest in 0.912 seconds (process running for 8.103)
2026-05-29T22:09:33.876+01:00  INFO 747497 --- [rapp-tycoon-backend] [           main] com.rapptycoon.config.DataSeeder         : Seeding rApp catalogue...
2026-05-29T22:09:33.886+01:00  INFO 747497 --- [rapp-tycoon-backend] [           main] com.rapptycoon.config.DataSeeder         : Seeded 7 rApp templates
2026-05-29T22:09:33.951+01:00  INFO 747497 --- [rapp-tycoon-backend] [           main] o.s.m.s.b.SimpleBrokerMessageHandler     : Stopping...
2026-05-29T22:09:33.951+01:00  INFO 747497 --- [rapp-tycoon-backend] [           main] o.s.m.s.b.SimpleBrokerMessageHandler     : BrokerAvailabilityEvent[available=false, SimpleBrokerMessageHandler [org.springframework.messaging.simp.broker.DefaultSubscriptionRegistry@1f837ac0]]
2026-05-29T22:09:33.951+01:00  INFO 747497 --- [rapp-tycoon-backend] [           main] o.s.m.s.b.SimpleBrokerMessageHandler     : Stopped.
2026-05-29T22:09:33.954+01:00  INFO 747497 --- [rapp-tycoon-backend] [           main] j.LocalContainerEntityManagerFactoryBean : Closing JPA EntityManagerFactory for persistence unit 'default'
2026-05-29T22:09:33.957+01:00  INFO 747497 --- [rapp-tycoon-backend] [           main] com.zaxxer.hikari.HikariDataSource       : HikariPool-2 - Shutdown initiated...
2026-05-29T22:09:33.958+01:00  INFO 747497 --- [rapp-tycoon-backend] [           main] com.zaxxer.hikari.HikariDataSource       : HikariPool-2 - Shutdown completed.

  .   ____          _            __ _ _
 /\\ / ___'_ __ _ _(_)_ __  __ _ \ \ \ \
( ( )\___ | '_ | '_| | '_ \/ _` | \ \ \ \
 \\/  ___)| |_)| | | | | || (_| |  ) ) ) )
  '  |____| .__|_| |_|_| |_\__, | / / / /
 =========|_|==============|___/=/_/_/_/

 :: Spring Boot ::               (v3.5.14)

2026-05-29T22:09:33.990+01:00  INFO 747497 --- [rapp-tycoon-backend] [           main] c.r.security.SecurityIntegrationTest     : Starting SecurityIntegrationTest using Java 26.0.1 with PID 747497 (started by kevin in /home/kevin/IdeaProjects/rAppsTycoon2/backend)
2026-05-29T22:09:33.990+01:00 DEBUG 747497 --- [rapp-tycoon-backend] [           main] c.r.security.SecurityIntegrationTest     : Running with Spring Boot v3.5.14, Spring v6.2.18
2026-05-29T22:09:33.991+01:00  INFO 747497 --- [rapp-tycoon-backend] [           main] c.r.security.SecurityIntegrationTest     : The following 1 profile is active: "test"
2026-05-29T22:09:34.236+01:00  INFO 747497 --- [rapp-tycoon-backend] [           main] .s.d.r.c.RepositoryConfigurationDelegate : Bootstrapping Spring Data JPA repositories in DEFAULT mode.
2026-05-29T22:09:34.249+01:00  INFO 747497 --- [rapp-tycoon-backend] [           main] .s.d.r.c.RepositoryConfigurationDelegate : Finished Spring Data repository scanning in 12 ms. Found 6 JPA repository interfaces.
2026-05-29T22:09:34.328+01:00  INFO 747497 --- [rapp-tycoon-backend] [           main] o.hibernate.jpa.internal.util.LogHelper  : HHH000204: Processing PersistenceUnitInfo [name: default]
2026-05-29T22:09:34.329+01:00  INFO 747497 --- [rapp-tycoon-backend] [           main] o.h.c.internal.RegionFactoryInitiator    : HHH000026: Second-level cache disabled
2026-05-29T22:09:34.336+01:00  INFO 747497 --- [rapp-tycoon-backend] [           main] o.s.o.j.p.SpringPersistenceUnitInfo      : No LoadTimeWeaver setup: ignoring JPA class transformer
2026-05-29T22:09:34.337+01:00  INFO 747497 --- [rapp-tycoon-backend] [           main] com.zaxxer.hikari.HikariDataSource       : HikariPool-3 - Starting...
2026-05-29T22:09:34.339+01:00  INFO 747497 --- [rapp-tycoon-backend] [           main] com.zaxxer.hikari.pool.HikariPool        : HikariPool-3 - Added connection conn20: url=jdbc:h2:mem:testdb user=SA
2026-05-29T22:09:34.339+01:00  INFO 747497 --- [rapp-tycoon-backend] [           main] com.zaxxer.hikari.HikariDataSource       : HikariPool-3 - Start completed.
2026-05-29T22:09:34.340+01:00  WARN 747497 --- [rapp-tycoon-backend] [           main] org.hibernate.orm.deprecation            : HHH90000025: H2Dialect does not need to be specified explicitly using 'hibernate.dialect' (remove the property setting and it will be selected by default)
2026-05-29T22:09:34.340+01:00  INFO 747497 --- [rapp-tycoon-backend] [           main] org.hibernate.orm.connections.pooling    : HHH10001005: Database info:
	Database JDBC URL [Connecting through datasource 'HikariDataSource (HikariPool-3)']
	Database driver: undefined/unknown
	Database version: 2.3.232
	Autocommit mode: undefined/unknown
	Isolation level: undefined/unknown
	Minimum pool size: undefined/unknown
	Maximum pool size: undefined/unknown
2026-05-29T22:09:34.424+01:00  INFO 747497 --- [rapp-tycoon-backend] [           main] o.h.e.t.j.p.i.JtaPlatformInitiator       : HHH000489: No JTA platform available (set 'hibernate.transaction.jta.platform' to enable JTA platform integration)
2026-05-29T22:09:34.443+01:00  INFO 747497 --- [rapp-tycoon-backend] [           main] j.LocalContainerEntityManagerFactoryBean : Initialized JPA EntityManagerFactory for persistence unit 'default'
2026-05-29T22:09:34.817+01:00  INFO 747497 --- [rapp-tycoon-backend] [           main] o.s.b.t.m.w.SpringBootMockServletContext : Initializing Spring TestDispatcherServlet ''
2026-05-29T22:09:34.817+01:00  INFO 747497 --- [rapp-tycoon-backend] [           main] o.s.t.web.servlet.TestDispatcherServlet  : Initializing Servlet ''
2026-05-29T22:09:34.822+01:00  INFO 747497 --- [rapp-tycoon-backend] [           main] o.s.b.a.e.web.EndpointLinksResolver      : Exposing 1 endpoint beneath base path '/actuator'
2026-05-29T22:09:34.831+01:00  INFO 747497 --- [rapp-tycoon-backend] [           main] o.s.t.web.servlet.TestDispatcherServlet  : Completed initialization in 14 ms
2026-05-29T22:09:34.847+01:00  INFO 747497 --- [rapp-tycoon-backend] [           main] o.s.m.s.b.SimpleBrokerMessageHandler     : Starting...
2026-05-29T22:09:34.848+01:00  INFO 747497 --- [rapp-tycoon-backend] [           main] o.s.m.s.b.SimpleBrokerMessageHandler     : BrokerAvailabilityEvent[available=true, SimpleBrokerMessageHandler [org.springframework.messaging.simp.broker.DefaultSubscriptionRegistry@47861e3c]]
2026-05-29T22:09:34.848+01:00  INFO 747497 --- [rapp-tycoon-backend] [           main] o.s.m.s.b.SimpleBrokerMessageHandler     : Started.
2026-05-29T22:09:34.864+01:00  INFO 747497 --- [rapp-tycoon-backend] [           main] c.r.security.SecurityIntegrationTest     : Started SecurityIntegrationTest in 0.903 seconds (process running for 9.098)
2026-05-29T22:09:34.876+01:00  INFO 747497 --- [rapp-tycoon-backend] [           main] com.rapptycoon.config.DataSeeder         : Seeding rApp catalogue...
2026-05-29T22:09:34.897+01:00  INFO 747497 --- [rapp-tycoon-backend] [           main] com.rapptycoon.config.DataSeeder         : Seeded 7 rApp templates
2026-05-29T22:09:34.985+01:00  INFO 747497 --- [rapp-tycoon-backend] [           main] o.s.m.s.b.SimpleBrokerMessageHandler     : Stopping...
2026-05-29T22:09:34.986+01:00  INFO 747497 --- [rapp-tycoon-backend] [           main] o.s.m.s.b.SimpleBrokerMessageHandler     : BrokerAvailabilityEvent[available=false, SimpleBrokerMessageHandler [org.springframework.messaging.simp.broker.DefaultSubscriptionRegistry@47861e3c]]
2026-05-29T22:09:34.986+01:00  INFO 747497 --- [rapp-tycoon-backend] [           main] o.s.m.s.b.SimpleBrokerMessageHandler     : Stopped.
2026-05-29T22:09:34.988+01:00  INFO 747497 --- [rapp-tycoon-backend] [           main] j.LocalContainerEntityManagerFactoryBean : Closing JPA EntityManagerFactory for persistence unit 'default'
2026-05-29T22:09:34.991+01:00  INFO 747497 --- [rapp-tycoon-backend] [           main] com.zaxxer.hikari.HikariDataSource       : HikariPool-3 - Shutdown initiated...
2026-05-29T22:09:34.992+01:00  INFO 747497 --- [rapp-tycoon-backend] [           main] com.zaxxer.hikari.HikariDataSource       : HikariPool-3 - Shutdown completed.

  .   ____          _            __ _ _
 /\\ / ___'_ __ _ _(_)_ __  __ _ \ \ \ \
( ( )\___ | '_ | '_| | '_ \/ _` | \ \ \ \
 \\/  ___)| |_)| | | | | || (_| |  ) ) ) )
  '  |____| .__|_| |_|_| |_\__, | / / / /
 =========|_|==============|___/=/_/_/_/

 :: Spring Boot ::               (v3.5.14)

2026-05-29T22:09:35.020+01:00  INFO 747497 --- [rapp-tycoon-backend] [           main] c.r.security.SecurityIntegrationTest     : Starting SecurityIntegrationTest using Java 26.0.1 with PID 747497 (started by kevin in /home/kevin/IdeaProjects/rAppsTycoon2/backend)
2026-05-29T22:09:35.021+01:00 DEBUG 747497 --- [rapp-tycoon-backend] [           main] c.r.security.SecurityIntegrationTest     : Running with Spring Boot v3.5.14, Spring v6.2.18
2026-05-29T22:09:35.021+01:00  INFO 747497 --- [rapp-tycoon-backend] [           main] c.r.security.SecurityIntegrationTest     : The following 1 profile is active: "test"
2026-05-29T22:09:35.238+01:00  INFO 747497 --- [rapp-tycoon-backend] [           main] .s.d.r.c.RepositoryConfigurationDelegate : Bootstrapping Spring Data JPA repositories in DEFAULT mode.
2026-05-29T22:09:35.254+01:00  INFO 747497 --- [rapp-tycoon-backend] [           main] .s.d.r.c.RepositoryConfigurationDelegate : Finished Spring Data repository scanning in 14 ms. Found 6 JPA repository interfaces.
2026-05-29T22:09:35.332+01:00  INFO 747497 --- [rapp-tycoon-backend] [           main] o.hibernate.jpa.internal.util.LogHelper  : HHH000204: Processing PersistenceUnitInfo [name: default]
2026-05-29T22:09:35.334+01:00  INFO 747497 --- [rapp-tycoon-backend] [           main] o.h.c.internal.RegionFactoryInitiator    : HHH000026: Second-level cache disabled
2026-05-29T22:09:35.341+01:00  INFO 747497 --- [rapp-tycoon-backend] [           main] o.s.o.j.p.SpringPersistenceUnitInfo      : No LoadTimeWeaver setup: ignoring JPA class transformer
2026-05-29T22:09:35.342+01:00  INFO 747497 --- [rapp-tycoon-backend] [           main] com.zaxxer.hikari.HikariDataSource       : HikariPool-4 - Starting...
2026-05-29T22:09:35.344+01:00  INFO 747497 --- [rapp-tycoon-backend] [           main] com.zaxxer.hikari.pool.HikariPool        : HikariPool-4 - Added connection conn30: url=jdbc:h2:mem:testdb user=SA
2026-05-29T22:09:35.344+01:00  INFO 747497 --- [rapp-tycoon-backend] [           main] com.zaxxer.hikari.HikariDataSource       : HikariPool-4 - Start completed.
2026-05-29T22:09:35.345+01:00  WARN 747497 --- [rapp-tycoon-backend] [           main] org.hibernate.orm.deprecation            : HHH90000025: H2Dialect does not need to be specified explicitly using 'hibernate.dialect' (remove the property setting and it will be selected by default)
2026-05-29T22:09:35.346+01:00  INFO 747497 --- [rapp-tycoon-backend] [           main] org.hibernate.orm.connections.pooling    : HHH10001005: Database info:
	Database JDBC URL [Connecting through datasource 'HikariDataSource (HikariPool-4)']
	Database driver: undefined/unknown
	Database version: 2.3.232
	Autocommit mode: undefined/unknown
	Isolation level: undefined/unknown
	Minimum pool size: undefined/unknown
	Maximum pool size: undefined/unknown
2026-05-29T22:09:35.425+01:00  INFO 747497 --- [rapp-tycoon-backend] [           main] o.h.e.t.j.p.i.JtaPlatformInitiator       : HHH000489: No JTA platform available (set 'hibernate.transaction.jta.platform' to enable JTA platform integration)
2026-05-29T22:09:35.440+01:00  INFO 747497 --- [rapp-tycoon-backend] [           main] j.LocalContainerEntityManagerFactoryBean : Initialized JPA EntityManagerFactory for persistence unit 'default'
2026-05-29T22:09:35.748+01:00  INFO 747497 --- [rapp-tycoon-backend] [           main] o.s.b.t.m.w.SpringBootMockServletContext : Initializing Spring TestDispatcherServlet ''
2026-05-29T22:09:35.749+01:00  INFO 747497 --- [rapp-tycoon-backend] [           main] o.s.t.web.servlet.TestDispatcherServlet  : Initializing Servlet ''
2026-05-29T22:09:35.751+01:00  INFO 747497 --- [rapp-tycoon-backend] [           main] o.s.b.a.e.web.EndpointLinksResolver      : Exposing 1 endpoint beneath base path '/actuator'
2026-05-29T22:09:35.756+01:00  INFO 747497 --- [rapp-tycoon-backend] [           main] o.s.t.web.servlet.TestDispatcherServlet  : Completed initialization in 7 ms
2026-05-29T22:09:35.766+01:00  INFO 747497 --- [rapp-tycoon-backend] [           main] o.s.m.s.b.SimpleBrokerMessageHandler     : Starting...
2026-05-29T22:09:35.766+01:00  INFO 747497 --- [rapp-tycoon-backend] [           main] o.s.m.s.b.SimpleBrokerMessageHandler     : BrokerAvailabilityEvent[available=true, SimpleBrokerMessageHandler [org.springframework.messaging.simp.broker.DefaultSubscriptionRegistry@7141e065]]
2026-05-29T22:09:35.767+01:00  INFO 747497 --- [rapp-tycoon-backend] [           main] o.s.m.s.b.SimpleBrokerMessageHandler     : Started.
2026-05-29T22:09:35.785+01:00  INFO 747497 --- [rapp-tycoon-backend] [           main] c.r.security.SecurityIntegrationTest     : Started SecurityIntegrationTest in 0.789 seconds (process running for 10.019)
2026-05-29T22:09:35.791+01:00  INFO 747497 --- [rapp-tycoon-backend] [           main] com.rapptycoon.config.DataSeeder         : Seeding rApp catalogue...
2026-05-29T22:09:35.800+01:00  INFO 747497 --- [rapp-tycoon-backend] [           main] com.rapptycoon.config.DataSeeder         : Seeded 7 rApp templates
2026-05-29T22:09:35.866+01:00  INFO 747497 --- [rapp-tycoon-backend] [           main] o.s.m.s.b.SimpleBrokerMessageHandler     : Stopping...
2026-05-29T22:09:35.866+01:00  INFO 747497 --- [rapp-tycoon-backend] [           main] o.s.m.s.b.SimpleBrokerMessageHandler     : BrokerAvailabilityEvent[available=false, SimpleBrokerMessageHandler [org.springframework.messaging.simp.broker.DefaultSubscriptionRegistry@7141e065]]
2026-05-29T22:09:35.867+01:00  INFO 747497 --- [rapp-tycoon-backend] [           main] o.s.m.s.b.SimpleBrokerMessageHandler     : Stopped.
2026-05-29T22:09:35.869+01:00  INFO 747497 --- [rapp-tycoon-backend] [           main] j.LocalContainerEntityManagerFactoryBean : Closing JPA EntityManagerFactory for persistence unit 'default'
2026-05-29T22:09:35.872+01:00  INFO 747497 --- [rapp-tycoon-backend] [           main] com.zaxxer.hikari.HikariDataSource       : HikariPool-4 - Shutdown initiated...
2026-05-29T22:09:35.873+01:00  INFO 747497 --- [rapp-tycoon-backend] [           main] com.zaxxer.hikari.HikariDataSource       : HikariPool-4 - Shutdown completed.

  .   ____          _            __ _ _
 /\\ / ___'_ __ _ _(_)_ __  __ _ \ \ \ \
( ( )\___ | '_ | '_| | '_ \/ _` | \ \ \ \
 \\/  ___)| |_)| | | | | || (_| |  ) ) ) )
  '  |____| .__|_| |_|_| |_\__, | / / / /
 =========|_|==============|___/=/_/_/_/

 :: Spring Boot ::               (v3.5.14)

2026-05-29T22:09:35.897+01:00  INFO 747497 --- [rapp-tycoon-backend] [           main] c.r.security.SecurityIntegrationTest     : Starting SecurityIntegrationTest using Java 26.0.1 with PID 747497 (started by kevin in /home/kevin/IdeaProjects/rAppsTycoon2/backend)
2026-05-29T22:09:35.897+01:00 DEBUG 747497 --- [rapp-tycoon-backend] [           main] c.r.security.SecurityIntegrationTest     : Running with Spring Boot v3.5.14, Spring v6.2.18
2026-05-29T22:09:35.897+01:00  INFO 747497 --- [rapp-tycoon-backend] [           main] c.r.security.SecurityIntegrationTest     : The following 1 profile is active: "test"
2026-05-29T22:09:36.081+01:00  INFO 747497 --- [rapp-tycoon-backend] [           main] .s.d.r.c.RepositoryConfigurationDelegate : Bootstrapping Spring Data JPA repositories in DEFAULT mode.
2026-05-29T22:09:36.094+01:00  INFO 747497 --- [rapp-tycoon-backend] [           main] .s.d.r.c.RepositoryConfigurationDelegate : Finished Spring Data repository scanning in 11 ms. Found 6 JPA repository interfaces.
2026-05-29T22:09:36.166+01:00  INFO 747497 --- [rapp-tycoon-backend] [           main] o.hibernate.jpa.internal.util.LogHelper  : HHH000204: Processing PersistenceUnitInfo [name: default]
2026-05-29T22:09:36.168+01:00  INFO 747497 --- [rapp-tycoon-backend] [           main] o.h.c.internal.RegionFactoryInitiator    : HHH000026: Second-level cache disabled
2026-05-29T22:09:36.174+01:00  INFO 747497 --- [rapp-tycoon-backend] [           main] o.s.o.j.p.SpringPersistenceUnitInfo      : No LoadTimeWeaver setup: ignoring JPA class transformer
2026-05-29T22:09:36.175+01:00  INFO 747497 --- [rapp-tycoon-backend] [           main] com.zaxxer.hikari.HikariDataSource       : HikariPool-5 - Starting...
2026-05-29T22:09:36.176+01:00  INFO 747497 --- [rapp-tycoon-backend] [           main] com.zaxxer.hikari.pool.HikariPool        : HikariPool-5 - Added connection conn40: url=jdbc:h2:mem:testdb user=SA
2026-05-29T22:09:36.176+01:00  INFO 747497 --- [rapp-tycoon-backend] [           main] com.zaxxer.hikari.HikariDataSource       : HikariPool-5 - Start completed.
2026-05-29T22:09:36.177+01:00  WARN 747497 --- [rapp-tycoon-backend] [           main] org.hibernate.orm.deprecation            : HHH90000025: H2Dialect does not need to be specified explicitly using 'hibernate.dialect' (remove the property setting and it will be selected by default)
2026-05-29T22:09:36.177+01:00  INFO 747497 --- [rapp-tycoon-backend] [           main] org.hibernate.orm.connections.pooling    : HHH10001005: Database info:
	Database JDBC URL [Connecting through datasource 'HikariDataSource (HikariPool-5)']
	Database driver: undefined/unknown
	Database version: 2.3.232
	Autocommit mode: undefined/unknown
	Isolation level: undefined/unknown
	Minimum pool size: undefined/unknown
	Maximum pool size: undefined/unknown
2026-05-29T22:09:36.237+01:00  INFO 747497 --- [rapp-tycoon-backend] [           main] o.h.e.t.j.p.i.JtaPlatformInitiator       : HHH000489: No JTA platform available (set 'hibernate.transaction.jta.platform' to enable JTA platform integration)
2026-05-29T22:09:36.244+01:00  INFO 747497 --- [rapp-tycoon-backend] [           main] j.LocalContainerEntityManagerFactoryBean : Initialized JPA EntityManagerFactory for persistence unit 'default'
2026-05-29T22:09:36.501+01:00  INFO 747497 --- [rapp-tycoon-backend] [           main] o.s.b.t.m.w.SpringBootMockServletContext : Initializing Spring TestDispatcherServlet ''
2026-05-29T22:09:36.501+01:00  INFO 747497 --- [rapp-tycoon-backend] [           main] o.s.t.web.servlet.TestDispatcherServlet  : Initializing Servlet ''
2026-05-29T22:09:36.503+01:00  INFO 747497 --- [rapp-tycoon-backend] [           main] o.s.b.a.e.web.EndpointLinksResolver      : Exposing 1 endpoint beneath base path '/actuator'
2026-05-29T22:09:36.508+01:00  INFO 747497 --- [rapp-tycoon-backend] [           main] o.s.t.web.servlet.TestDispatcherServlet  : Completed initialization in 7 ms
2026-05-29T22:09:36.516+01:00  INFO 747497 --- [rapp-tycoon-backend] [           main] o.s.m.s.b.SimpleBrokerMessageHandler     : Starting...
2026-05-29T22:09:36.516+01:00  INFO 747497 --- [rapp-tycoon-backend] [           main] o.s.m.s.b.SimpleBrokerMessageHandler     : BrokerAvailabilityEvent[available=true, SimpleBrokerMessageHandler [org.springframework.messaging.simp.broker.DefaultSubscriptionRegistry@46261779]]
2026-05-29T22:09:36.517+01:00  INFO 747497 --- [rapp-tycoon-backend] [           main] o.s.m.s.b.SimpleBrokerMessageHandler     : Started.
2026-05-29T22:09:36.521+01:00  INFO 747497 --- [rapp-tycoon-backend] [           main] c.r.security.SecurityIntegrationTest     : Started SecurityIntegrationTest in 0.645 seconds (process running for 10.755)
2026-05-29T22:09:36.525+01:00  INFO 747497 --- [rapp-tycoon-backend] [           main] com.rapptycoon.config.DataSeeder         : Seeding rApp catalogue...
2026-05-29T22:09:36.535+01:00  INFO 747497 --- [rapp-tycoon-backend] [           main] com.rapptycoon.config.DataSeeder         : Seeded 7 rApp templates
2026-05-29T22:09:36.583+01:00  INFO 747497 --- [rapp-tycoon-backend] [           main] o.s.m.s.b.SimpleBrokerMessageHandler     : Stopping...
2026-05-29T22:09:36.583+01:00  INFO 747497 --- [rapp-tycoon-backend] [           main] o.s.m.s.b.SimpleBrokerMessageHandler     : BrokerAvailabilityEvent[available=false, SimpleBrokerMessageHandler [org.springframework.messaging.simp.broker.DefaultSubscriptionRegistry@46261779]]
2026-05-29T22:09:36.583+01:00  INFO 747497 --- [rapp-tycoon-backend] [           main] o.s.m.s.b.SimpleBrokerMessageHandler     : Stopped.
2026-05-29T22:09:36.585+01:00  INFO 747497 --- [rapp-tycoon-backend] [           main] j.LocalContainerEntityManagerFactoryBean : Closing JPA EntityManagerFactory for persistence unit 'default'
2026-05-29T22:09:36.588+01:00  INFO 747497 --- [rapp-tycoon-backend] [           main] com.zaxxer.hikari.HikariDataSource       : HikariPool-5 - Shutdown initiated...
2026-05-29T22:09:36.588+01:00  INFO 747497 --- [rapp-tycoon-backend] [           main] com.zaxxer.hikari.HikariDataSource       : HikariPool-5 - Shutdown completed.

  .   ____          _            __ _ _
 /\\ / ___'_ __ _ _(_)_ __  __ _ \ \ \ \
( ( )\___ | '_ | '_| | '_ \/ _` | \ \ \ \
 \\/  ___)| |_)| | | | | || (_| |  ) ) ) )
  '  |____| .__|_| |_|_| |_\__, | / / / /
 =========|_|==============|___/=/_/_/_/

 :: Spring Boot ::               (v3.5.14)

2026-05-29T22:09:36.608+01:00  INFO 747497 --- [rapp-tycoon-backend] [           main] c.r.security.SecurityIntegrationTest     : Starting SecurityIntegrationTest using Java 26.0.1 with PID 747497 (started by kevin in /home/kevin/IdeaProjects/rAppsTycoon2/backend)
2026-05-29T22:09:36.608+01:00 DEBUG 747497 --- [rapp-tycoon-backend] [           main] c.r.security.SecurityIntegrationTest     : Running with Spring Boot v3.5.14, Spring v6.2.18
2026-05-29T22:09:36.608+01:00  INFO 747497 --- [rapp-tycoon-backend] [           main] c.r.security.SecurityIntegrationTest     : The following 1 profile is active: "test"
2026-05-29T22:09:36.763+01:00  INFO 747497 --- [rapp-tycoon-backend] [           main] .s.d.r.c.RepositoryConfigurationDelegate : Bootstrapping Spring Data JPA repositories in DEFAULT mode.
2026-05-29T22:09:36.773+01:00  INFO 747497 --- [rapp-tycoon-backend] [           main] .s.d.r.c.RepositoryConfigurationDelegate : Finished Spring Data repository scanning in 8 ms. Found 6 JPA repository interfaces.
2026-05-29T22:09:36.829+01:00  INFO 747497 --- [rapp-tycoon-backend] [           main] o.hibernate.jpa.internal.util.LogHelper  : HHH000204: Processing PersistenceUnitInfo [name: default]
2026-05-29T22:09:36.830+01:00  INFO 747497 --- [rapp-tycoon-backend] [           main] o.h.c.internal.RegionFactoryInitiator    : HHH000026: Second-level cache disabled
2026-05-29T22:09:36.837+01:00  INFO 747497 --- [rapp-tycoon-backend] [           main] o.s.o.j.p.SpringPersistenceUnitInfo      : No LoadTimeWeaver setup: ignoring JPA class transformer
2026-05-29T22:09:36.838+01:00  INFO 747497 --- [rapp-tycoon-backend] [           main] com.zaxxer.hikari.HikariDataSource       : HikariPool-6 - Starting...
2026-05-29T22:09:36.839+01:00  INFO 747497 --- [rapp-tycoon-backend] [           main] com.zaxxer.hikari.pool.HikariPool        : HikariPool-6 - Added connection conn50: url=jdbc:h2:mem:testdb user=SA
2026-05-29T22:09:36.839+01:00  INFO 747497 --- [rapp-tycoon-backend] [           main] com.zaxxer.hikari.HikariDataSource       : HikariPool-6 - Start completed.
2026-05-29T22:09:36.839+01:00  WARN 747497 --- [rapp-tycoon-backend] [           main] org.hibernate.orm.deprecation            : HHH90000025: H2Dialect does not need to be specified explicitly using 'hibernate.dialect' (remove the property setting and it will be selected by default)
2026-05-29T22:09:36.840+01:00  INFO 747497 --- [rapp-tycoon-backend] [           main] org.hibernate.orm.connections.pooling    : HHH10001005: Database info:
	Database JDBC URL [Connecting through datasource 'HikariDataSource (HikariPool-6)']
	Database driver: undefined/unknown
	Database version: 2.3.232
	Autocommit mode: undefined/unknown
	Isolation level: undefined/unknown
	Minimum pool size: undefined/unknown
	Maximum pool size: undefined/unknown
2026-05-29T22:09:36.882+01:00  INFO 747497 --- [rapp-tycoon-backend] [           main] o.h.e.t.j.p.i.JtaPlatformInitiator       : HHH000489: No JTA platform available (set 'hibernate.transaction.jta.platform' to enable JTA platform integration)
2026-05-29T22:09:36.891+01:00  INFO 747497 --- [rapp-tycoon-backend] [           main] j.LocalContainerEntityManagerFactoryBean : Initialized JPA EntityManagerFactory for persistence unit 'default'
2026-05-29T22:09:37.132+01:00  INFO 747497 --- [rapp-tycoon-backend] [           main] o.s.b.t.m.w.SpringBootMockServletContext : Initializing Spring TestDispatcherServlet ''
2026-05-29T22:09:37.132+01:00  INFO 747497 --- [rapp-tycoon-backend] [           main] o.s.t.web.servlet.TestDispatcherServlet  : Initializing Servlet ''
2026-05-29T22:09:37.134+01:00  INFO 747497 --- [rapp-tycoon-backend] [           main] o.s.b.a.e.web.EndpointLinksResolver      : Exposing 1 endpoint beneath base path '/actuator'
2026-05-29T22:09:37.138+01:00  INFO 747497 --- [rapp-tycoon-backend] [           main] o.s.t.web.servlet.TestDispatcherServlet  : Completed initialization in 6 ms
2026-05-29T22:09:37.145+01:00  INFO 747497 --- [rapp-tycoon-backend] [           main] o.s.m.s.b.SimpleBrokerMessageHandler     : Starting...
2026-05-29T22:09:37.145+01:00  INFO 747497 --- [rapp-tycoon-backend] [           main] o.s.m.s.b.SimpleBrokerMessageHandler     : BrokerAvailabilityEvent[available=true, SimpleBrokerMessageHandler [org.springframework.messaging.simp.broker.DefaultSubscriptionRegistry@7ba9104f]]
2026-05-29T22:09:37.146+01:00  INFO 747497 --- [rapp-tycoon-backend] [           main] o.s.m.s.b.SimpleBrokerMessageHandler     : Started.
2026-05-29T22:09:37.149+01:00  INFO 747497 --- [rapp-tycoon-backend] [           main] c.r.security.SecurityIntegrationTest     : Started SecurityIntegrationTest in 0.558 seconds (process running for 11.383)
2026-05-29T22:09:37.153+01:00  INFO 747497 --- [rapp-tycoon-backend] [           main] com.rapptycoon.config.DataSeeder         : Seeding rApp catalogue...
2026-05-29T22:09:37.158+01:00  INFO 747497 --- [rapp-tycoon-backend] [           main] com.rapptycoon.config.DataSeeder         : Seeded 7 rApp templates
2026-05-29T22:09:37.200+01:00  INFO 747497 --- [rapp-tycoon-backend] [           main] o.s.m.s.b.SimpleBrokerMessageHandler     : Stopping...
2026-05-29T22:09:37.200+01:00  INFO 747497 --- [rapp-tycoon-backend] [           main] o.s.m.s.b.SimpleBrokerMessageHandler     : BrokerAvailabilityEvent[available=false, SimpleBrokerMessageHandler [org.springframework.messaging.simp.broker.DefaultSubscriptionRegistry@7ba9104f]]
2026-05-29T22:09:37.200+01:00  INFO 747497 --- [rapp-tycoon-backend] [           main] o.s.m.s.b.SimpleBrokerMessageHandler     : Stopped.
2026-05-29T22:09:37.201+01:00  INFO 747497 --- [rapp-tycoon-backend] [           main] j.LocalContainerEntityManagerFactoryBean : Closing JPA EntityManagerFactory for persistence unit 'default'
2026-05-29T22:09:37.202+01:00  INFO 747497 --- [rapp-tycoon-backend] [           main] com.zaxxer.hikari.HikariDataSource       : HikariPool-6 - Shutdown initiated...
2026-05-29T22:09:37.219+01:00  INFO 747497 --- [rapp-tycoon-backend] [           main] com.zaxxer.hikari.HikariDataSource       : HikariPool-6 - Shutdown completed.
[INFO] Tests run: 6, Failures: 0, Errors: 0, Skipped: 0, Time elapsed: 10.44 s -- in Input validation on request DTOs
[INFO] Running No direct score/metrics modification endpoints exist
2026-05-29T22:09:37.226+01:00  INFO 747497 --- [rapp-tycoon-backend] [           main] t.c.s.AnnotationConfigContextLoaderUtils : Could not detect default configuration classes for test class [com.rapptycoon.security.SecurityIntegrationTest$NoDirectModification]: NoDirectModification does not declare any static, non-private, non-final, nested classes annotated with @Configuration.
2026-05-29T22:09:37.230+01:00  INFO 747497 --- [rapp-tycoon-backend] [           main] .b.t.c.SpringBootTestContextBootstrapper : Found @SpringBootConfiguration com.rapptycoon.RappTycoonApplication for test class com.rapptycoon.security.SecurityIntegrationTest$NoDirectModification

  .   ____          _            __ _ _
 /\\ / ___'_ __ _ _(_)_ __  __ _ \ \ \ \
( ( )\___ | '_ | '_| | '_ \/ _` | \ \ \ \
 \\/  ___)| |_)| | | | | || (_| |  ) ) ) )
  '  |____| .__|_| |_|_| |_\__, | / / / /
 =========|_|==============|___/=/_/_/_/

 :: Spring Boot ::               (v3.5.14)

2026-05-29T22:09:37.254+01:00  INFO 747497 --- [rapp-tycoon-backend] [           main] c.r.security.SecurityIntegrationTest     : Starting SecurityIntegrationTest using Java 26.0.1 with PID 747497 (started by kevin in /home/kevin/IdeaProjects/rAppsTycoon2/backend)
2026-05-29T22:09:37.254+01:00 DEBUG 747497 --- [rapp-tycoon-backend] [           main] c.r.security.SecurityIntegrationTest     : Running with Spring Boot v3.5.14, Spring v6.2.18
2026-05-29T22:09:37.255+01:00  INFO 747497 --- [rapp-tycoon-backend] [           main] c.r.security.SecurityIntegrationTest     : The following 1 profile is active: "test"
2026-05-29T22:09:37.408+01:00  INFO 747497 --- [rapp-tycoon-backend] [           main] .s.d.r.c.RepositoryConfigurationDelegate : Bootstrapping Spring Data JPA repositories in DEFAULT mode.
2026-05-29T22:09:37.431+01:00  INFO 747497 --- [rapp-tycoon-backend] [           main] .s.d.r.c.RepositoryConfigurationDelegate : Finished Spring Data repository scanning in 22 ms. Found 6 JPA repository interfaces.
2026-05-29T22:09:37.474+01:00  INFO 747497 --- [rapp-tycoon-backend] [           main] o.hibernate.jpa.internal.util.LogHelper  : HHH000204: Processing PersistenceUnitInfo [name: default]
2026-05-29T22:09:37.475+01:00  INFO 747497 --- [rapp-tycoon-backend] [           main] o.h.c.internal.RegionFactoryInitiator    : HHH000026: Second-level cache disabled
2026-05-29T22:09:37.479+01:00  INFO 747497 --- [rapp-tycoon-backend] [           main] o.s.o.j.p.SpringPersistenceUnitInfo      : No LoadTimeWeaver setup: ignoring JPA class transformer
2026-05-29T22:09:37.480+01:00  INFO 747497 --- [rapp-tycoon-backend] [           main] com.zaxxer.hikari.HikariDataSource       : HikariPool-7 - Starting...
2026-05-29T22:09:37.481+01:00  INFO 747497 --- [rapp-tycoon-backend] [           main] com.zaxxer.hikari.pool.HikariPool        : HikariPool-7 - Added connection conn60: url=jdbc:h2:mem:testdb user=SA
2026-05-29T22:09:37.481+01:00  INFO 747497 --- [rapp-tycoon-backend] [           main] com.zaxxer.hikari.HikariDataSource       : HikariPool-7 - Start completed.
2026-05-29T22:09:37.481+01:00  WARN 747497 --- [rapp-tycoon-backend] [           main] org.hibernate.orm.deprecation            : HHH90000025: H2Dialect does not need to be specified explicitly using 'hibernate.dialect' (remove the property setting and it will be selected by default)
2026-05-29T22:09:37.481+01:00  INFO 747497 --- [rapp-tycoon-backend] [           main] org.hibernate.orm.connections.pooling    : HHH10001005: Database info:
	Database JDBC URL [Connecting through datasource 'HikariDataSource (HikariPool-7)']
	Database driver: undefined/unknown
	Database version: 2.3.232
	Autocommit mode: undefined/unknown
	Isolation level: undefined/unknown
	Minimum pool size: undefined/unknown
	Maximum pool size: undefined/unknown
2026-05-29T22:09:37.519+01:00  INFO 747497 --- [rapp-tycoon-backend] [           main] o.h.e.t.j.p.i.JtaPlatformInitiator       : HHH000489: No JTA platform available (set 'hibernate.transaction.jta.platform' to enable JTA platform integration)
2026-05-29T22:09:37.526+01:00  INFO 747497 --- [rapp-tycoon-backend] [           main] j.LocalContainerEntityManagerFactoryBean : Initialized JPA EntityManagerFactory for persistence unit 'default'
2026-05-29T22:09:37.716+01:00  INFO 747497 --- [rapp-tycoon-backend] [           main] o.s.b.t.m.w.SpringBootMockServletContext : Initializing Spring TestDispatcherServlet ''
2026-05-29T22:09:37.716+01:00  INFO 747497 --- [rapp-tycoon-backend] [           main] o.s.t.web.servlet.TestDispatcherServlet  : Initializing Servlet ''
2026-05-29T22:09:37.717+01:00  INFO 747497 --- [rapp-tycoon-backend] [           main] o.s.b.a.e.web.EndpointLinksResolver      : Exposing 1 endpoint beneath base path '/actuator'
2026-05-29T22:09:37.721+01:00  INFO 747497 --- [rapp-tycoon-backend] [           main] o.s.t.web.servlet.TestDispatcherServlet  : Completed initialization in 5 ms
2026-05-29T22:09:37.727+01:00  INFO 747497 --- [rapp-tycoon-backend] [           main] o.s.m.s.b.SimpleBrokerMessageHandler     : Starting...
2026-05-29T22:09:37.727+01:00  INFO 747497 --- [rapp-tycoon-backend] [           main] o.s.m.s.b.SimpleBrokerMessageHandler     : BrokerAvailabilityEvent[available=true, SimpleBrokerMessageHandler [org.springframework.messaging.simp.broker.DefaultSubscriptionRegistry@1caa1ee3]]
2026-05-29T22:09:37.727+01:00  INFO 747497 --- [rapp-tycoon-backend] [           main] o.s.m.s.b.SimpleBrokerMessageHandler     : Started.
2026-05-29T22:09:37.730+01:00  INFO 747497 --- [rapp-tycoon-backend] [           main] c.r.security.SecurityIntegrationTest     : Started SecurityIntegrationTest in 0.497 seconds (process running for 11.964)
2026-05-29T22:09:37.734+01:00  INFO 747497 --- [rapp-tycoon-backend] [           main] com.rapptycoon.config.DataSeeder         : Seeding rApp catalogue...
2026-05-29T22:09:37.742+01:00  INFO 747497 --- [rapp-tycoon-backend] [           main] com.rapptycoon.config.DataSeeder         : Seeded 7 rApp templates
2026-05-29T22:09:37.786+01:00  INFO 747497 --- [rapp-tycoon-backend] [           main] o.s.m.s.b.SimpleBrokerMessageHandler     : Stopping...
2026-05-29T22:09:37.786+01:00  INFO 747497 --- [rapp-tycoon-backend] [           main] o.s.m.s.b.SimpleBrokerMessageHandler     : BrokerAvailabilityEvent[available=false, SimpleBrokerMessageHandler [org.springframework.messaging.simp.broker.DefaultSubscriptionRegistry@1caa1ee3]]
2026-05-29T22:09:37.786+01:00  INFO 747497 --- [rapp-tycoon-backend] [           main] o.s.m.s.b.SimpleBrokerMessageHandler     : Stopped.
2026-05-29T22:09:37.787+01:00  INFO 747497 --- [rapp-tycoon-backend] [           main] j.LocalContainerEntityManagerFactoryBean : Closing JPA EntityManagerFactory for persistence unit 'default'
2026-05-29T22:09:37.789+01:00  INFO 747497 --- [rapp-tycoon-backend] [           main] com.zaxxer.hikari.HikariDataSource       : HikariPool-7 - Shutdown initiated...
2026-05-29T22:09:37.797+01:00  INFO 747497 --- [rapp-tycoon-backend] [           main] com.zaxxer.hikari.HikariDataSource       : HikariPool-7 - Shutdown completed.

  .   ____          _            __ _ _
 /\\ / ___'_ __ _ _(_)_ __  __ _ \ \ \ \
( ( )\___ | '_ | '_| | '_ \/ _` | \ \ \ \
 \\/  ___)| |_)| | | | | || (_| |  ) ) ) )
  '  |____| .__|_| |_|_| |_\__, | / / / /
 =========|_|==============|___/=/_/_/_/

 :: Spring Boot ::               (v3.5.14)

2026-05-29T22:09:37.813+01:00  INFO 747497 --- [rapp-tycoon-backend] [           main] c.r.security.SecurityIntegrationTest     : Starting SecurityIntegrationTest using Java 26.0.1 with PID 747497 (started by kevin in /home/kevin/IdeaProjects/rAppsTycoon2/backend)
2026-05-29T22:09:37.813+01:00 DEBUG 747497 --- [rapp-tycoon-backend] [           main] c.r.security.SecurityIntegrationTest     : Running with Spring Boot v3.5.14, Spring v6.2.18
2026-05-29T22:09:37.813+01:00  INFO 747497 --- [rapp-tycoon-backend] [           main] c.r.security.SecurityIntegrationTest     : The following 1 profile is active: "test"
2026-05-29T22:09:37.927+01:00  INFO 747497 --- [rapp-tycoon-backend] [           main] .s.d.r.c.RepositoryConfigurationDelegate : Bootstrapping Spring Data JPA repositories in DEFAULT mode.
2026-05-29T22:09:37.936+01:00  INFO 747497 --- [rapp-tycoon-backend] [           main] .s.d.r.c.RepositoryConfigurationDelegate : Finished Spring Data repository scanning in 8 ms. Found 6 JPA repository interfaces.
2026-05-29T22:09:37.985+01:00  INFO 747497 --- [rapp-tycoon-backend] [           main] o.hibernate.jpa.internal.util.LogHelper  : HHH000204: Processing PersistenceUnitInfo [name: default]
2026-05-29T22:09:37.986+01:00  INFO 747497 --- [rapp-tycoon-backend] [           main] o.h.c.internal.RegionFactoryInitiator    : HHH000026: Second-level cache disabled
2026-05-29T22:09:37.991+01:00  INFO 747497 --- [rapp-tycoon-backend] [           main] o.s.o.j.p.SpringPersistenceUnitInfo      : No LoadTimeWeaver setup: ignoring JPA class transformer
2026-05-29T22:09:37.992+01:00  INFO 747497 --- [rapp-tycoon-backend] [           main] com.zaxxer.hikari.HikariDataSource       : HikariPool-8 - Starting...
2026-05-29T22:09:37.993+01:00  INFO 747497 --- [rapp-tycoon-backend] [           main] com.zaxxer.hikari.pool.HikariPool        : HikariPool-8 - Added connection conn68: url=jdbc:h2:mem:testdb user=SA
2026-05-29T22:09:37.994+01:00  INFO 747497 --- [rapp-tycoon-backend] [           main] com.zaxxer.hikari.HikariDataSource       : HikariPool-8 - Start completed.
2026-05-29T22:09:37.994+01:00  WARN 747497 --- [rapp-tycoon-backend] [           main] org.hibernate.orm.deprecation            : HHH90000025: H2Dialect does not need to be specified explicitly using 'hibernate.dialect' (remove the property setting and it will be selected by default)
2026-05-29T22:09:37.994+01:00  INFO 747497 --- [rapp-tycoon-backend] [           main] org.hibernate.orm.connections.pooling    : HHH10001005: Database info:
	Database JDBC URL [Connecting through datasource 'HikariDataSource (HikariPool-8)']
	Database driver: undefined/unknown
	Database version: 2.3.232
	Autocommit mode: undefined/unknown
	Isolation level: undefined/unknown
	Minimum pool size: undefined/unknown
	Maximum pool size: undefined/unknown
2026-05-29T22:09:38.034+01:00  INFO 747497 --- [rapp-tycoon-backend] [           main] o.h.e.t.j.p.i.JtaPlatformInitiator       : HHH000489: No JTA platform available (set 'hibernate.transaction.jta.platform' to enable JTA platform integration)
2026-05-29T22:09:38.041+01:00  INFO 747497 --- [rapp-tycoon-backend] [           main] j.LocalContainerEntityManagerFactoryBean : Initialized JPA EntityManagerFactory for persistence unit 'default'
2026-05-29T22:09:38.259+01:00  INFO 747497 --- [rapp-tycoon-backend] [           main] o.s.b.t.m.w.SpringBootMockServletContext : Initializing Spring TestDispatcherServlet ''
2026-05-29T22:09:38.260+01:00  INFO 747497 --- [rapp-tycoon-backend] [           main] o.s.t.web.servlet.TestDispatcherServlet  : Initializing Servlet ''
2026-05-29T22:09:38.262+01:00  INFO 747497 --- [rapp-tycoon-backend] [           main] o.s.b.a.e.web.EndpointLinksResolver      : Exposing 1 endpoint beneath base path '/actuator'
2026-05-29T22:09:38.267+01:00  INFO 747497 --- [rapp-tycoon-backend] [           main] o.s.t.web.servlet.TestDispatcherServlet  : Completed initialization in 7 ms
2026-05-29T22:09:38.277+01:00  INFO 747497 --- [rapp-tycoon-backend] [           main] o.s.m.s.b.SimpleBrokerMessageHandler     : Starting...
2026-05-29T22:09:38.277+01:00  INFO 747497 --- [rapp-tycoon-backend] [           main] o.s.m.s.b.SimpleBrokerMessageHandler     : BrokerAvailabilityEvent[available=true, SimpleBrokerMessageHandler [org.springframework.messaging.simp.broker.DefaultSubscriptionRegistry@7c8c5798]]
2026-05-29T22:09:38.277+01:00  INFO 747497 --- [rapp-tycoon-backend] [           main] o.s.m.s.b.SimpleBrokerMessageHandler     : Started.
2026-05-29T22:09:38.282+01:00  INFO 747497 --- [rapp-tycoon-backend] [           main] c.r.security.SecurityIntegrationTest     : Started SecurityIntegrationTest in 0.482 seconds (process running for 12.516)
2026-05-29T22:09:38.287+01:00  INFO 747497 --- [rapp-tycoon-backend] [           main] com.rapptycoon.config.DataSeeder         : Seeding rApp catalogue...
2026-05-29T22:09:38.295+01:00  INFO 747497 --- [rapp-tycoon-backend] [           main] com.rapptycoon.config.DataSeeder         : Seeded 7 rApp templates
2026-05-29T22:09:38.343+01:00  INFO 747497 --- [rapp-tycoon-backend] [           main] o.s.m.s.b.SimpleBrokerMessageHandler     : Stopping...
2026-05-29T22:09:38.343+01:00  INFO 747497 --- [rapp-tycoon-backend] [           main] o.s.m.s.b.SimpleBrokerMessageHandler     : BrokerAvailabilityEvent[available=false, SimpleBrokerMessageHandler [org.springframework.messaging.simp.broker.DefaultSubscriptionRegistry@7c8c5798]]
2026-05-29T22:09:38.343+01:00  INFO 747497 --- [rapp-tycoon-backend] [           main] o.s.m.s.b.SimpleBrokerMessageHandler     : Stopped.
2026-05-29T22:09:38.344+01:00  INFO 747497 --- [rapp-tycoon-backend] [           main] j.LocalContainerEntityManagerFactoryBean : Closing JPA EntityManagerFactory for persistence unit 'default'
2026-05-29T22:09:38.346+01:00  INFO 747497 --- [rapp-tycoon-backend] [           main] com.zaxxer.hikari.HikariDataSource       : HikariPool-8 - Shutdown initiated...
2026-05-29T22:09:38.372+01:00  INFO 747497 --- [rapp-tycoon-backend] [           main] com.zaxxer.hikari.HikariDataSource       : HikariPool-8 - Shutdown completed.

  .   ____          _            __ _ _
 /\\ / ___'_ __ _ _(_)_ __  __ _ \ \ \ \
( ( )\___ | '_ | '_| | '_ \/ _` | \ \ \ \
 \\/  ___)| |_)| | | | | || (_| |  ) ) ) )
  '  |____| .__|_| |_|_| |_\__, | / / / /
 =========|_|==============|___/=/_/_/_/

 :: Spring Boot ::               (v3.5.14)

2026-05-29T22:09:38.391+01:00  INFO 747497 --- [rapp-tycoon-backend] [           main] c.r.security.SecurityIntegrationTest     : Starting SecurityIntegrationTest using Java 26.0.1 with PID 747497 (started by kevin in /home/kevin/IdeaProjects/rAppsTycoon2/backend)
2026-05-29T22:09:38.391+01:00 DEBUG 747497 --- [rapp-tycoon-backend] [           main] c.r.security.SecurityIntegrationTest     : Running with Spring Boot v3.5.14, Spring v6.2.18
2026-05-29T22:09:38.391+01:00  INFO 747497 --- [rapp-tycoon-backend] [           main] c.r.security.SecurityIntegrationTest     : The following 1 profile is active: "test"
2026-05-29T22:09:38.526+01:00  INFO 747497 --- [rapp-tycoon-backend] [           main] .s.d.r.c.RepositoryConfigurationDelegate : Bootstrapping Spring Data JPA repositories in DEFAULT mode.
2026-05-29T22:09:38.535+01:00  INFO 747497 --- [rapp-tycoon-backend] [           main] .s.d.r.c.RepositoryConfigurationDelegate : Finished Spring Data repository scanning in 7 ms. Found 6 JPA repository interfaces.
2026-05-29T22:09:38.584+01:00  INFO 747497 --- [rapp-tycoon-backend] [           main] o.hibernate.jpa.internal.util.LogHelper  : HHH000204: Processing PersistenceUnitInfo [name: default]
2026-05-29T22:09:38.585+01:00  INFO 747497 --- [rapp-tycoon-backend] [           main] o.h.c.internal.RegionFactoryInitiator    : HHH000026: Second-level cache disabled
2026-05-29T22:09:38.590+01:00  INFO 747497 --- [rapp-tycoon-backend] [           main] o.s.o.j.p.SpringPersistenceUnitInfo      : No LoadTimeWeaver setup: ignoring JPA class transformer
2026-05-29T22:09:38.591+01:00  INFO 747497 --- [rapp-tycoon-backend] [           main] com.zaxxer.hikari.HikariDataSource       : HikariPool-9 - Starting...
2026-05-29T22:09:38.592+01:00  INFO 747497 --- [rapp-tycoon-backend] [           main] com.zaxxer.hikari.pool.HikariPool        : HikariPool-9 - Added connection conn78: url=jdbc:h2:mem:testdb user=SA
2026-05-29T22:09:38.592+01:00  INFO 747497 --- [rapp-tycoon-backend] [           main] com.zaxxer.hikari.HikariDataSource       : HikariPool-9 - Start completed.
2026-05-29T22:09:38.593+01:00  WARN 747497 --- [rapp-tycoon-backend] [           main] org.hibernate.orm.deprecation            : HHH90000025: H2Dialect does not need to be specified explicitly using 'hibernate.dialect' (remove the property setting and it will be selected by default)
2026-05-29T22:09:38.593+01:00  INFO 747497 --- [rapp-tycoon-backend] [           main] org.hibernate.orm.connections.pooling    : HHH10001005: Database info:
	Database JDBC URL [Connecting through datasource 'HikariDataSource (HikariPool-9)']
	Database driver: undefined/unknown
	Database version: 2.3.232
	Autocommit mode: undefined/unknown
	Isolation level: undefined/unknown
	Minimum pool size: undefined/unknown
	Maximum pool size: undefined/unknown
2026-05-29T22:09:38.636+01:00  INFO 747497 --- [rapp-tycoon-backend] [           main] o.h.e.t.j.p.i.JtaPlatformInitiator       : HHH000489: No JTA platform available (set 'hibernate.transaction.jta.platform' to enable JTA platform integration)
2026-05-29T22:09:38.642+01:00  INFO 747497 --- [rapp-tycoon-backend] [           main] j.LocalContainerEntityManagerFactoryBean : Initialized JPA EntityManagerFactory for persistence unit 'default'
2026-05-29T22:09:38.829+01:00  INFO 747497 --- [rapp-tycoon-backend] [           main] o.s.b.t.m.w.SpringBootMockServletContext : Initializing Spring TestDispatcherServlet ''
2026-05-29T22:09:38.829+01:00  INFO 747497 --- [rapp-tycoon-backend] [           main] o.s.t.web.servlet.TestDispatcherServlet  : Initializing Servlet ''
2026-05-29T22:09:38.831+01:00  INFO 747497 --- [rapp-tycoon-backend] [           main] o.s.b.a.e.web.EndpointLinksResolver      : Exposing 1 endpoint beneath base path '/actuator'
2026-05-29T22:09:38.834+01:00  INFO 747497 --- [rapp-tycoon-backend] [           main] o.s.t.web.servlet.TestDispatcherServlet  : Completed initialization in 5 ms
2026-05-29T22:09:38.840+01:00  INFO 747497 --- [rapp-tycoon-backend] [           main] o.s.m.s.b.SimpleBrokerMessageHandler     : Starting...
2026-05-29T22:09:38.841+01:00  INFO 747497 --- [rapp-tycoon-backend] [           main] o.s.m.s.b.SimpleBrokerMessageHandler     : BrokerAvailabilityEvent[available=true, SimpleBrokerMessageHandler [org.springframework.messaging.simp.broker.DefaultSubscriptionRegistry@32160935]]
2026-05-29T22:09:38.841+01:00  INFO 747497 --- [rapp-tycoon-backend] [           main] o.s.m.s.b.SimpleBrokerMessageHandler     : Started.
2026-05-29T22:09:38.844+01:00  INFO 747497 --- [rapp-tycoon-backend] [           main] c.r.security.SecurityIntegrationTest     : Started SecurityIntegrationTest in 0.469 seconds (process running for 13.078)
2026-05-29T22:09:38.848+01:00  INFO 747497 --- [rapp-tycoon-backend] [           main] com.rapptycoon.config.DataSeeder         : Seeding rApp catalogue...
2026-05-29T22:09:38.854+01:00  INFO 747497 --- [rapp-tycoon-backend] [           main] com.rapptycoon.config.DataSeeder         : Seeded 7 rApp templates
2026-05-29T22:09:38.896+01:00  INFO 747497 --- [rapp-tycoon-backend] [           main] o.s.m.s.b.SimpleBrokerMessageHandler     : Stopping...
2026-05-29T22:09:38.896+01:00  INFO 747497 --- [rapp-tycoon-backend] [           main] o.s.m.s.b.SimpleBrokerMessageHandler     : BrokerAvailabilityEvent[available=false, SimpleBrokerMessageHandler [org.springframework.messaging.simp.broker.DefaultSubscriptionRegistry@32160935]]
2026-05-29T22:09:38.896+01:00  INFO 747497 --- [rapp-tycoon-backend] [           main] o.s.m.s.b.SimpleBrokerMessageHandler     : Stopped.
2026-05-29T22:09:38.897+01:00  INFO 747497 --- [rapp-tycoon-backend] [           main] j.LocalContainerEntityManagerFactoryBean : Closing JPA EntityManagerFactory for persistence unit 'default'
2026-05-29T22:09:38.898+01:00  INFO 747497 --- [rapp-tycoon-backend] [           main] com.zaxxer.hikari.HikariDataSource       : HikariPool-9 - Shutdown initiated...
2026-05-29T22:09:38.909+01:00  INFO 747497 --- [rapp-tycoon-backend] [           main] com.zaxxer.hikari.HikariDataSource       : HikariPool-9 - Shutdown completed.
[INFO] Tests run: 3, Failures: 0, Errors: 0, Skipped: 0, Time elapsed: 1.686 s -- in No direct score/metrics modification endpoints exist
[INFO] Running Valid token access succeeds
2026-05-29T22:09:38.913+01:00  INFO 747497 --- [rapp-tycoon-backend] [           main] t.c.s.AnnotationConfigContextLoaderUtils : Could not detect default configuration classes for test class [com.rapptycoon.security.SecurityIntegrationTest$ValidTokenAccess]: ValidTokenAccess does not declare any static, non-private, non-final, nested classes annotated with @Configuration.
2026-05-29T22:09:38.915+01:00  INFO 747497 --- [rapp-tycoon-backend] [           main] .b.t.c.SpringBootTestContextBootstrapper : Found @SpringBootConfiguration com.rapptycoon.RappTycoonApplication for test class com.rapptycoon.security.SecurityIntegrationTest$ValidTokenAccess

  .   ____          _            __ _ _
 /\\ / ___'_ __ _ _(_)_ __  __ _ \ \ \ \
( ( )\___ | '_ | '_| | '_ \/ _` | \ \ \ \
 \\/  ___)| |_)| | | | | || (_| |  ) ) ) )
  '  |____| .__|_| |_|_| |_\__, | / / / /
 =========|_|==============|___/=/_/_/_/

 :: Spring Boot ::               (v3.5.14)

2026-05-29T22:09:38.938+01:00  INFO 747497 --- [rapp-tycoon-backend] [           main] c.r.security.SecurityIntegrationTest     : Starting SecurityIntegrationTest using Java 26.0.1 with PID 747497 (started by kevin in /home/kevin/IdeaProjects/rAppsTycoon2/backend)
2026-05-29T22:09:38.938+01:00 DEBUG 747497 --- [rapp-tycoon-backend] [           main] c.r.security.SecurityIntegrationTest     : Running with Spring Boot v3.5.14, Spring v6.2.18
2026-05-29T22:09:38.938+01:00  INFO 747497 --- [rapp-tycoon-backend] [           main] c.r.security.SecurityIntegrationTest     : The following 1 profile is active: "test"
2026-05-29T22:09:39.050+01:00  INFO 747497 --- [rapp-tycoon-backend] [           main] .s.d.r.c.RepositoryConfigurationDelegate : Bootstrapping Spring Data JPA repositories in DEFAULT mode.
2026-05-29T22:09:39.059+01:00  INFO 747497 --- [rapp-tycoon-backend] [           main] .s.d.r.c.RepositoryConfigurationDelegate : Finished Spring Data repository scanning in 7 ms. Found 6 JPA repository interfaces.
2026-05-29T22:09:39.104+01:00  INFO 747497 --- [rapp-tycoon-backend] [           main] o.hibernate.jpa.internal.util.LogHelper  : HHH000204: Processing PersistenceUnitInfo [name: default]
2026-05-29T22:09:39.105+01:00  INFO 747497 --- [rapp-tycoon-backend] [           main] o.h.c.internal.RegionFactoryInitiator    : HHH000026: Second-level cache disabled
2026-05-29T22:09:39.109+01:00  INFO 747497 --- [rapp-tycoon-backend] [           main] o.s.o.j.p.SpringPersistenceUnitInfo      : No LoadTimeWeaver setup: ignoring JPA class transformer
2026-05-29T22:09:39.110+01:00  INFO 747497 --- [rapp-tycoon-backend] [           main] com.zaxxer.hikari.HikariDataSource       : HikariPool-10 - Starting...
2026-05-29T22:09:39.111+01:00  INFO 747497 --- [rapp-tycoon-backend] [           main] com.zaxxer.hikari.pool.HikariPool        : HikariPool-10 - Added connection conn86: url=jdbc:h2:mem:testdb user=SA
2026-05-29T22:09:39.111+01:00  INFO 747497 --- [rapp-tycoon-backend] [           main] com.zaxxer.hikari.HikariDataSource       : HikariPool-10 - Start completed.
2026-05-29T22:09:39.112+01:00  WARN 747497 --- [rapp-tycoon-backend] [           main] org.hibernate.orm.deprecation            : HHH90000025: H2Dialect does not need to be specified explicitly using 'hibernate.dialect' (remove the property setting and it will be selected by default)
2026-05-29T22:09:39.112+01:00  INFO 747497 --- [rapp-tycoon-backend] [           main] org.hibernate.orm.connections.pooling    : HHH10001005: Database info:
	Database JDBC URL [Connecting through datasource 'HikariDataSource (HikariPool-10)']
	Database driver: undefined/unknown
	Database version: 2.3.232
	Autocommit mode: undefined/unknown
	Isolation level: undefined/unknown
	Minimum pool size: undefined/unknown
	Maximum pool size: undefined/unknown
2026-05-29T22:09:39.152+01:00  INFO 747497 --- [rapp-tycoon-backend] [           main] o.h.e.t.j.p.i.JtaPlatformInitiator       : HHH000489: No JTA platform available (set 'hibernate.transaction.jta.platform' to enable JTA platform integration)
2026-05-29T22:09:39.158+01:00  INFO 747497 --- [rapp-tycoon-backend] [           main] j.LocalContainerEntityManagerFactoryBean : Initialized JPA EntityManagerFactory for persistence unit 'default'
2026-05-29T22:09:39.353+01:00  INFO 747497 --- [rapp-tycoon-backend] [           main] o.s.b.t.m.w.SpringBootMockServletContext : Initializing Spring TestDispatcherServlet ''
2026-05-29T22:09:39.353+01:00  INFO 747497 --- [rapp-tycoon-backend] [           main] o.s.t.web.servlet.TestDispatcherServlet  : Initializing Servlet ''
2026-05-29T22:09:39.354+01:00  INFO 747497 --- [rapp-tycoon-backend] [           main] o.s.b.a.e.web.EndpointLinksResolver      : Exposing 1 endpoint beneath base path '/actuator'
2026-05-29T22:09:39.357+01:00  INFO 747497 --- [rapp-tycoon-backend] [           main] o.s.t.web.servlet.TestDispatcherServlet  : Completed initialization in 4 ms
2026-05-29T22:09:39.364+01:00  INFO 747497 --- [rapp-tycoon-backend] [           main] o.s.m.s.b.SimpleBrokerMessageHandler     : Starting...
2026-05-29T22:09:39.364+01:00  INFO 747497 --- [rapp-tycoon-backend] [           main] o.s.m.s.b.SimpleBrokerMessageHandler     : BrokerAvailabilityEvent[available=true, SimpleBrokerMessageHandler [org.springframework.messaging.simp.broker.DefaultSubscriptionRegistry@7d90349a]]
2026-05-29T22:09:39.364+01:00  INFO 747497 --- [rapp-tycoon-backend] [           main] o.s.m.s.b.SimpleBrokerMessageHandler     : Started.
2026-05-29T22:09:39.368+01:00  INFO 747497 --- [rapp-tycoon-backend] [           main] c.r.security.SecurityIntegrationTest     : Started SecurityIntegrationTest in 0.449 seconds (process running for 13.602)
2026-05-29T22:09:39.372+01:00  INFO 747497 --- [rapp-tycoon-backend] [           main] com.rapptycoon.config.DataSeeder         : Seeding rApp catalogue...
2026-05-29T22:09:39.377+01:00  INFO 747497 --- [rapp-tycoon-backend] [           main] com.rapptycoon.config.DataSeeder         : Seeded 7 rApp templates
2026-05-29T22:09:39.421+01:00  INFO 747497 --- [rapp-tycoon-backend] [           main] o.s.m.s.b.SimpleBrokerMessageHandler     : Stopping...
2026-05-29T22:09:39.422+01:00  INFO 747497 --- [rapp-tycoon-backend] [           main] o.s.m.s.b.SimpleBrokerMessageHandler     : BrokerAvailabilityEvent[available=false, SimpleBrokerMessageHandler [org.springframework.messaging.simp.broker.DefaultSubscriptionRegistry@7d90349a]]
2026-05-29T22:09:39.422+01:00  INFO 747497 --- [rapp-tycoon-backend] [           main] o.s.m.s.b.SimpleBrokerMessageHandler     : Stopped.
2026-05-29T22:09:39.422+01:00  INFO 747497 --- [rapp-tycoon-backend] [           main] j.LocalContainerEntityManagerFactoryBean : Closing JPA EntityManagerFactory for persistence unit 'default'
2026-05-29T22:09:39.424+01:00  INFO 747497 --- [rapp-tycoon-backend] [           main] com.zaxxer.hikari.HikariDataSource       : HikariPool-10 - Shutdown initiated...
2026-05-29T22:09:39.428+01:00  INFO 747497 --- [rapp-tycoon-backend] [           main] com.zaxxer.hikari.HikariDataSource       : HikariPool-10 - Shutdown completed.

  .   ____          _            __ _ _
 /\\ / ___'_ __ _ _(_)_ __  __ _ \ \ \ \
( ( )\___ | '_ | '_| | '_ \/ _` | \ \ \ \
 \\/  ___)| |_)| | | | | || (_| |  ) ) ) )
  '  |____| .__|_| |_|_| |_\__, | / / / /
 =========|_|==============|___/=/_/_/_/

 :: Spring Boot ::               (v3.5.14)

2026-05-29T22:09:39.444+01:00  INFO 747497 --- [rapp-tycoon-backend] [           main] c.r.security.SecurityIntegrationTest     : Starting SecurityIntegrationTest using Java 26.0.1 with PID 747497 (started by kevin in /home/kevin/IdeaProjects/rAppsTycoon2/backend)
2026-05-29T22:09:39.444+01:00 DEBUG 747497 --- [rapp-tycoon-backend] [           main] c.r.security.SecurityIntegrationTest     : Running with Spring Boot v3.5.14, Spring v6.2.18
2026-05-29T22:09:39.444+01:00  INFO 747497 --- [rapp-tycoon-backend] [           main] c.r.security.SecurityIntegrationTest     : The following 1 profile is active: "test"
2026-05-29T22:09:39.567+01:00  INFO 747497 --- [rapp-tycoon-backend] [           main] .s.d.r.c.RepositoryConfigurationDelegate : Bootstrapping Spring Data JPA repositories in DEFAULT mode.
2026-05-29T22:09:39.574+01:00  INFO 747497 --- [rapp-tycoon-backend] [           main] .s.d.r.c.RepositoryConfigurationDelegate : Finished Spring Data repository scanning in 6 ms. Found 6 JPA repository interfaces.
2026-05-29T22:09:39.612+01:00  INFO 747497 --- [rapp-tycoon-backend] [           main] o.hibernate.jpa.internal.util.LogHelper  : HHH000204: Processing PersistenceUnitInfo [name: default]
2026-05-29T22:09:39.613+01:00  INFO 747497 --- [rapp-tycoon-backend] [           main] o.h.c.internal.RegionFactoryInitiator    : HHH000026: Second-level cache disabled
2026-05-29T22:09:39.618+01:00  INFO 747497 --- [rapp-tycoon-backend] [           main] o.s.o.j.p.SpringPersistenceUnitInfo      : No LoadTimeWeaver setup: ignoring JPA class transformer
2026-05-29T22:09:39.618+01:00  INFO 747497 --- [rapp-tycoon-backend] [           main] com.zaxxer.hikari.HikariDataSource       : HikariPool-11 - Starting...
2026-05-29T22:09:39.619+01:00  INFO 747497 --- [rapp-tycoon-backend] [           main] com.zaxxer.hikari.pool.HikariPool        : HikariPool-11 - Added connection conn94: url=jdbc:h2:mem:testdb user=SA
2026-05-29T22:09:39.620+01:00  INFO 747497 --- [rapp-tycoon-backend] [           main] com.zaxxer.hikari.HikariDataSource       : HikariPool-11 - Start completed.
2026-05-29T22:09:39.620+01:00  WARN 747497 --- [rapp-tycoon-backend] [           main] org.hibernate.orm.deprecation            : HHH90000025: H2Dialect does not need to be specified explicitly using 'hibernate.dialect' (remove the property setting and it will be selected by default)
2026-05-29T22:09:39.620+01:00  INFO 747497 --- [rapp-tycoon-backend] [           main] org.hibernate.orm.connections.pooling    : HHH10001005: Database info:
	Database JDBC URL [Connecting through datasource 'HikariDataSource (HikariPool-11)']
	Database driver: undefined/unknown
	Database version: 2.3.232
	Autocommit mode: undefined/unknown
	Isolation level: undefined/unknown
	Minimum pool size: undefined/unknown
	Maximum pool size: undefined/unknown
2026-05-29T22:09:39.666+01:00  INFO 747497 --- [rapp-tycoon-backend] [           main] o.h.e.t.j.p.i.JtaPlatformInitiator       : HHH000489: No JTA platform available (set 'hibernate.transaction.jta.platform' to enable JTA platform integration)
2026-05-29T22:09:39.673+01:00  INFO 747497 --- [rapp-tycoon-backend] [           main] j.LocalContainerEntityManagerFactoryBean : Initialized JPA EntityManagerFactory for persistence unit 'default'
2026-05-29T22:09:39.846+01:00  INFO 747497 --- [rapp-tycoon-backend] [           main] o.s.b.t.m.w.SpringBootMockServletContext : Initializing Spring TestDispatcherServlet ''
2026-05-29T22:09:39.846+01:00  INFO 747497 --- [rapp-tycoon-backend] [           main] o.s.t.web.servlet.TestDispatcherServlet  : Initializing Servlet ''
2026-05-29T22:09:39.848+01:00  INFO 747497 --- [rapp-tycoon-backend] [           main] o.s.b.a.e.web.EndpointLinksResolver      : Exposing 1 endpoint beneath base path '/actuator'
2026-05-29T22:09:39.852+01:00  INFO 747497 --- [rapp-tycoon-backend] [           main] o.s.t.web.servlet.TestDispatcherServlet  : Completed initialization in 6 ms
2026-05-29T22:09:39.859+01:00  INFO 747497 --- [rapp-tycoon-backend] [           main] o.s.m.s.b.SimpleBrokerMessageHandler     : Starting...
2026-05-29T22:09:39.859+01:00  INFO 747497 --- [rapp-tycoon-backend] [           main] o.s.m.s.b.SimpleBrokerMessageHandler     : BrokerAvailabilityEvent[available=true, SimpleBrokerMessageHandler [org.springframework.messaging.simp.broker.DefaultSubscriptionRegistry@4649573b]]
2026-05-29T22:09:39.859+01:00  INFO 747497 --- [rapp-tycoon-backend] [           main] o.s.m.s.b.SimpleBrokerMessageHandler     : Started.
2026-05-29T22:09:39.863+01:00  INFO 747497 --- [rapp-tycoon-backend] [           main] c.r.security.SecurityIntegrationTest     : Started SecurityIntegrationTest in 0.432 seconds (process running for 14.097)
2026-05-29T22:09:39.867+01:00  INFO 747497 --- [rapp-tycoon-backend] [           main] com.rapptycoon.config.DataSeeder         : Seeding rApp catalogue...
2026-05-29T22:09:39.873+01:00  INFO 747497 --- [rapp-tycoon-backend] [           main] com.rapptycoon.config.DataSeeder         : Seeded 7 rApp templates
2026-05-29T22:09:39.932+01:00  INFO 747497 --- [rapp-tycoon-backend] [           main] o.s.m.s.b.SimpleBrokerMessageHandler     : Stopping...
2026-05-29T22:09:39.932+01:00  INFO 747497 --- [rapp-tycoon-backend] [           main] o.s.m.s.b.SimpleBrokerMessageHandler     : BrokerAvailabilityEvent[available=false, SimpleBrokerMessageHandler [org.springframework.messaging.simp.broker.DefaultSubscriptionRegistry@4649573b]]
2026-05-29T22:09:39.933+01:00  INFO 747497 --- [rapp-tycoon-backend] [           main] o.s.m.s.b.SimpleBrokerMessageHandler     : Stopped.
2026-05-29T22:09:39.933+01:00  INFO 747497 --- [rapp-tycoon-backend] [           main] j.LocalContainerEntityManagerFactoryBean : Closing JPA EntityManagerFactory for persistence unit 'default'
2026-05-29T22:09:39.935+01:00  INFO 747497 --- [rapp-tycoon-backend] [           main] com.zaxxer.hikari.HikariDataSource       : HikariPool-11 - Shutdown initiated...
2026-05-29T22:09:39.936+01:00  INFO 747497 --- [rapp-tycoon-backend] [           main] com.zaxxer.hikari.HikariDataSource       : HikariPool-11 - Shutdown completed.

  .   ____          _            __ _ _
 /\\ / ___'_ __ _ _(_)_ __  __ _ \ \ \ \
( ( )\___ | '_ | '_| | '_ \/ _` | \ \ \ \
 \\/  ___)| |_)| | | | | || (_| |  ) ) ) )
  '  |____| .__|_| |_|_| |_\__, | / / / /
 =========|_|==============|___/=/_/_/_/

 :: Spring Boot ::               (v3.5.14)

2026-05-29T22:09:39.952+01:00  INFO 747497 --- [rapp-tycoon-backend] [           main] c.r.security.SecurityIntegrationTest     : Starting SecurityIntegrationTest using Java 26.0.1 with PID 747497 (started by kevin in /home/kevin/IdeaProjects/rAppsTycoon2/backend)
2026-05-29T22:09:39.953+01:00 DEBUG 747497 --- [rapp-tycoon-backend] [           main] c.r.security.SecurityIntegrationTest     : Running with Spring Boot v3.5.14, Spring v6.2.18
2026-05-29T22:09:39.953+01:00  INFO 747497 --- [rapp-tycoon-backend] [           main] c.r.security.SecurityIntegrationTest     : The following 1 profile is active: "test"
2026-05-29T22:09:40.078+01:00  INFO 747497 --- [rapp-tycoon-backend] [           main] .s.d.r.c.RepositoryConfigurationDelegate : Bootstrapping Spring Data JPA repositories in DEFAULT mode.
2026-05-29T22:09:40.086+01:00  INFO 747497 --- [rapp-tycoon-backend] [           main] .s.d.r.c.RepositoryConfigurationDelegate : Finished Spring Data repository scanning in 7 ms. Found 6 JPA repository interfaces.
2026-05-29T22:09:40.133+01:00  INFO 747497 --- [rapp-tycoon-backend] [           main] o.hibernate.jpa.internal.util.LogHelper  : HHH000204: Processing PersistenceUnitInfo [name: default]
2026-05-29T22:09:40.134+01:00  INFO 747497 --- [rapp-tycoon-backend] [           main] o.h.c.internal.RegionFactoryInitiator    : HHH000026: Second-level cache disabled
2026-05-29T22:09:40.138+01:00  INFO 747497 --- [rapp-tycoon-backend] [           main] o.s.o.j.p.SpringPersistenceUnitInfo      : No LoadTimeWeaver setup: ignoring JPA class transformer
2026-05-29T22:09:40.139+01:00  INFO 747497 --- [rapp-tycoon-backend] [           main] com.zaxxer.hikari.HikariDataSource       : HikariPool-12 - Starting...
2026-05-29T22:09:40.140+01:00  INFO 747497 --- [rapp-tycoon-backend] [           main] com.zaxxer.hikari.pool.HikariPool        : HikariPool-12 - Added connection conn102: url=jdbc:h2:mem:testdb user=SA
2026-05-29T22:09:40.140+01:00  INFO 747497 --- [rapp-tycoon-backend] [           main] com.zaxxer.hikari.HikariDataSource       : HikariPool-12 - Start completed.
2026-05-29T22:09:40.141+01:00  WARN 747497 --- [rapp-tycoon-backend] [           main] org.hibernate.orm.deprecation            : HHH90000025: H2Dialect does not need to be specified explicitly using 'hibernate.dialect' (remove the property setting and it will be selected by default)
2026-05-29T22:09:40.141+01:00  INFO 747497 --- [rapp-tycoon-backend] [           main] org.hibernate.orm.connections.pooling    : HHH10001005: Database info:
	Database JDBC URL [Connecting through datasource 'HikariDataSource (HikariPool-12)']
	Database driver: undefined/unknown
	Database version: 2.3.232
	Autocommit mode: undefined/unknown
	Isolation level: undefined/unknown
	Minimum pool size: undefined/unknown
	Maximum pool size: undefined/unknown
2026-05-29T22:09:40.187+01:00  INFO 747497 --- [rapp-tycoon-backend] [           main] o.h.e.t.j.p.i.JtaPlatformInitiator       : HHH000489: No JTA platform available (set 'hibernate.transaction.jta.platform' to enable JTA platform integration)
2026-05-29T22:09:40.194+01:00  INFO 747497 --- [rapp-tycoon-backend] [           main] j.LocalContainerEntityManagerFactoryBean : Initialized JPA EntityManagerFactory for persistence unit 'default'
2026-05-29T22:09:40.449+01:00  INFO 747497 --- [rapp-tycoon-backend] [           main] o.s.b.t.m.w.SpringBootMockServletContext : Initializing Spring TestDispatcherServlet ''
2026-05-29T22:09:40.449+01:00  INFO 747497 --- [rapp-tycoon-backend] [           main] o.s.t.web.servlet.TestDispatcherServlet  : Initializing Servlet ''
2026-05-29T22:09:40.451+01:00  INFO 747497 --- [rapp-tycoon-backend] [           main] o.s.b.a.e.web.EndpointLinksResolver      : Exposing 1 endpoint beneath base path '/actuator'
2026-05-29T22:09:40.454+01:00  INFO 747497 --- [rapp-tycoon-backend] [           main] o.s.t.web.servlet.TestDispatcherServlet  : Completed initialization in 5 ms
2026-05-29T22:09:40.463+01:00  INFO 747497 --- [rapp-tycoon-backend] [           main] o.s.m.s.b.SimpleBrokerMessageHandler     : Starting...
2026-05-29T22:09:40.463+01:00  INFO 747497 --- [rapp-tycoon-backend] [           main] o.s.m.s.b.SimpleBrokerMessageHandler     : BrokerAvailabilityEvent[available=true, SimpleBrokerMessageHandler [org.springframework.messaging.simp.broker.DefaultSubscriptionRegistry@4b1a4be8]]
2026-05-29T22:09:40.463+01:00  INFO 747497 --- [rapp-tycoon-backend] [           main] o.s.m.s.b.SimpleBrokerMessageHandler     : Started.
2026-05-29T22:09:40.468+01:00  INFO 747497 --- [rapp-tycoon-backend] [           main] c.r.security.SecurityIntegrationTest     : Started SecurityIntegrationTest in 0.529 seconds (process running for 14.702)
2026-05-29T22:09:40.472+01:00  INFO 747497 --- [rapp-tycoon-backend] [           main] com.rapptycoon.config.DataSeeder         : Seeding rApp catalogue...
2026-05-29T22:09:40.478+01:00  INFO 747497 --- [rapp-tycoon-backend] [           main] com.rapptycoon.config.DataSeeder         : Seeded 7 rApp templates
2026-05-29T22:09:40.527+01:00  INFO 747497 --- [rapp-tycoon-backend] [           main] o.s.m.s.b.SimpleBrokerMessageHandler     : Stopping...
2026-05-29T22:09:40.527+01:00  INFO 747497 --- [rapp-tycoon-backend] [           main] o.s.m.s.b.SimpleBrokerMessageHandler     : BrokerAvailabilityEvent[available=false, SimpleBrokerMessageHandler [org.springframework.messaging.simp.broker.DefaultSubscriptionRegistry@4b1a4be8]]
2026-05-29T22:09:40.527+01:00  INFO 747497 --- [rapp-tycoon-backend] [           main] o.s.m.s.b.SimpleBrokerMessageHandler     : Stopped.
2026-05-29T22:09:40.528+01:00  INFO 747497 --- [rapp-tycoon-backend] [           main] j.LocalContainerEntityManagerFactoryBean : Closing JPA EntityManagerFactory for persistence unit 'default'
2026-05-29T22:09:40.529+01:00  INFO 747497 --- [rapp-tycoon-backend] [           main] com.zaxxer.hikari.HikariDataSource       : HikariPool-12 - Shutdown initiated...
2026-05-29T22:09:40.530+01:00  INFO 747497 --- [rapp-tycoon-backend] [           main] com.zaxxer.hikari.HikariDataSource       : HikariPool-12 - Shutdown completed.
[INFO] Tests run: 3, Failures: 0, Errors: 0, Skipped: 0, Time elapsed: 1.619 s -- in Valid token access succeeds
[INFO] Running Internal API key validation
2026-05-29T22:09:40.534+01:00  INFO 747497 --- [rapp-tycoon-backend] [           main] t.c.s.AnnotationConfigContextLoaderUtils : Could not detect default configuration classes for test class [com.rapptycoon.security.SecurityIntegrationTest$InternalApiKeyValidation]: InternalApiKeyValidation does not declare any static, non-private, non-final, nested classes annotated with @Configuration.
2026-05-29T22:09:40.536+01:00  INFO 747497 --- [rapp-tycoon-backend] [           main] .b.t.c.SpringBootTestContextBootstrapper : Found @SpringBootConfiguration com.rapptycoon.RappTycoonApplication for test class com.rapptycoon.security.SecurityIntegrationTest$InternalApiKeyValidation

  .   ____          _            __ _ _
 /\\ / ___'_ __ _ _(_)_ __  __ _ \ \ \ \
( ( )\___ | '_ | '_| | '_ \/ _` | \ \ \ \
 \\/  ___)| |_)| | | | | || (_| |  ) ) ) )
  '  |____| .__|_| |_|_| |_\__, | / / / /
 =========|_|==============|___/=/_/_/_/

 :: Spring Boot ::               (v3.5.14)

2026-05-29T22:09:40.553+01:00  INFO 747497 --- [rapp-tycoon-backend] [           main] c.r.security.SecurityIntegrationTest     : Starting SecurityIntegrationTest using Java 26.0.1 with PID 747497 (started by kevin in /home/kevin/IdeaProjects/rAppsTycoon2/backend)
2026-05-29T22:09:40.553+01:00 DEBUG 747497 --- [rapp-tycoon-backend] [           main] c.r.security.SecurityIntegrationTest     : Running with Spring Boot v3.5.14, Spring v6.2.18
2026-05-29T22:09:40.553+01:00  INFO 747497 --- [rapp-tycoon-backend] [           main] c.r.security.SecurityIntegrationTest     : The following 1 profile is active: "test"
2026-05-29T22:09:40.657+01:00  INFO 747497 --- [rapp-tycoon-backend] [           main] .s.d.r.c.RepositoryConfigurationDelegate : Bootstrapping Spring Data JPA repositories in DEFAULT mode.
2026-05-29T22:09:40.664+01:00  INFO 747497 --- [rapp-tycoon-backend] [           main] .s.d.r.c.RepositoryConfigurationDelegate : Finished Spring Data repository scanning in 6 ms. Found 6 JPA repository interfaces.
2026-05-29T22:09:40.703+01:00  INFO 747497 --- [rapp-tycoon-backend] [           main] o.hibernate.jpa.internal.util.LogHelper  : HHH000204: Processing PersistenceUnitInfo [name: default]
2026-05-29T22:09:40.704+01:00  INFO 747497 --- [rapp-tycoon-backend] [           main] o.h.c.internal.RegionFactoryInitiator    : HHH000026: Second-level cache disabled
2026-05-29T22:09:40.710+01:00  INFO 747497 --- [rapp-tycoon-backend] [           main] o.s.o.j.p.SpringPersistenceUnitInfo      : No LoadTimeWeaver setup: ignoring JPA class transformer
2026-05-29T22:09:40.711+01:00  INFO 747497 --- [rapp-tycoon-backend] [           main] com.zaxxer.hikari.HikariDataSource       : HikariPool-13 - Starting...
2026-05-29T22:09:40.712+01:00  INFO 747497 --- [rapp-tycoon-backend] [           main] com.zaxxer.hikari.pool.HikariPool        : HikariPool-13 - Added connection conn112: url=jdbc:h2:mem:testdb user=SA
2026-05-29T22:09:40.712+01:00  INFO 747497 --- [rapp-tycoon-backend] [           main] com.zaxxer.hikari.HikariDataSource       : HikariPool-13 - Start completed.
2026-05-29T22:09:40.712+01:00  WARN 747497 --- [rapp-tycoon-backend] [           main] org.hibernate.orm.deprecation            : HHH90000025: H2Dialect does not need to be specified explicitly using 'hibernate.dialect' (remove the property setting and it will be selected by default)
2026-05-29T22:09:40.712+01:00  INFO 747497 --- [rapp-tycoon-backend] [           main] org.hibernate.orm.connections.pooling    : HHH10001005: Database info:
	Database JDBC URL [Connecting through datasource 'HikariDataSource (HikariPool-13)']
	Database driver: undefined/unknown
	Database version: 2.3.232
	Autocommit mode: undefined/unknown
	Isolation level: undefined/unknown
	Minimum pool size: undefined/unknown
	Maximum pool size: undefined/unknown
2026-05-29T22:09:40.747+01:00  INFO 747497 --- [rapp-tycoon-backend] [           main] o.h.e.t.j.p.i.JtaPlatformInitiator       : HHH000489: No JTA platform available (set 'hibernate.transaction.jta.platform' to enable JTA platform integration)
2026-05-29T22:09:40.752+01:00  INFO 747497 --- [rapp-tycoon-backend] [           main] j.LocalContainerEntityManagerFactoryBean : Initialized JPA EntityManagerFactory for persistence unit 'default'
2026-05-29T22:09:40.939+01:00  INFO 747497 --- [rapp-tycoon-backend] [           main] o.s.b.t.m.w.SpringBootMockServletContext : Initializing Spring TestDispatcherServlet ''
2026-05-29T22:09:40.939+01:00  INFO 747497 --- [rapp-tycoon-backend] [           main] o.s.t.web.servlet.TestDispatcherServlet  : Initializing Servlet ''
2026-05-29T22:09:40.941+01:00  INFO 747497 --- [rapp-tycoon-backend] [           main] o.s.b.a.e.web.EndpointLinksResolver      : Exposing 1 endpoint beneath base path '/actuator'
2026-05-29T22:09:40.945+01:00  INFO 747497 --- [rapp-tycoon-backend] [           main] o.s.t.web.servlet.TestDispatcherServlet  : Completed initialization in 6 ms
2026-05-29T22:09:40.954+01:00  INFO 747497 --- [rapp-tycoon-backend] [           main] o.s.m.s.b.SimpleBrokerMessageHandler     : Starting...
2026-05-29T22:09:40.954+01:00  INFO 747497 --- [rapp-tycoon-backend] [           main] o.s.m.s.b.SimpleBrokerMessageHandler     : BrokerAvailabilityEvent[available=true, SimpleBrokerMessageHandler [org.springframework.messaging.simp.broker.DefaultSubscriptionRegistry@2d4087ba]]
2026-05-29T22:09:40.954+01:00  INFO 747497 --- [rapp-tycoon-backend] [           main] o.s.m.s.b.SimpleBrokerMessageHandler     : Started.
2026-05-29T22:09:40.959+01:00  INFO 747497 --- [rapp-tycoon-backend] [           main] c.r.security.SecurityIntegrationTest     : Started SecurityIntegrationTest in 0.421 seconds (process running for 15.193)
2026-05-29T22:09:40.964+01:00  INFO 747497 --- [rapp-tycoon-backend] [           main] com.rapptycoon.config.DataSeeder         : Seeding rApp catalogue...
2026-05-29T22:09:40.970+01:00  INFO 747497 --- [rapp-tycoon-backend] [           main] com.rapptycoon.config.DataSeeder         : Seeded 7 rApp templates
2026-05-29T22:09:41.018+01:00  INFO 747497 --- [rapp-tycoon-backend] [           main] o.s.m.s.b.SimpleBrokerMessageHandler     : Stopping...
2026-05-29T22:09:41.018+01:00  INFO 747497 --- [rapp-tycoon-backend] [           main] o.s.m.s.b.SimpleBrokerMessageHandler     : BrokerAvailabilityEvent[available=false, SimpleBrokerMessageHandler [org.springframework.messaging.simp.broker.DefaultSubscriptionRegistry@2d4087ba]]
2026-05-29T22:09:41.018+01:00  INFO 747497 --- [rapp-tycoon-backend] [           main] o.s.m.s.b.SimpleBrokerMessageHandler     : Stopped.
2026-05-29T22:09:41.019+01:00  INFO 747497 --- [rapp-tycoon-backend] [           main] j.LocalContainerEntityManagerFactoryBean : Closing JPA EntityManagerFactory for persistence unit 'default'
2026-05-29T22:09:41.021+01:00  INFO 747497 --- [rapp-tycoon-backend] [           main] com.zaxxer.hikari.HikariDataSource       : HikariPool-13 - Shutdown initiated...
2026-05-29T22:09:41.028+01:00  INFO 747497 --- [rapp-tycoon-backend] [           main] com.zaxxer.hikari.HikariDataSource       : HikariPool-13 - Shutdown completed.

  .   ____          _            __ _ _
 /\\ / ___'_ __ _ _(_)_ __  __ _ \ \ \ \
( ( )\___ | '_ | '_| | '_ \/ _` | \ \ \ \
 \\/  ___)| |_)| | | | | || (_| |  ) ) ) )
  '  |____| .__|_| |_|_| |_\__, | / / / /
 =========|_|==============|___/=/_/_/_/

 :: Spring Boot ::               (v3.5.14)

2026-05-29T22:09:41.044+01:00  INFO 747497 --- [rapp-tycoon-backend] [           main] c.r.security.SecurityIntegrationTest     : Starting SecurityIntegrationTest using Java 26.0.1 with PID 747497 (started by kevin in /home/kevin/IdeaProjects/rAppsTycoon2/backend)
2026-05-29T22:09:41.044+01:00 DEBUG 747497 --- [rapp-tycoon-backend] [           main] c.r.security.SecurityIntegrationTest     : Running with Spring Boot v3.5.14, Spring v6.2.18
2026-05-29T22:09:41.044+01:00  INFO 747497 --- [rapp-tycoon-backend] [           main] c.r.security.SecurityIntegrationTest     : The following 1 profile is active: "test"
2026-05-29T22:09:41.146+01:00  INFO 747497 --- [rapp-tycoon-backend] [           main] .s.d.r.c.RepositoryConfigurationDelegate : Bootstrapping Spring Data JPA repositories in DEFAULT mode.
2026-05-29T22:09:41.154+01:00  INFO 747497 --- [rapp-tycoon-backend] [           main] .s.d.r.c.RepositoryConfigurationDelegate : Finished Spring Data repository scanning in 6 ms. Found 6 JPA repository interfaces.
2026-05-29T22:09:41.190+01:00  INFO 747497 --- [rapp-tycoon-backend] [           main] o.hibernate.jpa.internal.util.LogHelper  : HHH000204: Processing PersistenceUnitInfo [name: default]
2026-05-29T22:09:41.191+01:00  INFO 747497 --- [rapp-tycoon-backend] [           main] o.h.c.internal.RegionFactoryInitiator    : HHH000026: Second-level cache disabled
2026-05-29T22:09:41.195+01:00  INFO 747497 --- [rapp-tycoon-backend] [           main] o.s.o.j.p.SpringPersistenceUnitInfo      : No LoadTimeWeaver setup: ignoring JPA class transformer
2026-05-29T22:09:41.196+01:00  INFO 747497 --- [rapp-tycoon-backend] [           main] com.zaxxer.hikari.HikariDataSource       : HikariPool-14 - Starting...
2026-05-29T22:09:41.196+01:00  INFO 747497 --- [rapp-tycoon-backend] [           main] com.zaxxer.hikari.pool.HikariPool        : HikariPool-14 - Added connection conn120: url=jdbc:h2:mem:testdb user=SA
2026-05-29T22:09:41.197+01:00  INFO 747497 --- [rapp-tycoon-backend] [           main] com.zaxxer.hikari.HikariDataSource       : HikariPool-14 - Start completed.
2026-05-29T22:09:41.197+01:00  WARN 747497 --- [rapp-tycoon-backend] [           main] org.hibernate.orm.deprecation            : HHH90000025: H2Dialect does not need to be specified explicitly using 'hibernate.dialect' (remove the property setting and it will be selected by default)
2026-05-29T22:09:41.197+01:00  INFO 747497 --- [rapp-tycoon-backend] [           main] org.hibernate.orm.connections.pooling    : HHH10001005: Database info:
	Database JDBC URL [Connecting through datasource 'HikariDataSource (HikariPool-14)']
	Database driver: undefined/unknown
	Database version: 2.3.232
	Autocommit mode: undefined/unknown
	Isolation level: undefined/unknown
	Minimum pool size: undefined/unknown
	Maximum pool size: undefined/unknown
2026-05-29T22:09:41.227+01:00  INFO 747497 --- [rapp-tycoon-backend] [           main] o.h.e.t.j.p.i.JtaPlatformInitiator       : HHH000489: No JTA platform available (set 'hibernate.transaction.jta.platform' to enable JTA platform integration)
2026-05-29T22:09:41.232+01:00  INFO 747497 --- [rapp-tycoon-backend] [           main] j.LocalContainerEntityManagerFactoryBean : Initialized JPA EntityManagerFactory for persistence unit 'default'
2026-05-29T22:09:41.408+01:00  INFO 747497 --- [rapp-tycoon-backend] [           main] o.s.b.t.m.w.SpringBootMockServletContext : Initializing Spring TestDispatcherServlet ''
2026-05-29T22:09:41.408+01:00  INFO 747497 --- [rapp-tycoon-backend] [           main] o.s.t.web.servlet.TestDispatcherServlet  : Initializing Servlet ''
2026-05-29T22:09:41.409+01:00  INFO 747497 --- [rapp-tycoon-backend] [           main] o.s.b.a.e.web.EndpointLinksResolver      : Exposing 1 endpoint beneath base path '/actuator'
2026-05-29T22:09:41.413+01:00  INFO 747497 --- [rapp-tycoon-backend] [           main] o.s.t.web.servlet.TestDispatcherServlet  : Completed initialization in 5 ms
2026-05-29T22:09:41.423+01:00  INFO 747497 --- [rapp-tycoon-backend] [           main] o.s.m.s.b.SimpleBrokerMessageHandler     : Starting...
2026-05-29T22:09:41.423+01:00  INFO 747497 --- [rapp-tycoon-backend] [           main] o.s.m.s.b.SimpleBrokerMessageHandler     : BrokerAvailabilityEvent[available=true, SimpleBrokerMessageHandler [org.springframework.messaging.simp.broker.DefaultSubscriptionRegistry@3589bda0]]
2026-05-29T22:09:41.423+01:00  INFO 747497 --- [rapp-tycoon-backend] [           main] o.s.m.s.b.SimpleBrokerMessageHandler     : Started.
2026-05-29T22:09:41.429+01:00  INFO 747497 --- [rapp-tycoon-backend] [           main] c.r.security.SecurityIntegrationTest     : Started SecurityIntegrationTest in 0.397 seconds (process running for 15.663)
2026-05-29T22:09:41.433+01:00  INFO 747497 --- [rapp-tycoon-backend] [           main] com.rapptycoon.config.DataSeeder         : Seeding rApp catalogue...
2026-05-29T22:09:41.437+01:00  INFO 747497 --- [rapp-tycoon-backend] [           main] com.rapptycoon.config.DataSeeder         : Seeded 7 rApp templates
2026-05-29T22:09:41.474+01:00  INFO 747497 --- [rapp-tycoon-backend] [           main] o.s.m.s.b.SimpleBrokerMessageHandler     : Stopping...
2026-05-29T22:09:41.475+01:00  INFO 747497 --- [rapp-tycoon-backend] [           main] o.s.m.s.b.SimpleBrokerMessageHandler     : BrokerAvailabilityEvent[available=false, SimpleBrokerMessageHandler [org.springframework.messaging.simp.broker.DefaultSubscriptionRegistry@3589bda0]]
2026-05-29T22:09:41.475+01:00  INFO 747497 --- [rapp-tycoon-backend] [           main] o.s.m.s.b.SimpleBrokerMessageHandler     : Stopped.
2026-05-29T22:09:41.475+01:00  INFO 747497 --- [rapp-tycoon-backend] [           main] j.LocalContainerEntityManagerFactoryBean : Closing JPA EntityManagerFactory for persistence unit 'default'
2026-05-29T22:09:41.477+01:00  INFO 747497 --- [rapp-tycoon-backend] [           main] com.zaxxer.hikari.HikariDataSource       : HikariPool-14 - Shutdown initiated...
2026-05-29T22:09:41.482+01:00  INFO 747497 --- [rapp-tycoon-backend] [           main] com.zaxxer.hikari.HikariDataSource       : HikariPool-14 - Shutdown completed.

  .   ____          _            __ _ _
 /\\ / ___'_ __ _ _(_)_ __  __ _ \ \ \ \
( ( )\___ | '_ | '_| | '_ \/ _` | \ \ \ \
 \\/  ___)| |_)| | | | | || (_| |  ) ) ) )
  '  |____| .__|_| |_|_| |_\__, | / / / /
 =========|_|==============|___/=/_/_/_/

 :: Spring Boot ::               (v3.5.14)

2026-05-29T22:09:41.495+01:00  INFO 747497 --- [rapp-tycoon-backend] [           main] c.r.security.SecurityIntegrationTest     : Starting SecurityIntegrationTest using Java 26.0.1 with PID 747497 (started by kevin in /home/kevin/IdeaProjects/rAppsTycoon2/backend)
2026-05-29T22:09:41.495+01:00 DEBUG 747497 --- [rapp-tycoon-backend] [           main] c.r.security.SecurityIntegrationTest     : Running with Spring Boot v3.5.14, Spring v6.2.18
2026-05-29T22:09:41.496+01:00  INFO 747497 --- [rapp-tycoon-backend] [           main] c.r.security.SecurityIntegrationTest     : The following 1 profile is active: "test"
2026-05-29T22:09:41.622+01:00  INFO 747497 --- [rapp-tycoon-backend] [           main] .s.d.r.c.RepositoryConfigurationDelegate : Bootstrapping Spring Data JPA repositories in DEFAULT mode.
2026-05-29T22:09:41.629+01:00  INFO 747497 --- [rapp-tycoon-backend] [           main] .s.d.r.c.RepositoryConfigurationDelegate : Finished Spring Data repository scanning in 6 ms. Found 6 JPA repository interfaces.
2026-05-29T22:09:41.675+01:00  INFO 747497 --- [rapp-tycoon-backend] [           main] o.hibernate.jpa.internal.util.LogHelper  : HHH000204: Processing PersistenceUnitInfo [name: default]
2026-05-29T22:09:41.676+01:00  INFO 747497 --- [rapp-tycoon-backend] [           main] o.h.c.internal.RegionFactoryInitiator    : HHH000026: Second-level cache disabled
2026-05-29T22:09:41.682+01:00  INFO 747497 --- [rapp-tycoon-backend] [           main] o.s.o.j.p.SpringPersistenceUnitInfo      : No LoadTimeWeaver setup: ignoring JPA class transformer
2026-05-29T22:09:41.682+01:00  INFO 747497 --- [rapp-tycoon-backend] [           main] com.zaxxer.hikari.HikariDataSource       : HikariPool-15 - Starting...
2026-05-29T22:09:41.683+01:00  INFO 747497 --- [rapp-tycoon-backend] [           main] com.zaxxer.hikari.pool.HikariPool        : HikariPool-15 - Added connection conn127: url=jdbc:h2:mem:testdb user=SA
2026-05-29T22:09:41.684+01:00  INFO 747497 --- [rapp-tycoon-backend] [           main] com.zaxxer.hikari.HikariDataSource       : HikariPool-15 - Start completed.
2026-05-29T22:09:41.684+01:00  WARN 747497 --- [rapp-tycoon-backend] [           main] org.hibernate.orm.deprecation            : HHH90000025: H2Dialect does not need to be specified explicitly using 'hibernate.dialect' (remove the property setting and it will be selected by default)
2026-05-29T22:09:41.684+01:00  INFO 747497 --- [rapp-tycoon-backend] [           main] org.hibernate.orm.connections.pooling    : HHH10001005: Database info:
	Database JDBC URL [Connecting through datasource 'HikariDataSource (HikariPool-15)']
	Database driver: undefined/unknown
	Database version: 2.3.232
	Autocommit mode: undefined/unknown
	Isolation level: undefined/unknown
	Minimum pool size: undefined/unknown
	Maximum pool size: undefined/unknown
2026-05-29T22:09:41.723+01:00  INFO 747497 --- [rapp-tycoon-backend] [           main] o.h.e.t.j.p.i.JtaPlatformInitiator       : HHH000489: No JTA platform available (set 'hibernate.transaction.jta.platform' to enable JTA platform integration)
2026-05-29T22:09:41.728+01:00  INFO 747497 --- [rapp-tycoon-backend] [           main] j.LocalContainerEntityManagerFactoryBean : Initialized JPA EntityManagerFactory for persistence unit 'default'
2026-05-29T22:09:41.876+01:00  INFO 747497 --- [rapp-tycoon-backend] [           main] o.s.b.t.m.w.SpringBootMockServletContext : Initializing Spring TestDispatcherServlet ''
2026-05-29T22:09:41.876+01:00  INFO 747497 --- [rapp-tycoon-backend] [           main] o.s.t.web.servlet.TestDispatcherServlet  : Initializing Servlet ''
2026-05-29T22:09:41.878+01:00  INFO 747497 --- [rapp-tycoon-backend] [           main] o.s.b.a.e.web.EndpointLinksResolver      : Exposing 1 endpoint beneath base path '/actuator'
2026-05-29T22:09:41.881+01:00  INFO 747497 --- [rapp-tycoon-backend] [           main] o.s.t.web.servlet.TestDispatcherServlet  : Completed initialization in 5 ms
2026-05-29T22:09:41.887+01:00  INFO 747497 --- [rapp-tycoon-backend] [           main] o.s.m.s.b.SimpleBrokerMessageHandler     : Starting...
2026-05-29T22:09:41.887+01:00  INFO 747497 --- [rapp-tycoon-backend] [           main] o.s.m.s.b.SimpleBrokerMessageHandler     : BrokerAvailabilityEvent[available=true, SimpleBrokerMessageHandler [org.springframework.messaging.simp.broker.DefaultSubscriptionRegistry@75f34a3e]]
2026-05-29T22:09:41.887+01:00  INFO 747497 --- [rapp-tycoon-backend] [           main] o.s.m.s.b.SimpleBrokerMessageHandler     : Started.
2026-05-29T22:09:41.891+01:00  INFO 747497 --- [rapp-tycoon-backend] [           main] c.r.security.SecurityIntegrationTest     : Started SecurityIntegrationTest in 0.407 seconds (process running for 16.126)
2026-05-29T22:09:41.896+01:00  INFO 747497 --- [rapp-tycoon-backend] [           main] com.rapptycoon.config.DataSeeder         : Seeding rApp catalogue...
2026-05-29T22:09:41.900+01:00  INFO 747497 --- [rapp-tycoon-backend] [           main] com.rapptycoon.config.DataSeeder         : Seeded 7 rApp templates
2026-05-29T22:09:41.933+01:00  INFO 747497 --- [rapp-tycoon-backend] [           main] o.s.m.s.b.SimpleBrokerMessageHandler     : Stopping...
2026-05-29T22:09:41.934+01:00  INFO 747497 --- [rapp-tycoon-backend] [           main] o.s.m.s.b.SimpleBrokerMessageHandler     : BrokerAvailabilityEvent[available=false, SimpleBrokerMessageHandler [org.springframework.messaging.simp.broker.DefaultSubscriptionRegistry@75f34a3e]]
2026-05-29T22:09:41.934+01:00  INFO 747497 --- [rapp-tycoon-backend] [           main] o.s.m.s.b.SimpleBrokerMessageHandler     : Stopped.
2026-05-29T22:09:41.934+01:00  INFO 747497 --- [rapp-tycoon-backend] [           main] j.LocalContainerEntityManagerFactoryBean : Closing JPA EntityManagerFactory for persistence unit 'default'
2026-05-29T22:09:41.935+01:00  INFO 747497 --- [rapp-tycoon-backend] [           main] com.zaxxer.hikari.HikariDataSource       : HikariPool-15 - Shutdown initiated...
2026-05-29T22:09:41.938+01:00  INFO 747497 --- [rapp-tycoon-backend] [           main] com.zaxxer.hikari.HikariDataSource       : HikariPool-15 - Shutdown completed.

  .   ____          _            __ _ _
 /\\ / ___'_ __ _ _(_)_ __  __ _ \ \ \ \
( ( )\___ | '_ | '_| | '_ \/ _` | \ \ \ \
 \\/  ___)| |_)| | | | | || (_| |  ) ) ) )
  '  |____| .__|_| |_|_| |_\__, | / / / /
 =========|_|==============|___/=/_/_/_/

 :: Spring Boot ::               (v3.5.14)

2026-05-29T22:09:41.952+01:00  INFO 747497 --- [rapp-tycoon-backend] [           main] c.r.security.SecurityIntegrationTest     : Starting SecurityIntegrationTest using Java 26.0.1 with PID 747497 (started by kevin in /home/kevin/IdeaProjects/rAppsTycoon2/backend)
2026-05-29T22:09:41.952+01:00 DEBUG 747497 --- [rapp-tycoon-backend] [           main] c.r.security.SecurityIntegrationTest     : Running with Spring Boot v3.5.14, Spring v6.2.18
2026-05-29T22:09:41.952+01:00  INFO 747497 --- [rapp-tycoon-backend] [           main] c.r.security.SecurityIntegrationTest     : The following 1 profile is active: "test"
2026-05-29T22:09:42.046+01:00  INFO 747497 --- [rapp-tycoon-backend] [           main] .s.d.r.c.RepositoryConfigurationDelegate : Bootstrapping Spring Data JPA repositories in DEFAULT mode.
2026-05-29T22:09:42.052+01:00  INFO 747497 --- [rapp-tycoon-backend] [           main] .s.d.r.c.RepositoryConfigurationDelegate : Finished Spring Data repository scanning in 5 ms. Found 6 JPA repository interfaces.
2026-05-29T22:09:42.084+01:00  INFO 747497 --- [rapp-tycoon-backend] [           main] o.hibernate.jpa.internal.util.LogHelper  : HHH000204: Processing PersistenceUnitInfo [name: default]
2026-05-29T22:09:42.085+01:00  INFO 747497 --- [rapp-tycoon-backend] [           main] o.h.c.internal.RegionFactoryInitiator    : HHH000026: Second-level cache disabled
2026-05-29T22:09:42.088+01:00  INFO 747497 --- [rapp-tycoon-backend] [           main] o.s.o.j.p.SpringPersistenceUnitInfo      : No LoadTimeWeaver setup: ignoring JPA class transformer
2026-05-29T22:09:42.089+01:00  INFO 747497 --- [rapp-tycoon-backend] [           main] com.zaxxer.hikari.HikariDataSource       : HikariPool-16 - Starting...
2026-05-29T22:09:42.089+01:00  INFO 747497 --- [rapp-tycoon-backend] [           main] com.zaxxer.hikari.pool.HikariPool        : HikariPool-16 - Added connection conn133: url=jdbc:h2:mem:testdb user=SA
2026-05-29T22:09:42.089+01:00  INFO 747497 --- [rapp-tycoon-backend] [           main] com.zaxxer.hikari.HikariDataSource       : HikariPool-16 - Start completed.
2026-05-29T22:09:42.090+01:00  WARN 747497 --- [rapp-tycoon-backend] [           main] org.hibernate.orm.deprecation            : HHH90000025: H2Dialect does not need to be specified explicitly using 'hibernate.dialect' (remove the property setting and it will be selected by default)
2026-05-29T22:09:42.090+01:00  INFO 747497 --- [rapp-tycoon-backend] [           main] org.hibernate.orm.connections.pooling    : HHH10001005: Database info:
	Database JDBC URL [Connecting through datasource 'HikariDataSource (HikariPool-16)']
	Database driver: undefined/unknown
	Database version: 2.3.232
	Autocommit mode: undefined/unknown
	Isolation level: undefined/unknown
	Minimum pool size: undefined/unknown
	Maximum pool size: undefined/unknown
2026-05-29T22:09:42.130+01:00  INFO 747497 --- [rapp-tycoon-backend] [           main] o.h.e.t.j.p.i.JtaPlatformInitiator       : HHH000489: No JTA platform available (set 'hibernate.transaction.jta.platform' to enable JTA platform integration)
2026-05-29T22:09:42.134+01:00  INFO 747497 --- [rapp-tycoon-backend] [           main] j.LocalContainerEntityManagerFactoryBean : Initialized JPA EntityManagerFactory for persistence unit 'default'
2026-05-29T22:09:42.269+01:00  INFO 747497 --- [rapp-tycoon-backend] [           main] o.s.b.t.m.w.SpringBootMockServletContext : Initializing Spring TestDispatcherServlet ''
2026-05-29T22:09:42.269+01:00  INFO 747497 --- [rapp-tycoon-backend] [           main] o.s.t.web.servlet.TestDispatcherServlet  : Initializing Servlet ''
2026-05-29T22:09:42.270+01:00  INFO 747497 --- [rapp-tycoon-backend] [           main] o.s.b.a.e.web.EndpointLinksResolver      : Exposing 1 endpoint beneath base path '/actuator'
2026-05-29T22:09:42.273+01:00  INFO 747497 --- [rapp-tycoon-backend] [           main] o.s.t.web.servlet.TestDispatcherServlet  : Completed initialization in 4 ms
2026-05-29T22:09:42.279+01:00  INFO 747497 --- [rapp-tycoon-backend] [           main] o.s.m.s.b.SimpleBrokerMessageHandler     : Starting...
2026-05-29T22:09:42.280+01:00  INFO 747497 --- [rapp-tycoon-backend] [           main] o.s.m.s.b.SimpleBrokerMessageHandler     : BrokerAvailabilityEvent[available=true, SimpleBrokerMessageHandler [org.springframework.messaging.simp.broker.DefaultSubscriptionRegistry@21102215]]
2026-05-29T22:09:42.280+01:00  INFO 747497 --- [rapp-tycoon-backend] [           main] o.s.m.s.b.SimpleBrokerMessageHandler     : Started.
2026-05-29T22:09:42.283+01:00  INFO 747497 --- [rapp-tycoon-backend] [           main] c.r.security.SecurityIntegrationTest     : Started SecurityIntegrationTest in 0.342 seconds (process running for 16.517)
2026-05-29T22:09:42.286+01:00  INFO 747497 --- [rapp-tycoon-backend] [           main] com.rapptycoon.config.DataSeeder         : Seeding rApp catalogue...
2026-05-29T22:09:42.290+01:00  INFO 747497 --- [rapp-tycoon-backend] [           main] com.rapptycoon.config.DataSeeder         : Seeded 7 rApp templates
2026-05-29T22:09:42.328+01:00  INFO 747497 --- [rapp-tycoon-backend] [           main] o.s.m.s.b.SimpleBrokerMessageHandler     : Stopping...
2026-05-29T22:09:42.328+01:00  INFO 747497 --- [rapp-tycoon-backend] [           main] o.s.m.s.b.SimpleBrokerMessageHandler     : BrokerAvailabilityEvent[available=false, SimpleBrokerMessageHandler [org.springframework.messaging.simp.broker.DefaultSubscriptionRegistry@21102215]]
2026-05-29T22:09:42.328+01:00  INFO 747497 --- [rapp-tycoon-backend] [           main] o.s.m.s.b.SimpleBrokerMessageHandler     : Stopped.
2026-05-29T22:09:42.329+01:00  INFO 747497 --- [rapp-tycoon-backend] [           main] j.LocalContainerEntityManagerFactoryBean : Closing JPA EntityManagerFactory for persistence unit 'default'
2026-05-29T22:09:42.330+01:00  INFO 747497 --- [rapp-tycoon-backend] [           main] com.zaxxer.hikari.HikariDataSource       : HikariPool-16 - Shutdown initiated...
2026-05-29T22:09:42.344+01:00  INFO 747497 --- [rapp-tycoon-backend] [           main] com.zaxxer.hikari.HikariDataSource       : HikariPool-16 - Shutdown completed.

  .   ____          _            __ _ _
 /\\ / ___'_ __ _ _(_)_ __  __ _ \ \ \ \
( ( )\___ | '_ | '_| | '_ \/ _` | \ \ \ \
 \\/  ___)| |_)| | | | | || (_| |  ) ) ) )
  '  |____| .__|_| |_|_| |_\__, | / / / /
 =========|_|==============|___/=/_/_/_/

 :: Spring Boot ::               (v3.5.14)

2026-05-29T22:09:42.356+01:00  INFO 747497 --- [rapp-tycoon-backend] [           main] c.r.security.SecurityIntegrationTest     : Starting SecurityIntegrationTest using Java 26.0.1 with PID 747497 (started by kevin in /home/kevin/IdeaProjects/rAppsTycoon2/backend)
2026-05-29T22:09:42.356+01:00 DEBUG 747497 --- [rapp-tycoon-backend] [           main] c.r.security.SecurityIntegrationTest     : Running with Spring Boot v3.5.14, Spring v6.2.18
2026-05-29T22:09:42.356+01:00  INFO 747497 --- [rapp-tycoon-backend] [           main] c.r.security.SecurityIntegrationTest     : The following 1 profile is active: "test"
2026-05-29T22:09:42.449+01:00  INFO 747497 --- [rapp-tycoon-backend] [           main] .s.d.r.c.RepositoryConfigurationDelegate : Bootstrapping Spring Data JPA repositories in DEFAULT mode.
2026-05-29T22:09:42.455+01:00  INFO 747497 --- [rapp-tycoon-backend] [           main] .s.d.r.c.RepositoryConfigurationDelegate : Finished Spring Data repository scanning in 6 ms. Found 6 JPA repository interfaces.
2026-05-29T22:09:42.492+01:00  INFO 747497 --- [rapp-tycoon-backend] [           main] o.hibernate.jpa.internal.util.LogHelper  : HHH000204: Processing PersistenceUnitInfo [name: default]
2026-05-29T22:09:42.493+01:00  INFO 747497 --- [rapp-tycoon-backend] [           main] o.h.c.internal.RegionFactoryInitiator    : HHH000026: Second-level cache disabled
2026-05-29T22:09:42.498+01:00  INFO 747497 --- [rapp-tycoon-backend] [           main] o.s.o.j.p.SpringPersistenceUnitInfo      : No LoadTimeWeaver setup: ignoring JPA class transformer
2026-05-29T22:09:42.498+01:00  INFO 747497 --- [rapp-tycoon-backend] [           main] com.zaxxer.hikari.HikariDataSource       : HikariPool-17 - Starting...
2026-05-29T22:09:42.499+01:00  INFO 747497 --- [rapp-tycoon-backend] [           main] com.zaxxer.hikari.pool.HikariPool        : HikariPool-17 - Added connection conn139: url=jdbc:h2:mem:testdb user=SA
2026-05-29T22:09:42.500+01:00  INFO 747497 --- [rapp-tycoon-backend] [           main] com.zaxxer.hikari.HikariDataSource       : HikariPool-17 - Start completed.
2026-05-29T22:09:42.500+01:00  WARN 747497 --- [rapp-tycoon-backend] [           main] org.hibernate.orm.deprecation            : HHH90000025: H2Dialect does not need to be specified explicitly using 'hibernate.dialect' (remove the property setting and it will be selected by default)
2026-05-29T22:09:42.500+01:00  INFO 747497 --- [rapp-tycoon-backend] [           main] org.hibernate.orm.connections.pooling    : HHH10001005: Database info:
	Database JDBC URL [Connecting through datasource 'HikariDataSource (HikariPool-17)']
	Database driver: undefined/unknown
	Database version: 2.3.232
	Autocommit mode: undefined/unknown
	Isolation level: undefined/unknown
	Minimum pool size: undefined/unknown
	Maximum pool size: undefined/unknown
2026-05-29T22:09:42.528+01:00  INFO 747497 --- [rapp-tycoon-backend] [           main] o.h.e.t.j.p.i.JtaPlatformInitiator       : HHH000489: No JTA platform available (set 'hibernate.transaction.jta.platform' to enable JTA platform integration)
2026-05-29T22:09:42.533+01:00  INFO 747497 --- [rapp-tycoon-backend] [           main] j.LocalContainerEntityManagerFactoryBean : Initialized JPA EntityManagerFactory for persistence unit 'default'
2026-05-29T22:09:42.670+01:00  INFO 747497 --- [rapp-tycoon-backend] [           main] o.s.b.t.m.w.SpringBootMockServletContext : Initializing Spring TestDispatcherServlet ''
2026-05-29T22:09:42.670+01:00  INFO 747497 --- [rapp-tycoon-backend] [           main] o.s.t.web.servlet.TestDispatcherServlet  : Initializing Servlet ''
2026-05-29T22:09:42.671+01:00  INFO 747497 --- [rapp-tycoon-backend] [           main] o.s.b.a.e.web.EndpointLinksResolver      : Exposing 1 endpoint beneath base path '/actuator'
2026-05-29T22:09:42.674+01:00  INFO 747497 --- [rapp-tycoon-backend] [           main] o.s.t.web.servlet.TestDispatcherServlet  : Completed initialization in 4 ms
2026-05-29T22:09:42.680+01:00  INFO 747497 --- [rapp-tycoon-backend] [           main] o.s.m.s.b.SimpleBrokerMessageHandler     : Starting...
2026-05-29T22:09:42.680+01:00  INFO 747497 --- [rapp-tycoon-backend] [           main] o.s.m.s.b.SimpleBrokerMessageHandler     : BrokerAvailabilityEvent[available=true, SimpleBrokerMessageHandler [org.springframework.messaging.simp.broker.DefaultSubscriptionRegistry@213bac7b]]
2026-05-29T22:09:42.680+01:00  INFO 747497 --- [rapp-tycoon-backend] [           main] o.s.m.s.b.SimpleBrokerMessageHandler     : Started.
2026-05-29T22:09:42.684+01:00  INFO 747497 --- [rapp-tycoon-backend] [           main] c.r.security.SecurityIntegrationTest     : Started SecurityIntegrationTest in 0.337 seconds (process running for 16.918)
2026-05-29T22:09:42.686+01:00  INFO 747497 --- [rapp-tycoon-backend] [           main] com.rapptycoon.config.DataSeeder         : Seeding rApp catalogue...
2026-05-29T22:09:42.691+01:00  INFO 747497 --- [rapp-tycoon-backend] [           main] com.rapptycoon.config.DataSeeder         : Seeded 7 rApp templates
2026-05-29T22:09:42.726+01:00  INFO 747497 --- [rapp-tycoon-backend] [           main] o.s.m.s.b.SimpleBrokerMessageHandler     : Stopping...
2026-05-29T22:09:42.726+01:00  INFO 747497 --- [rapp-tycoon-backend] [           main] o.s.m.s.b.SimpleBrokerMessageHandler     : BrokerAvailabilityEvent[available=false, SimpleBrokerMessageHandler [org.springframework.messaging.simp.broker.DefaultSubscriptionRegistry@213bac7b]]
2026-05-29T22:09:42.726+01:00  INFO 747497 --- [rapp-tycoon-backend] [           main] o.s.m.s.b.SimpleBrokerMessageHandler     : Stopped.
2026-05-29T22:09:42.726+01:00  INFO 747497 --- [rapp-tycoon-backend] [           main] j.LocalContainerEntityManagerFactoryBean : Closing JPA EntityManagerFactory for persistence unit 'default'
2026-05-29T22:09:42.727+01:00  INFO 747497 --- [rapp-tycoon-backend] [           main] com.zaxxer.hikari.HikariDataSource       : HikariPool-17 - Shutdown initiated...
2026-05-29T22:09:42.754+01:00  INFO 747497 --- [rapp-tycoon-backend] [           main] com.zaxxer.hikari.HikariDataSource       : HikariPool-17 - Shutdown completed.
[INFO] Tests run: 5, Failures: 0, Errors: 0, Skipped: 0, Time elapsed: 2.222 s -- in Internal API key validation
[INFO] Running Cross-session access returns 403
2026-05-29T22:09:42.757+01:00  INFO 747497 --- [rapp-tycoon-backend] [           main] t.c.s.AnnotationConfigContextLoaderUtils : Could not detect default configuration classes for test class [com.rapptycoon.security.SecurityIntegrationTest$CrossSessionAccess]: CrossSessionAccess does not declare any static, non-private, non-final, nested classes annotated with @Configuration.
2026-05-29T22:09:42.760+01:00  INFO 747497 --- [rapp-tycoon-backend] [           main] .b.t.c.SpringBootTestContextBootstrapper : Found @SpringBootConfiguration com.rapptycoon.RappTycoonApplication for test class com.rapptycoon.security.SecurityIntegrationTest$CrossSessionAccess

  .   ____          _            __ _ _
 /\\ / ___'_ __ _ _(_)_ __  __ _ \ \ \ \
( ( )\___ | '_ | '_| | '_ \/ _` | \ \ \ \
 \\/  ___)| |_)| | | | | || (_| |  ) ) ) )
  '  |____| .__|_| |_|_| |_\__, | / / / /
 =========|_|==============|___/=/_/_/_/

 :: Spring Boot ::               (v3.5.14)

2026-05-29T22:09:42.774+01:00  INFO 747497 --- [rapp-tycoon-backend] [           main] c.r.security.SecurityIntegrationTest     : Starting SecurityIntegrationTest using Java 26.0.1 with PID 747497 (started by kevin in /home/kevin/IdeaProjects/rAppsTycoon2/backend)
2026-05-29T22:09:42.774+01:00 DEBUG 747497 --- [rapp-tycoon-backend] [           main] c.r.security.SecurityIntegrationTest     : Running with Spring Boot v3.5.14, Spring v6.2.18
2026-05-29T22:09:42.774+01:00  INFO 747497 --- [rapp-tycoon-backend] [           main] c.r.security.SecurityIntegrationTest     : The following 1 profile is active: "test"
2026-05-29T22:09:42.874+01:00  INFO 747497 --- [rapp-tycoon-backend] [           main] .s.d.r.c.RepositoryConfigurationDelegate : Bootstrapping Spring Data JPA repositories in DEFAULT mode.
2026-05-29T22:09:42.881+01:00  INFO 747497 --- [rapp-tycoon-backend] [           main] .s.d.r.c.RepositoryConfigurationDelegate : Finished Spring Data repository scanning in 6 ms. Found 6 JPA repository interfaces.
2026-05-29T22:09:42.915+01:00  INFO 747497 --- [rapp-tycoon-backend] [           main] o.hibernate.jpa.internal.util.LogHelper  : HHH000204: Processing PersistenceUnitInfo [name: default]
2026-05-29T22:09:42.916+01:00  INFO 747497 --- [rapp-tycoon-backend] [           main] o.h.c.internal.RegionFactoryInitiator    : HHH000026: Second-level cache disabled
2026-05-29T22:09:42.919+01:00  INFO 747497 --- [rapp-tycoon-backend] [           main] o.s.o.j.p.SpringPersistenceUnitInfo      : No LoadTimeWeaver setup: ignoring JPA class transformer
2026-05-29T22:09:42.919+01:00  INFO 747497 --- [rapp-tycoon-backend] [           main] com.zaxxer.hikari.HikariDataSource       : HikariPool-18 - Starting...
2026-05-29T22:09:42.920+01:00  INFO 747497 --- [rapp-tycoon-backend] [           main] com.zaxxer.hikari.pool.HikariPool        : HikariPool-18 - Added connection conn145: url=jdbc:h2:mem:testdb user=SA
2026-05-29T22:09:42.920+01:00  INFO 747497 --- [rapp-tycoon-backend] [           main] com.zaxxer.hikari.HikariDataSource       : HikariPool-18 - Start completed.
2026-05-29T22:09:42.921+01:00  WARN 747497 --- [rapp-tycoon-backend] [           main] org.hibernate.orm.deprecation            : HHH90000025: H2Dialect does not need to be specified explicitly using 'hibernate.dialect' (remove the property setting and it will be selected by default)
2026-05-29T22:09:42.921+01:00  INFO 747497 --- [rapp-tycoon-backend] [           main] org.hibernate.orm.connections.pooling    : HHH10001005: Database info:
	Database JDBC URL [Connecting through datasource 'HikariDataSource (HikariPool-18)']
	Database driver: undefined/unknown
	Database version: 2.3.232
	Autocommit mode: undefined/unknown
	Isolation level: undefined/unknown
	Minimum pool size: undefined/unknown
	Maximum pool size: undefined/unknown
2026-05-29T22:09:42.947+01:00  INFO 747497 --- [rapp-tycoon-backend] [           main] o.h.e.t.j.p.i.JtaPlatformInitiator       : HHH000489: No JTA platform available (set 'hibernate.transaction.jta.platform' to enable JTA platform integration)
2026-05-29T22:09:42.951+01:00  INFO 747497 --- [rapp-tycoon-backend] [           main] j.LocalContainerEntityManagerFactoryBean : Initialized JPA EntityManagerFactory for persistence unit 'default'
2026-05-29T22:09:43.085+01:00  INFO 747497 --- [rapp-tycoon-backend] [           main] o.s.b.t.m.w.SpringBootMockServletContext : Initializing Spring TestDispatcherServlet ''
2026-05-29T22:09:43.085+01:00  INFO 747497 --- [rapp-tycoon-backend] [           main] o.s.t.web.servlet.TestDispatcherServlet  : Initializing Servlet ''
2026-05-29T22:09:43.086+01:00  INFO 747497 --- [rapp-tycoon-backend] [           main] o.s.b.a.e.web.EndpointLinksResolver      : Exposing 1 endpoint beneath base path '/actuator'
2026-05-29T22:09:43.089+01:00  INFO 747497 --- [rapp-tycoon-backend] [           main] o.s.t.web.servlet.TestDispatcherServlet  : Completed initialization in 4 ms
2026-05-29T22:09:43.096+01:00  INFO 747497 --- [rapp-tycoon-backend] [           main] o.s.m.s.b.SimpleBrokerMessageHandler     : Starting...
2026-05-29T22:09:43.096+01:00  INFO 747497 --- [rapp-tycoon-backend] [           main] o.s.m.s.b.SimpleBrokerMessageHandler     : BrokerAvailabilityEvent[available=true, SimpleBrokerMessageHandler [org.springframework.messaging.simp.broker.DefaultSubscriptionRegistry@342bceac]]
2026-05-29T22:09:43.096+01:00  INFO 747497 --- [rapp-tycoon-backend] [           main] o.s.m.s.b.SimpleBrokerMessageHandler     : Started.
2026-05-29T22:09:43.100+01:00  INFO 747497 --- [rapp-tycoon-backend] [           main] c.r.security.SecurityIntegrationTest     : Started SecurityIntegrationTest in 0.338 seconds (process running for 17.334)
2026-05-29T22:09:43.103+01:00  INFO 747497 --- [rapp-tycoon-backend] [           main] com.rapptycoon.config.DataSeeder         : Seeding rApp catalogue...
2026-05-29T22:09:43.108+01:00  INFO 747497 --- [rapp-tycoon-backend] [           main] com.rapptycoon.config.DataSeeder         : Seeded 7 rApp templates
2026-05-29T22:09:43.160+01:00  INFO 747497 --- [rapp-tycoon-backend] [           main] o.s.m.s.b.SimpleBrokerMessageHandler     : Stopping...
2026-05-29T22:09:43.160+01:00  INFO 747497 --- [rapp-tycoon-backend] [           main] o.s.m.s.b.SimpleBrokerMessageHandler     : BrokerAvailabilityEvent[available=false, SimpleBrokerMessageHandler [org.springframework.messaging.simp.broker.DefaultSubscriptionRegistry@342bceac]]
2026-05-29T22:09:43.160+01:00  INFO 747497 --- [rapp-tycoon-backend] [           main] o.s.m.s.b.SimpleBrokerMessageHandler     : Stopped.
2026-05-29T22:09:43.160+01:00  INFO 747497 --- [rapp-tycoon-backend] [           main] j.LocalContainerEntityManagerFactoryBean : Closing JPA EntityManagerFactory for persistence unit 'default'
2026-05-29T22:09:43.162+01:00  INFO 747497 --- [rapp-tycoon-backend] [           main] com.zaxxer.hikari.HikariDataSource       : HikariPool-18 - Shutdown initiated...
2026-05-29T22:09:43.175+01:00  INFO 747497 --- [rapp-tycoon-backend] [           main] com.zaxxer.hikari.HikariDataSource       : HikariPool-18 - Shutdown completed.

  .   ____          _            __ _ _
 /\\ / ___'_ __ _ _(_)_ __  __ _ \ \ \ \
( ( )\___ | '_ | '_| | '_ \/ _` | \ \ \ \
 \\/  ___)| |_)| | | | | || (_| |  ) ) ) )
  '  |____| .__|_| |_|_| |_\__, | / / / /
 =========|_|==============|___/=/_/_/_/

 :: Spring Boot ::               (v3.5.14)

2026-05-29T22:09:43.189+01:00  INFO 747497 --- [rapp-tycoon-backend] [           main] c.r.security.SecurityIntegrationTest     : Starting SecurityIntegrationTest using Java 26.0.1 with PID 747497 (started by kevin in /home/kevin/IdeaProjects/rAppsTycoon2/backend)
2026-05-29T22:09:43.189+01:00 DEBUG 747497 --- [rapp-tycoon-backend] [           main] c.r.security.SecurityIntegrationTest     : Running with Spring Boot v3.5.14, Spring v6.2.18
2026-05-29T22:09:43.189+01:00  INFO 747497 --- [rapp-tycoon-backend] [           main] c.r.security.SecurityIntegrationTest     : The following 1 profile is active: "test"
2026-05-29T22:09:43.311+01:00  INFO 747497 --- [rapp-tycoon-backend] [           main] .s.d.r.c.RepositoryConfigurationDelegate : Bootstrapping Spring Data JPA repositories in DEFAULT mode.
2026-05-29T22:09:43.321+01:00  INFO 747497 --- [rapp-tycoon-backend] [           main] .s.d.r.c.RepositoryConfigurationDelegate : Finished Spring Data repository scanning in 8 ms. Found 6 JPA repository interfaces.
2026-05-29T22:09:43.362+01:00  INFO 747497 --- [rapp-tycoon-backend] [           main] o.hibernate.jpa.internal.util.LogHelper  : HHH000204: Processing PersistenceUnitInfo [name: default]
2026-05-29T22:09:43.363+01:00  INFO 747497 --- [rapp-tycoon-backend] [           main] o.h.c.internal.RegionFactoryInitiator    : HHH000026: Second-level cache disabled
2026-05-29T22:09:43.368+01:00  INFO 747497 --- [rapp-tycoon-backend] [           main] o.s.o.j.p.SpringPersistenceUnitInfo      : No LoadTimeWeaver setup: ignoring JPA class transformer
2026-05-29T22:09:43.369+01:00  INFO 747497 --- [rapp-tycoon-backend] [           main] com.zaxxer.hikari.HikariDataSource       : HikariPool-19 - Starting...
2026-05-29T22:09:43.369+01:00  INFO 747497 --- [rapp-tycoon-backend] [           main] com.zaxxer.hikari.pool.HikariPool        : HikariPool-19 - Added connection conn151: url=jdbc:h2:mem:testdb user=SA
2026-05-29T22:09:43.369+01:00  INFO 747497 --- [rapp-tycoon-backend] [           main] com.zaxxer.hikari.HikariDataSource       : HikariPool-19 - Start completed.
2026-05-29T22:09:43.370+01:00  WARN 747497 --- [rapp-tycoon-backend] [           main] org.hibernate.orm.deprecation            : HHH90000025: H2Dialect does not need to be specified explicitly using 'hibernate.dialect' (remove the property setting and it will be selected by default)
2026-05-29T22:09:43.370+01:00  INFO 747497 --- [rapp-tycoon-backend] [           main] org.hibernate.orm.connections.pooling    : HHH10001005: Database info:
	Database JDBC URL [Connecting through datasource 'HikariDataSource (HikariPool-19)']
	Database driver: undefined/unknown
	Database version: 2.3.232
	Autocommit mode: undefined/unknown
	Isolation level: undefined/unknown
	Minimum pool size: undefined/unknown
	Maximum pool size: undefined/unknown
2026-05-29T22:09:43.398+01:00  INFO 747497 --- [rapp-tycoon-backend] [           main] o.h.e.t.j.p.i.JtaPlatformInitiator       : HHH000489: No JTA platform available (set 'hibernate.transaction.jta.platform' to enable JTA platform integration)
2026-05-29T22:09:43.402+01:00  INFO 747497 --- [rapp-tycoon-backend] [           main] j.LocalContainerEntityManagerFactoryBean : Initialized JPA EntityManagerFactory for persistence unit 'default'
2026-05-29T22:09:43.541+01:00  INFO 747497 --- [rapp-tycoon-backend] [           main] o.s.b.t.m.w.SpringBootMockServletContext : Initializing Spring TestDispatcherServlet ''
2026-05-29T22:09:43.541+01:00  INFO 747497 --- [rapp-tycoon-backend] [           main] o.s.t.web.servlet.TestDispatcherServlet  : Initializing Servlet ''
2026-05-29T22:09:43.542+01:00  INFO 747497 --- [rapp-tycoon-backend] [           main] o.s.b.a.e.web.EndpointLinksResolver      : Exposing 1 endpoint beneath base path '/actuator'
2026-05-29T22:09:43.546+01:00  INFO 747497 --- [rapp-tycoon-backend] [           main] o.s.t.web.servlet.TestDispatcherServlet  : Completed initialization in 5 ms
2026-05-29T22:09:43.551+01:00  INFO 747497 --- [rapp-tycoon-backend] [           main] o.s.m.s.b.SimpleBrokerMessageHandler     : Starting...
2026-05-29T22:09:43.551+01:00  INFO 747497 --- [rapp-tycoon-backend] [           main] o.s.m.s.b.SimpleBrokerMessageHandler     : BrokerAvailabilityEvent[available=true, SimpleBrokerMessageHandler [org.springframework.messaging.simp.broker.DefaultSubscriptionRegistry@7f4a972f]]
2026-05-29T22:09:43.551+01:00  INFO 747497 --- [rapp-tycoon-backend] [           main] o.s.m.s.b.SimpleBrokerMessageHandler     : Started.
2026-05-29T22:09:43.555+01:00  INFO 747497 --- [rapp-tycoon-backend] [           main] c.r.security.SecurityIntegrationTest     : Started SecurityIntegrationTest in 0.377 seconds (process running for 17.789)
2026-05-29T22:09:43.558+01:00  INFO 747497 --- [rapp-tycoon-backend] [           main] com.rapptycoon.config.DataSeeder         : Seeding rApp catalogue...
2026-05-29T22:09:43.562+01:00  INFO 747497 --- [rapp-tycoon-backend] [           main] com.rapptycoon.config.DataSeeder         : Seeded 7 rApp templates
2026-05-29T22:09:43.607+01:00  INFO 747497 --- [rapp-tycoon-backend] [           main] o.s.m.s.b.SimpleBrokerMessageHandler     : Stopping...
2026-05-29T22:09:43.607+01:00  INFO 747497 --- [rapp-tycoon-backend] [           main] o.s.m.s.b.SimpleBrokerMessageHandler     : BrokerAvailabilityEvent[available=false, SimpleBrokerMessageHandler [org.springframework.messaging.simp.broker.DefaultSubscriptionRegistry@7f4a972f]]
2026-05-29T22:09:43.607+01:00  INFO 747497 --- [rapp-tycoon-backend] [           main] o.s.m.s.b.SimpleBrokerMessageHandler     : Stopped.
2026-05-29T22:09:43.607+01:00  INFO 747497 --- [rapp-tycoon-backend] [           main] j.LocalContainerEntityManagerFactoryBean : Closing JPA EntityManagerFactory for persistence unit 'default'
2026-05-29T22:09:43.608+01:00  INFO 747497 --- [rapp-tycoon-backend] [           main] com.zaxxer.hikari.HikariDataSource       : HikariPool-19 - Shutdown initiated...
2026-05-29T22:09:43.624+01:00  INFO 747497 --- [rapp-tycoon-backend] [           main] com.zaxxer.hikari.HikariDataSource       : HikariPool-19 - Shutdown completed.

  .   ____          _            __ _ _
 /\\ / ___'_ __ _ _(_)_ __  __ _ \ \ \ \
( ( )\___ | '_ | '_| | '_ \/ _` | \ \ \ \
 \\/  ___)| |_)| | | | | || (_| |  ) ) ) )
  '  |____| .__|_| |_|_| |_\__, | / / / /
 =========|_|==============|___/=/_/_/_/

 :: Spring Boot ::               (v3.5.14)

2026-05-29T22:09:43.636+01:00  INFO 747497 --- [rapp-tycoon-backend] [           main] c.r.security.SecurityIntegrationTest     : Starting SecurityIntegrationTest using Java 26.0.1 with PID 747497 (started by kevin in /home/kevin/IdeaProjects/rAppsTycoon2/backend)
2026-05-29T22:09:43.636+01:00 DEBUG 747497 --- [rapp-tycoon-backend] [           main] c.r.security.SecurityIntegrationTest     : Running with Spring Boot v3.5.14, Spring v6.2.18
2026-05-29T22:09:43.636+01:00  INFO 747497 --- [rapp-tycoon-backend] [           main] c.r.security.SecurityIntegrationTest     : The following 1 profile is active: "test"
2026-05-29T22:09:43.803+01:00  INFO 747497 --- [rapp-tycoon-backend] [           main] .s.d.r.c.RepositoryConfigurationDelegate : Bootstrapping Spring Data JPA repositories in DEFAULT mode.
2026-05-29T22:09:43.813+01:00  INFO 747497 --- [rapp-tycoon-backend] [           main] .s.d.r.c.RepositoryConfigurationDelegate : Finished Spring Data repository scanning in 8 ms. Found 6 JPA repository interfaces.
2026-05-29T22:09:43.850+01:00  INFO 747497 --- [rapp-tycoon-backend] [           main] o.hibernate.jpa.internal.util.LogHelper  : HHH000204: Processing PersistenceUnitInfo [name: default]
2026-05-29T22:09:43.851+01:00  INFO 747497 --- [rapp-tycoon-backend] [           main] o.h.c.internal.RegionFactoryInitiator    : HHH000026: Second-level cache disabled
2026-05-29T22:09:43.855+01:00  INFO 747497 --- [rapp-tycoon-backend] [           main] o.s.o.j.p.SpringPersistenceUnitInfo      : No LoadTimeWeaver setup: ignoring JPA class transformer
2026-05-29T22:09:43.856+01:00  INFO 747497 --- [rapp-tycoon-backend] [           main] com.zaxxer.hikari.HikariDataSource       : HikariPool-20 - Starting...
2026-05-29T22:09:43.857+01:00  INFO 747497 --- [rapp-tycoon-backend] [           main] com.zaxxer.hikari.pool.HikariPool        : HikariPool-20 - Added connection conn157: url=jdbc:h2:mem:testdb user=SA
2026-05-29T22:09:43.857+01:00  INFO 747497 --- [rapp-tycoon-backend] [           main] com.zaxxer.hikari.HikariDataSource       : HikariPool-20 - Start completed.
2026-05-29T22:09:43.857+01:00  WARN 747497 --- [rapp-tycoon-backend] [           main] org.hibernate.orm.deprecation            : HHH90000025: H2Dialect does not need to be specified explicitly using 'hibernate.dialect' (remove the property setting and it will be selected by default)
2026-05-29T22:09:43.858+01:00  INFO 747497 --- [rapp-tycoon-backend] [           main] org.hibernate.orm.connections.pooling    : HHH10001005: Database info:
	Database JDBC URL [Connecting through datasource 'HikariDataSource (HikariPool-20)']
	Database driver: undefined/unknown
	Database version: 2.3.232
	Autocommit mode: undefined/unknown
	Isolation level: undefined/unknown
	Minimum pool size: undefined/unknown
	Maximum pool size: undefined/unknown
2026-05-29T22:09:43.893+01:00  INFO 747497 --- [rapp-tycoon-backend] [           main] o.h.e.t.j.p.i.JtaPlatformInitiator       : HHH000489: No JTA platform available (set 'hibernate.transaction.jta.platform' to enable JTA platform integration)
2026-05-29T22:09:43.897+01:00  INFO 747497 --- [rapp-tycoon-backend] [           main] j.LocalContainerEntityManagerFactoryBean : Initialized JPA EntityManagerFactory for persistence unit 'default'
2026-05-29T22:09:44.045+01:00  INFO 747497 --- [rapp-tycoon-backend] [           main] o.s.b.t.m.w.SpringBootMockServletContext : Initializing Spring TestDispatcherServlet ''
2026-05-29T22:09:44.045+01:00  INFO 747497 --- [rapp-tycoon-backend] [           main] o.s.t.web.servlet.TestDispatcherServlet  : Initializing Servlet ''
2026-05-29T22:09:44.046+01:00  INFO 747497 --- [rapp-tycoon-backend] [           main] o.s.b.a.e.web.EndpointLinksResolver      : Exposing 1 endpoint beneath base path '/actuator'
2026-05-29T22:09:44.051+01:00  INFO 747497 --- [rapp-tycoon-backend] [           main] o.s.t.web.servlet.TestDispatcherServlet  : Completed initialization in 6 ms
2026-05-29T22:09:44.059+01:00  INFO 747497 --- [rapp-tycoon-backend] [           main] o.s.m.s.b.SimpleBrokerMessageHandler     : Starting...
2026-05-29T22:09:44.059+01:00  INFO 747497 --- [rapp-tycoon-backend] [           main] o.s.m.s.b.SimpleBrokerMessageHandler     : BrokerAvailabilityEvent[available=true, SimpleBrokerMessageHandler [org.springframework.messaging.simp.broker.DefaultSubscriptionRegistry@258ef93e]]
2026-05-29T22:09:44.059+01:00  INFO 747497 --- [rapp-tycoon-backend] [           main] o.s.m.s.b.SimpleBrokerMessageHandler     : Started.
2026-05-29T22:09:44.062+01:00  INFO 747497 --- [rapp-tycoon-backend] [           main] c.r.security.SecurityIntegrationTest     : Started SecurityIntegrationTest in 0.436 seconds (process running for 18.296)
2026-05-29T22:09:44.066+01:00  INFO 747497 --- [rapp-tycoon-backend] [           main] com.rapptycoon.config.DataSeeder         : Seeding rApp catalogue...
2026-05-29T22:09:44.070+01:00  INFO 747497 --- [rapp-tycoon-backend] [           main] com.rapptycoon.config.DataSeeder         : Seeded 7 rApp templates
2026-05-29T22:09:44.117+01:00  INFO 747497 --- [rapp-tycoon-backend] [           main] o.s.m.s.b.SimpleBrokerMessageHandler     : Stopping...
2026-05-29T22:09:44.117+01:00  INFO 747497 --- [rapp-tycoon-backend] [           main] o.s.m.s.b.SimpleBrokerMessageHandler     : BrokerAvailabilityEvent[available=false, SimpleBrokerMessageHandler [org.springframework.messaging.simp.broker.DefaultSubscriptionRegistry@258ef93e]]
2026-05-29T22:09:44.117+01:00  INFO 747497 --- [rapp-tycoon-backend] [           main] o.s.m.s.b.SimpleBrokerMessageHandler     : Stopped.
2026-05-29T22:09:44.118+01:00  INFO 747497 --- [rapp-tycoon-backend] [           main] j.LocalContainerEntityManagerFactoryBean : Closing JPA EntityManagerFactory for persistence unit 'default'
2026-05-29T22:09:44.119+01:00  INFO 747497 --- [rapp-tycoon-backend] [           main] com.zaxxer.hikari.HikariDataSource       : HikariPool-20 - Shutdown initiated...
2026-05-29T22:09:44.142+01:00  INFO 747497 --- [rapp-tycoon-backend] [           main] com.zaxxer.hikari.HikariDataSource       : HikariPool-20 - Shutdown completed.
[INFO] Tests run: 3, Failures: 0, Errors: 0, Skipped: 0, Time elapsed: 1.388 s -- in Cross-session access returns 403
[INFO] Running Invalid token returns 401
2026-05-29T22:09:44.146+01:00  INFO 747497 --- [rapp-tycoon-backend] [           main] t.c.s.AnnotationConfigContextLoaderUtils : Could not detect default configuration classes for test class [com.rapptycoon.security.SecurityIntegrationTest$InvalidTokenEndpoints]: InvalidTokenEndpoints does not declare any static, non-private, non-final, nested classes annotated with @Configuration.
2026-05-29T22:09:44.148+01:00  INFO 747497 --- [rapp-tycoon-backend] [           main] .b.t.c.SpringBootTestContextBootstrapper : Found @SpringBootConfiguration com.rapptycoon.RappTycoonApplication for test class com.rapptycoon.security.SecurityIntegrationTest$InvalidTokenEndpoints

  .   ____          _            __ _ _
 /\\ / ___'_ __ _ _(_)_ __  __ _ \ \ \ \
( ( )\___ | '_ | '_| | '_ \/ _` | \ \ \ \
 \\/  ___)| |_)| | | | | || (_| |  ) ) ) )
  '  |____| .__|_| |_|_| |_\__, | / / / /
 =========|_|==============|___/=/_/_/_/

 :: Spring Boot ::               (v3.5.14)

2026-05-29T22:09:44.162+01:00  INFO 747497 --- [rapp-tycoon-backend] [           main] c.r.security.SecurityIntegrationTest     : Starting SecurityIntegrationTest using Java 26.0.1 with PID 747497 (started by kevin in /home/kevin/IdeaProjects/rAppsTycoon2/backend)
2026-05-29T22:09:44.162+01:00 DEBUG 747497 --- [rapp-tycoon-backend] [           main] c.r.security.SecurityIntegrationTest     : Running with Spring Boot v3.5.14, Spring v6.2.18
2026-05-29T22:09:44.163+01:00  INFO 747497 --- [rapp-tycoon-backend] [           main] c.r.security.SecurityIntegrationTest     : The following 1 profile is active: "test"
2026-05-29T22:09:44.260+01:00  INFO 747497 --- [rapp-tycoon-backend] [           main] .s.d.r.c.RepositoryConfigurationDelegate : Bootstrapping Spring Data JPA repositories in DEFAULT mode.
2026-05-29T22:09:44.266+01:00  INFO 747497 --- [rapp-tycoon-backend] [           main] .s.d.r.c.RepositoryConfigurationDelegate : Finished Spring Data repository scanning in 6 ms. Found 6 JPA repository interfaces.
2026-05-29T22:09:44.304+01:00  INFO 747497 --- [rapp-tycoon-backend] [           main] o.hibernate.jpa.internal.util.LogHelper  : HHH000204: Processing PersistenceUnitInfo [name: default]
2026-05-29T22:09:44.305+01:00  INFO 747497 --- [rapp-tycoon-backend] [           main] o.h.c.internal.RegionFactoryInitiator    : HHH000026: Second-level cache disabled
2026-05-29T22:09:44.310+01:00  INFO 747497 --- [rapp-tycoon-backend] [           main] o.s.o.j.p.SpringPersistenceUnitInfo      : No LoadTimeWeaver setup: ignoring JPA class transformer
2026-05-29T22:09:44.311+01:00  INFO 747497 --- [rapp-tycoon-backend] [           main] com.zaxxer.hikari.HikariDataSource       : HikariPool-21 - Starting...
2026-05-29T22:09:44.312+01:00  INFO 747497 --- [rapp-tycoon-backend] [           main] com.zaxxer.hikari.pool.HikariPool        : HikariPool-21 - Added connection conn164: url=jdbc:h2:mem:testdb user=SA
2026-05-29T22:09:44.312+01:00  INFO 747497 --- [rapp-tycoon-backend] [           main] com.zaxxer.hikari.HikariDataSource       : HikariPool-21 - Start completed.
2026-05-29T22:09:44.313+01:00  WARN 747497 --- [rapp-tycoon-backend] [           main] org.hibernate.orm.deprecation            : HHH90000025: H2Dialect does not need to be specified explicitly using 'hibernate.dialect' (remove the property setting and it will be selected by default)
2026-05-29T22:09:44.313+01:00  INFO 747497 --- [rapp-tycoon-backend] [           main] org.hibernate.orm.connections.pooling    : HHH10001005: Database info:
	Database JDBC URL [Connecting through datasource 'HikariDataSource (HikariPool-21)']
	Database driver: undefined/unknown
	Database version: 2.3.232
	Autocommit mode: undefined/unknown
	Isolation level: undefined/unknown
	Minimum pool size: undefined/unknown
	Maximum pool size: undefined/unknown
2026-05-29T22:09:44.343+01:00  INFO 747497 --- [rapp-tycoon-backend] [           main] o.h.e.t.j.p.i.JtaPlatformInitiator       : HHH000489: No JTA platform available (set 'hibernate.transaction.jta.platform' to enable JTA platform integration)
2026-05-29T22:09:44.347+01:00  INFO 747497 --- [rapp-tycoon-backend] [           main] j.LocalContainerEntityManagerFactoryBean : Initialized JPA EntityManagerFactory for persistence unit 'default'
2026-05-29T22:09:44.496+01:00  INFO 747497 --- [rapp-tycoon-backend] [           main] o.s.b.t.m.w.SpringBootMockServletContext : Initializing Spring TestDispatcherServlet ''
2026-05-29T22:09:44.496+01:00  INFO 747497 --- [rapp-tycoon-backend] [           main] o.s.t.web.servlet.TestDispatcherServlet  : Initializing Servlet ''
2026-05-29T22:09:44.497+01:00  INFO 747497 --- [rapp-tycoon-backend] [           main] o.s.b.a.e.web.EndpointLinksResolver      : Exposing 1 endpoint beneath base path '/actuator'
2026-05-29T22:09:44.500+01:00  INFO 747497 --- [rapp-tycoon-backend] [           main] o.s.t.web.servlet.TestDispatcherServlet  : Completed initialization in 4 ms
2026-05-29T22:09:44.506+01:00  INFO 747497 --- [rapp-tycoon-backend] [           main] o.s.m.s.b.SimpleBrokerMessageHandler     : Starting...
2026-05-29T22:09:44.507+01:00  INFO 747497 --- [rapp-tycoon-backend] [           main] o.s.m.s.b.SimpleBrokerMessageHandler     : BrokerAvailabilityEvent[available=true, SimpleBrokerMessageHandler [org.springframework.messaging.simp.broker.DefaultSubscriptionRegistry@229de032]]
2026-05-29T22:09:44.507+01:00  INFO 747497 --- [rapp-tycoon-backend] [           main] o.s.m.s.b.SimpleBrokerMessageHandler     : Started.
2026-05-29T22:09:44.511+01:00  INFO 747497 --- [rapp-tycoon-backend] [           main] c.r.security.SecurityIntegrationTest     : Started SecurityIntegrationTest in 0.359 seconds (process running for 18.745)
2026-05-29T22:09:44.514+01:00  INFO 747497 --- [rapp-tycoon-backend] [           main] com.rapptycoon.config.DataSeeder         : Seeding rApp catalogue...
2026-05-29T22:09:44.518+01:00  INFO 747497 --- [rapp-tycoon-backend] [           main] com.rapptycoon.config.DataSeeder         : Seeded 7 rApp templates
2026-05-29T22:09:44.558+01:00  INFO 747497 --- [rapp-tycoon-backend] [           main] o.s.m.s.b.SimpleBrokerMessageHandler     : Stopping...
2026-05-29T22:09:44.558+01:00  INFO 747497 --- [rapp-tycoon-backend] [           main] o.s.m.s.b.SimpleBrokerMessageHandler     : BrokerAvailabilityEvent[available=false, SimpleBrokerMessageHandler [org.springframework.messaging.simp.broker.DefaultSubscriptionRegistry@229de032]]
2026-05-29T22:09:44.558+01:00  INFO 747497 --- [rapp-tycoon-backend] [           main] o.s.m.s.b.SimpleBrokerMessageHandler     : Stopped.
2026-05-29T22:09:44.559+01:00  INFO 747497 --- [rapp-tycoon-backend] [           main] j.LocalContainerEntityManagerFactoryBean : Closing JPA EntityManagerFactory for persistence unit 'default'
2026-05-29T22:09:44.560+01:00  INFO 747497 --- [rapp-tycoon-backend] [           main] com.zaxxer.hikari.HikariDataSource       : HikariPool-21 - Shutdown initiated...
2026-05-29T22:09:44.567+01:00  INFO 747497 --- [rapp-tycoon-backend] [           main] com.zaxxer.hikari.HikariDataSource       : HikariPool-21 - Shutdown completed.

  .   ____          _            __ _ _
 /\\ / ___'_ __ _ _(_)_ __  __ _ \ \ \ \
( ( )\___ | '_ | '_| | '_ \/ _` | \ \ \ \
 \\/  ___)| |_)| | | | | || (_| |  ) ) ) )
  '  |____| .__|_| |_|_| |_\__, | / / / /
 =========|_|==============|___/=/_/_/_/

 :: Spring Boot ::               (v3.5.14)

2026-05-29T22:09:44.579+01:00  INFO 747497 --- [rapp-tycoon-backend] [           main] c.r.security.SecurityIntegrationTest     : Starting SecurityIntegrationTest using Java 26.0.1 with PID 747497 (started by kevin in /home/kevin/IdeaProjects/rAppsTycoon2/backend)
2026-05-29T22:09:44.579+01:00 DEBUG 747497 --- [rapp-tycoon-backend] [           main] c.r.security.SecurityIntegrationTest     : Running with Spring Boot v3.5.14, Spring v6.2.18
2026-05-29T22:09:44.579+01:00  INFO 747497 --- [rapp-tycoon-backend] [           main] c.r.security.SecurityIntegrationTest     : The following 1 profile is active: "test"
2026-05-29T22:09:44.668+01:00  INFO 747497 --- [rapp-tycoon-backend] [           main] .s.d.r.c.RepositoryConfigurationDelegate : Bootstrapping Spring Data JPA repositories in DEFAULT mode.
2026-05-29T22:09:44.676+01:00  INFO 747497 --- [rapp-tycoon-backend] [           main] .s.d.r.c.RepositoryConfigurationDelegate : Finished Spring Data repository scanning in 7 ms. Found 6 JPA repository interfaces.
2026-05-29T22:09:44.723+01:00  INFO 747497 --- [rapp-tycoon-backend] [           main] o.hibernate.jpa.internal.util.LogHelper  : HHH000204: Processing PersistenceUnitInfo [name: default]
2026-05-29T22:09:44.724+01:00  INFO 747497 --- [rapp-tycoon-backend] [           main] o.h.c.internal.RegionFactoryInitiator    : HHH000026: Second-level cache disabled
2026-05-29T22:09:44.728+01:00  INFO 747497 --- [rapp-tycoon-backend] [           main] o.s.o.j.p.SpringPersistenceUnitInfo      : No LoadTimeWeaver setup: ignoring JPA class transformer
2026-05-29T22:09:44.729+01:00  INFO 747497 --- [rapp-tycoon-backend] [           main] com.zaxxer.hikari.HikariDataSource       : HikariPool-22 - Starting...
2026-05-29T22:09:44.730+01:00  INFO 747497 --- [rapp-tycoon-backend] [           main] com.zaxxer.hikari.pool.HikariPool        : HikariPool-22 - Added connection conn170: url=jdbc:h2:mem:testdb user=SA
2026-05-29T22:09:44.730+01:00  INFO 747497 --- [rapp-tycoon-backend] [           main] com.zaxxer.hikari.HikariDataSource       : HikariPool-22 - Start completed.
2026-05-29T22:09:44.730+01:00  WARN 747497 --- [rapp-tycoon-backend] [           main] org.hibernate.orm.deprecation            : HHH90000025: H2Dialect does not need to be specified explicitly using 'hibernate.dialect' (remove the property setting and it will be selected by default)
2026-05-29T22:09:44.730+01:00  INFO 747497 --- [rapp-tycoon-backend] [           main] org.hibernate.orm.connections.pooling    : HHH10001005: Database info:
	Database JDBC URL [Connecting through datasource 'HikariDataSource (HikariPool-22)']
	Database driver: undefined/unknown
	Database version: 2.3.232
	Autocommit mode: undefined/unknown
	Isolation level: undefined/unknown
	Minimum pool size: undefined/unknown
	Maximum pool size: undefined/unknown
2026-05-29T22:09:44.757+01:00  INFO 747497 --- [rapp-tycoon-backend] [           main] o.h.e.t.j.p.i.JtaPlatformInitiator       : HHH000489: No JTA platform available (set 'hibernate.transaction.jta.platform' to enable JTA platform integration)
2026-05-29T22:09:44.761+01:00  INFO 747497 --- [rapp-tycoon-backend] [           main] j.LocalContainerEntityManagerFactoryBean : Initialized JPA EntityManagerFactory for persistence unit 'default'
2026-05-29T22:09:44.899+01:00  INFO 747497 --- [rapp-tycoon-backend] [           main] o.s.b.t.m.w.SpringBootMockServletContext : Initializing Spring TestDispatcherServlet ''
2026-05-29T22:09:44.899+01:00  INFO 747497 --- [rapp-tycoon-backend] [           main] o.s.t.web.servlet.TestDispatcherServlet  : Initializing Servlet ''
2026-05-29T22:09:44.900+01:00  INFO 747497 --- [rapp-tycoon-backend] [           main] o.s.b.a.e.web.EndpointLinksResolver      : Exposing 1 endpoint beneath base path '/actuator'
2026-05-29T22:09:44.903+01:00  INFO 747497 --- [rapp-tycoon-backend] [           main] o.s.t.web.servlet.TestDispatcherServlet  : Completed initialization in 4 ms
2026-05-29T22:09:44.909+01:00  INFO 747497 --- [rapp-tycoon-backend] [           main] o.s.m.s.b.SimpleBrokerMessageHandler     : Starting...
2026-05-29T22:09:44.909+01:00  INFO 747497 --- [rapp-tycoon-backend] [           main] o.s.m.s.b.SimpleBrokerMessageHandler     : BrokerAvailabilityEvent[available=true, SimpleBrokerMessageHandler [org.springframework.messaging.simp.broker.DefaultSubscriptionRegistry@65a388a0]]
2026-05-29T22:09:44.909+01:00  INFO 747497 --- [rapp-tycoon-backend] [           main] o.s.m.s.b.SimpleBrokerMessageHandler     : Started.
2026-05-29T22:09:44.913+01:00  INFO 747497 --- [rapp-tycoon-backend] [           main] c.r.security.SecurityIntegrationTest     : Started SecurityIntegrationTest in 0.344 seconds (process running for 19.147)
2026-05-29T22:09:44.916+01:00  INFO 747497 --- [rapp-tycoon-backend] [           main] com.rapptycoon.config.DataSeeder         : Seeding rApp catalogue...
2026-05-29T22:09:44.919+01:00  INFO 747497 --- [rapp-tycoon-backend] [           main] com.rapptycoon.config.DataSeeder         : Seeded 7 rApp templates
2026-05-29T22:09:44.954+01:00  INFO 747497 --- [rapp-tycoon-backend] [           main] o.s.m.s.b.SimpleBrokerMessageHandler     : Stopping...
2026-05-29T22:09:44.954+01:00  INFO 747497 --- [rapp-tycoon-backend] [           main] o.s.m.s.b.SimpleBrokerMessageHandler     : BrokerAvailabilityEvent[available=false, SimpleBrokerMessageHandler [org.springframework.messaging.simp.broker.DefaultSubscriptionRegistry@65a388a0]]
2026-05-29T22:09:44.954+01:00  INFO 747497 --- [rapp-tycoon-backend] [           main] o.s.m.s.b.SimpleBrokerMessageHandler     : Stopped.
2026-05-29T22:09:44.955+01:00  INFO 747497 --- [rapp-tycoon-backend] [           main] j.LocalContainerEntityManagerFactoryBean : Closing JPA EntityManagerFactory for persistence unit 'default'
2026-05-29T22:09:44.956+01:00  INFO 747497 --- [rapp-tycoon-backend] [           main] com.zaxxer.hikari.HikariDataSource       : HikariPool-22 - Shutdown initiated...
2026-05-29T22:09:44.984+01:00  INFO 747497 --- [rapp-tycoon-backend] [           main] com.zaxxer.hikari.HikariDataSource       : HikariPool-22 - Shutdown completed.

  .   ____          _            __ _ _
 /\\ / ___'_ __ _ _(_)_ __  __ _ \ \ \ \
( ( )\___ | '_ | '_| | '_ \/ _` | \ \ \ \
 \\/  ___)| |_)| | | | | || (_| |  ) ) ) )
  '  |____| .__|_| |_|_| |_\__, | / / / /
 =========|_|==============|___/=/_/_/_/

 :: Spring Boot ::               (v3.5.14)

2026-05-29T22:09:44.997+01:00  INFO 747497 --- [rapp-tycoon-backend] [           main] c.r.security.SecurityIntegrationTest     : Starting SecurityIntegrationTest using Java 26.0.1 with PID 747497 (started by kevin in /home/kevin/IdeaProjects/rAppsTycoon2/backend)
2026-05-29T22:09:44.997+01:00 DEBUG 747497 --- [rapp-tycoon-backend] [           main] c.r.security.SecurityIntegrationTest     : Running with Spring Boot v3.5.14, Spring v6.2.18
2026-05-29T22:09:44.997+01:00  INFO 747497 --- [rapp-tycoon-backend] [           main] c.r.security.SecurityIntegrationTest     : The following 1 profile is active: "test"
2026-05-29T22:09:45.118+01:00  INFO 747497 --- [rapp-tycoon-backend] [           main] .s.d.r.c.RepositoryConfigurationDelegate : Bootstrapping Spring Data JPA repositories in DEFAULT mode.
2026-05-29T22:09:45.127+01:00  INFO 747497 --- [rapp-tycoon-backend] [           main] .s.d.r.c.RepositoryConfigurationDelegate : Finished Spring Data repository scanning in 8 ms. Found 6 JPA repository interfaces.
2026-05-29T22:09:45.170+01:00  INFO 747497 --- [rapp-tycoon-backend] [           main] o.hibernate.jpa.internal.util.LogHelper  : HHH000204: Processing PersistenceUnitInfo [name: default]
2026-05-29T22:09:45.171+01:00  INFO 747497 --- [rapp-tycoon-backend] [           main] o.h.c.internal.RegionFactoryInitiator    : HHH000026: Second-level cache disabled
2026-05-29T22:09:45.175+01:00  INFO 747497 --- [rapp-tycoon-backend] [           main] o.s.o.j.p.SpringPersistenceUnitInfo      : No LoadTimeWeaver setup: ignoring JPA class transformer
2026-05-29T22:09:45.176+01:00  INFO 747497 --- [rapp-tycoon-backend] [           main] com.zaxxer.hikari.HikariDataSource       : HikariPool-23 - Starting...
2026-05-29T22:09:45.176+01:00  INFO 747497 --- [rapp-tycoon-backend] [           main] com.zaxxer.hikari.pool.HikariPool        : HikariPool-23 - Added connection conn176: url=jdbc:h2:mem:testdb user=SA
2026-05-29T22:09:45.176+01:00  INFO 747497 --- [rapp-tycoon-backend] [           main] com.zaxxer.hikari.HikariDataSource       : HikariPool-23 - Start completed.
2026-05-29T22:09:45.177+01:00  WARN 747497 --- [rapp-tycoon-backend] [           main] org.hibernate.orm.deprecation            : HHH90000025: H2Dialect does not need to be specified explicitly using 'hibernate.dialect' (remove the property setting and it will be selected by default)
2026-05-29T22:09:45.177+01:00  INFO 747497 --- [rapp-tycoon-backend] [           main] org.hibernate.orm.connections.pooling    : HHH10001005: Database info:
	Database JDBC URL [Connecting through datasource 'HikariDataSource (HikariPool-23)']
	Database driver: undefined/unknown
	Database version: 2.3.232
	Autocommit mode: undefined/unknown
	Isolation level: undefined/unknown
	Minimum pool size: undefined/unknown
	Maximum pool size: undefined/unknown
2026-05-29T22:09:45.202+01:00  INFO 747497 --- [rapp-tycoon-backend] [           main] o.h.e.t.j.p.i.JtaPlatformInitiator       : HHH000489: No JTA platform available (set 'hibernate.transaction.jta.platform' to enable JTA platform integration)
2026-05-29T22:09:45.206+01:00  INFO 747497 --- [rapp-tycoon-backend] [           main] j.LocalContainerEntityManagerFactoryBean : Initialized JPA EntityManagerFactory for persistence unit 'default'
2026-05-29T22:09:45.348+01:00  INFO 747497 --- [rapp-tycoon-backend] [           main] o.s.b.t.m.w.SpringBootMockServletContext : Initializing Spring TestDispatcherServlet ''
2026-05-29T22:09:45.348+01:00  INFO 747497 --- [rapp-tycoon-backend] [           main] o.s.t.web.servlet.TestDispatcherServlet  : Initializing Servlet ''
2026-05-29T22:09:45.349+01:00  INFO 747497 --- [rapp-tycoon-backend] [           main] o.s.b.a.e.web.EndpointLinksResolver      : Exposing 1 endpoint beneath base path '/actuator'
2026-05-29T22:09:45.351+01:00  INFO 747497 --- [rapp-tycoon-backend] [           main] o.s.t.web.servlet.TestDispatcherServlet  : Completed initialization in 3 ms
2026-05-29T22:09:45.357+01:00  INFO 747497 --- [rapp-tycoon-backend] [           main] o.s.m.s.b.SimpleBrokerMessageHandler     : Starting...
2026-05-29T22:09:45.357+01:00  INFO 747497 --- [rapp-tycoon-backend] [           main] o.s.m.s.b.SimpleBrokerMessageHandler     : BrokerAvailabilityEvent[available=true, SimpleBrokerMessageHandler [org.springframework.messaging.simp.broker.DefaultSubscriptionRegistry@6be85944]]
2026-05-29T22:09:45.357+01:00  INFO 747497 --- [rapp-tycoon-backend] [           main] o.s.m.s.b.SimpleBrokerMessageHandler     : Started.
2026-05-29T22:09:45.361+01:00  INFO 747497 --- [rapp-tycoon-backend] [           main] c.r.security.SecurityIntegrationTest     : Started SecurityIntegrationTest in 0.375 seconds (process running for 19.595)
2026-05-29T22:09:45.364+01:00  INFO 747497 --- [rapp-tycoon-backend] [           main] com.rapptycoon.config.DataSeeder         : Seeding rApp catalogue...
2026-05-29T22:09:45.368+01:00  INFO 747497 --- [rapp-tycoon-backend] [           main] com.rapptycoon.config.DataSeeder         : Seeded 7 rApp templates
2026-05-29T22:09:45.402+01:00  INFO 747497 --- [rapp-tycoon-backend] [           main] o.s.m.s.b.SimpleBrokerMessageHandler     : Stopping...
2026-05-29T22:09:45.402+01:00  INFO 747497 --- [rapp-tycoon-backend] [           main] o.s.m.s.b.SimpleBrokerMessageHandler     : BrokerAvailabilityEvent[available=false, SimpleBrokerMessageHandler [org.springframework.messaging.simp.broker.DefaultSubscriptionRegistry@6be85944]]
2026-05-29T22:09:45.402+01:00  INFO 747497 --- [rapp-tycoon-backend] [           main] o.s.m.s.b.SimpleBrokerMessageHandler     : Stopped.
2026-05-29T22:09:45.403+01:00  INFO 747497 --- [rapp-tycoon-backend] [           main] j.LocalContainerEntityManagerFactoryBean : Closing JPA EntityManagerFactory for persistence unit 'default'
2026-05-29T22:09:45.404+01:00  INFO 747497 --- [rapp-tycoon-backend] [           main] com.zaxxer.hikari.HikariDataSource       : HikariPool-23 - Shutdown initiated...
2026-05-29T22:09:45.431+01:00  INFO 747497 --- [rapp-tycoon-backend] [           main] com.zaxxer.hikari.HikariDataSource       : HikariPool-23 - Shutdown completed.
[INFO] Tests run: 3, Failures: 0, Errors: 0, Skipped: 0, Time elapsed: 1.286 s -- in Invalid token returns 401
[INFO] Running Protected endpoints return 401 without token
2026-05-29T22:09:45.434+01:00  INFO 747497 --- [rapp-tycoon-backend] [           main] t.c.s.AnnotationConfigContextLoaderUtils : Could not detect default configuration classes for test class [com.rapptycoon.security.SecurityIntegrationTest$MissingTokenEndpoints]: MissingTokenEndpoints does not declare any static, non-private, non-final, nested classes annotated with @Configuration.
2026-05-29T22:09:45.435+01:00  INFO 747497 --- [rapp-tycoon-backend] [           main] .b.t.c.SpringBootTestContextBootstrapper : Found @SpringBootConfiguration com.rapptycoon.RappTycoonApplication for test class com.rapptycoon.security.SecurityIntegrationTest$MissingTokenEndpoints

  .   ____          _            __ _ _
 /\\ / ___'_ __ _ _(_)_ __  __ _ \ \ \ \
( ( )\___ | '_ | '_| | '_ \/ _` | \ \ \ \
 \\/  ___)| |_)| | | | | || (_| |  ) ) ) )
  '  |____| .__|_| |_|_| |_\__, | / / / /
 =========|_|==============|___/=/_/_/_/

 :: Spring Boot ::               (v3.5.14)

2026-05-29T22:09:45.450+01:00  INFO 747497 --- [rapp-tycoon-backend] [           main] c.r.security.SecurityIntegrationTest     : Starting SecurityIntegrationTest using Java 26.0.1 with PID 747497 (started by kevin in /home/kevin/IdeaProjects/rAppsTycoon2/backend)
2026-05-29T22:09:45.450+01:00 DEBUG 747497 --- [rapp-tycoon-backend] [           main] c.r.security.SecurityIntegrationTest     : Running with Spring Boot v3.5.14, Spring v6.2.18
2026-05-29T22:09:45.450+01:00  INFO 747497 --- [rapp-tycoon-backend] [           main] c.r.security.SecurityIntegrationTest     : The following 1 profile is active: "test"
2026-05-29T22:09:45.551+01:00  INFO 747497 --- [rapp-tycoon-backend] [           main] .s.d.r.c.RepositoryConfigurationDelegate : Bootstrapping Spring Data JPA repositories in DEFAULT mode.
2026-05-29T22:09:45.558+01:00  INFO 747497 --- [rapp-tycoon-backend] [           main] .s.d.r.c.RepositoryConfigurationDelegate : Finished Spring Data repository scanning in 6 ms. Found 6 JPA repository interfaces.
2026-05-29T22:09:45.598+01:00  INFO 747497 --- [rapp-tycoon-backend] [           main] o.hibernate.jpa.internal.util.LogHelper  : HHH000204: Processing PersistenceUnitInfo [name: default]
2026-05-29T22:09:45.599+01:00  INFO 747497 --- [rapp-tycoon-backend] [           main] o.h.c.internal.RegionFactoryInitiator    : HHH000026: Second-level cache disabled
2026-05-29T22:09:45.603+01:00  INFO 747497 --- [rapp-tycoon-backend] [           main] o.s.o.j.p.SpringPersistenceUnitInfo      : No LoadTimeWeaver setup: ignoring JPA class transformer
2026-05-29T22:09:45.603+01:00  INFO 747497 --- [rapp-tycoon-backend] [           main] com.zaxxer.hikari.HikariDataSource       : HikariPool-24 - Starting...
2026-05-29T22:09:45.604+01:00  INFO 747497 --- [rapp-tycoon-backend] [           main] com.zaxxer.hikari.pool.HikariPool        : HikariPool-24 - Added connection conn182: url=jdbc:h2:mem:testdb user=SA
2026-05-29T22:09:45.604+01:00  INFO 747497 --- [rapp-tycoon-backend] [           main] com.zaxxer.hikari.HikariDataSource       : HikariPool-24 - Start completed.
2026-05-29T22:09:45.605+01:00  WARN 747497 --- [rapp-tycoon-backend] [           main] org.hibernate.orm.deprecation            : HHH90000025: H2Dialect does not need to be specified explicitly using 'hibernate.dialect' (remove the property setting and it will be selected by default)
2026-05-29T22:09:45.605+01:00  INFO 747497 --- [rapp-tycoon-backend] [           main] org.hibernate.orm.connections.pooling    : HHH10001005: Database info:
	Database JDBC URL [Connecting through datasource 'HikariDataSource (HikariPool-24)']
	Database driver: undefined/unknown
	Database version: 2.3.232
	Autocommit mode: undefined/unknown
	Isolation level: undefined/unknown
	Minimum pool size: undefined/unknown
	Maximum pool size: undefined/unknown
2026-05-29T22:09:45.633+01:00  INFO 747497 --- [rapp-tycoon-backend] [           main] o.h.e.t.j.p.i.JtaPlatformInitiator       : HHH000489: No JTA platform available (set 'hibernate.transaction.jta.platform' to enable JTA platform integration)
2026-05-29T22:09:45.636+01:00  INFO 747497 --- [rapp-tycoon-backend] [           main] j.LocalContainerEntityManagerFactoryBean : Initialized JPA EntityManagerFactory for persistence unit 'default'
2026-05-29T22:09:45.791+01:00  INFO 747497 --- [rapp-tycoon-backend] [           main] o.s.b.t.m.w.SpringBootMockServletContext : Initializing Spring TestDispatcherServlet ''
2026-05-29T22:09:45.791+01:00  INFO 747497 --- [rapp-tycoon-backend] [           main] o.s.t.web.servlet.TestDispatcherServlet  : Initializing Servlet ''
2026-05-29T22:09:45.792+01:00  INFO 747497 --- [rapp-tycoon-backend] [           main] o.s.b.a.e.web.EndpointLinksResolver      : Exposing 1 endpoint beneath base path '/actuator'
2026-05-29T22:09:45.795+01:00  INFO 747497 --- [rapp-tycoon-backend] [           main] o.s.t.web.servlet.TestDispatcherServlet  : Completed initialization in 4 ms
2026-05-29T22:09:45.801+01:00  INFO 747497 --- [rapp-tycoon-backend] [           main] o.s.m.s.b.SimpleBrokerMessageHandler     : Starting...
2026-05-29T22:09:45.801+01:00  INFO 747497 --- [rapp-tycoon-backend] [           main] o.s.m.s.b.SimpleBrokerMessageHandler     : BrokerAvailabilityEvent[available=true, SimpleBrokerMessageHandler [org.springframework.messaging.simp.broker.DefaultSubscriptionRegistry@70dd8888]]
2026-05-29T22:09:45.801+01:00  INFO 747497 --- [rapp-tycoon-backend] [           main] o.s.m.s.b.SimpleBrokerMessageHandler     : Started.
2026-05-29T22:09:45.804+01:00  INFO 747497 --- [rapp-tycoon-backend] [           main] c.r.security.SecurityIntegrationTest     : Started SecurityIntegrationTest in 0.367 seconds (process running for 20.038)
2026-05-29T22:09:45.809+01:00  INFO 747497 --- [rapp-tycoon-backend] [           main] com.rapptycoon.config.DataSeeder         : Seeding rApp catalogue...
2026-05-29T22:09:45.813+01:00  INFO 747497 --- [rapp-tycoon-backend] [           main] com.rapptycoon.config.DataSeeder         : Seeded 7 rApp templates
2026-05-29T22:09:45.846+01:00  INFO 747497 --- [rapp-tycoon-backend] [           main] o.s.m.s.b.SimpleBrokerMessageHandler     : Stopping...
2026-05-29T22:09:45.846+01:00  INFO 747497 --- [rapp-tycoon-backend] [           main] o.s.m.s.b.SimpleBrokerMessageHandler     : BrokerAvailabilityEvent[available=false, SimpleBrokerMessageHandler [org.springframework.messaging.simp.broker.DefaultSubscriptionRegistry@70dd8888]]
2026-05-29T22:09:45.846+01:00  INFO 747497 --- [rapp-tycoon-backend] [           main] o.s.m.s.b.SimpleBrokerMessageHandler     : Stopped.
2026-05-29T22:09:45.847+01:00  INFO 747497 --- [rapp-tycoon-backend] [           main] j.LocalContainerEntityManagerFactoryBean : Closing JPA EntityManagerFactory for persistence unit 'default'
2026-05-29T22:09:45.848+01:00  INFO 747497 --- [rapp-tycoon-backend] [           main] com.zaxxer.hikari.HikariDataSource       : HikariPool-24 - Shutdown initiated...
2026-05-29T22:09:45.859+01:00  INFO 747497 --- [rapp-tycoon-backend] [           main] com.zaxxer.hikari.HikariDataSource       : HikariPool-24 - Shutdown completed.

  .   ____          _            __ _ _
 /\\ / ___'_ __ _ _(_)_ __  __ _ \ \ \ \
( ( )\___ | '_ | '_| | '_ \/ _` | \ \ \ \
 \\/  ___)| |_)| | | | | || (_| |  ) ) ) )
  '  |____| .__|_| |_|_| |_\__, | / / / /
 =========|_|==============|___/=/_/_/_/

 :: Spring Boot ::               (v3.5.14)

2026-05-29T22:09:45.872+01:00  INFO 747497 --- [rapp-tycoon-backend] [           main] c.r.security.SecurityIntegrationTest     : Starting SecurityIntegrationTest using Java 26.0.1 with PID 747497 (started by kevin in /home/kevin/IdeaProjects/rAppsTycoon2/backend)
2026-05-29T22:09:45.872+01:00 DEBUG 747497 --- [rapp-tycoon-backend] [           main] c.r.security.SecurityIntegrationTest     : Running with Spring Boot v3.5.14, Spring v6.2.18
2026-05-29T22:09:45.872+01:00  INFO 747497 --- [rapp-tycoon-backend] [           main] c.r.security.SecurityIntegrationTest     : The following 1 profile is active: "test"
2026-05-29T22:09:45.963+01:00  INFO 747497 --- [rapp-tycoon-backend] [           main] .s.d.r.c.RepositoryConfigurationDelegate : Bootstrapping Spring Data JPA repositories in DEFAULT mode.
2026-05-29T22:09:45.970+01:00  INFO 747497 --- [rapp-tycoon-backend] [           main] .s.d.r.c.RepositoryConfigurationDelegate : Finished Spring Data repository scanning in 6 ms. Found 6 JPA repository interfaces.
2026-05-29T22:09:46.000+01:00  INFO 747497 --- [rapp-tycoon-backend] [           main] o.hibernate.jpa.internal.util.LogHelper  : HHH000204: Processing PersistenceUnitInfo [name: default]
2026-05-29T22:09:46.000+01:00  INFO 747497 --- [rapp-tycoon-backend] [           main] o.h.c.internal.RegionFactoryInitiator    : HHH000026: Second-level cache disabled
2026-05-29T22:09:46.004+01:00  INFO 747497 --- [rapp-tycoon-backend] [           main] o.s.o.j.p.SpringPersistenceUnitInfo      : No LoadTimeWeaver setup: ignoring JPA class transformer
2026-05-29T22:09:46.005+01:00  INFO 747497 --- [rapp-tycoon-backend] [           main] com.zaxxer.hikari.HikariDataSource       : HikariPool-25 - Starting...
2026-05-29T22:09:46.005+01:00  INFO 747497 --- [rapp-tycoon-backend] [           main] com.zaxxer.hikari.pool.HikariPool        : HikariPool-25 - Added connection conn188: url=jdbc:h2:mem:testdb user=SA
2026-05-29T22:09:46.006+01:00  INFO 747497 --- [rapp-tycoon-backend] [           main] com.zaxxer.hikari.HikariDataSource       : HikariPool-25 - Start completed.
2026-05-29T22:09:46.006+01:00  WARN 747497 --- [rapp-tycoon-backend] [           main] org.hibernate.orm.deprecation            : HHH90000025: H2Dialect does not need to be specified explicitly using 'hibernate.dialect' (remove the property setting and it will be selected by default)
2026-05-29T22:09:46.006+01:00  INFO 747497 --- [rapp-tycoon-backend] [           main] org.hibernate.orm.connections.pooling    : HHH10001005: Database info:
	Database JDBC URL [Connecting through datasource 'HikariDataSource (HikariPool-25)']
	Database driver: undefined/unknown
	Database version: 2.3.232
	Autocommit mode: undefined/unknown
	Isolation level: undefined/unknown
	Minimum pool size: undefined/unknown
	Maximum pool size: undefined/unknown
2026-05-29T22:09:46.033+01:00  INFO 747497 --- [rapp-tycoon-backend] [           main] o.h.e.t.j.p.i.JtaPlatformInitiator       : HHH000489: No JTA platform available (set 'hibernate.transaction.jta.platform' to enable JTA platform integration)
2026-05-29T22:09:46.038+01:00  INFO 747497 --- [rapp-tycoon-backend] [           main] j.LocalContainerEntityManagerFactoryBean : Initialized JPA EntityManagerFactory for persistence unit 'default'
2026-05-29T22:09:46.175+01:00  INFO 747497 --- [rapp-tycoon-backend] [           main] o.s.b.t.m.w.SpringBootMockServletContext : Initializing Spring TestDispatcherServlet ''
2026-05-29T22:09:46.175+01:00  INFO 747497 --- [rapp-tycoon-backend] [           main] o.s.t.web.servlet.TestDispatcherServlet  : Initializing Servlet ''
2026-05-29T22:09:46.176+01:00  INFO 747497 --- [rapp-tycoon-backend] [           main] o.s.b.a.e.web.EndpointLinksResolver      : Exposing 1 endpoint beneath base path '/actuator'
2026-05-29T22:09:46.179+01:00  INFO 747497 --- [rapp-tycoon-backend] [           main] o.s.t.web.servlet.TestDispatcherServlet  : Completed initialization in 4 ms
2026-05-29T22:09:46.184+01:00  INFO 747497 --- [rapp-tycoon-backend] [           main] o.s.m.s.b.SimpleBrokerMessageHandler     : Starting...
2026-05-29T22:09:46.184+01:00  INFO 747497 --- [rapp-tycoon-backend] [           main] o.s.m.s.b.SimpleBrokerMessageHandler     : BrokerAvailabilityEvent[available=true, SimpleBrokerMessageHandler [org.springframework.messaging.simp.broker.DefaultSubscriptionRegistry@6ae375bf]]
2026-05-29T22:09:46.184+01:00  INFO 747497 --- [rapp-tycoon-backend] [           main] o.s.m.s.b.SimpleBrokerMessageHandler     : Started.
2026-05-29T22:09:46.187+01:00  INFO 747497 --- [rapp-tycoon-backend] [           main] c.r.security.SecurityIntegrationTest     : Started SecurityIntegrationTest in 0.326 seconds (process running for 20.421)
2026-05-29T22:09:46.190+01:00  INFO 747497 --- [rapp-tycoon-backend] [           main] com.rapptycoon.config.DataSeeder         : Seeding rApp catalogue...
2026-05-29T22:09:46.194+01:00  INFO 747497 --- [rapp-tycoon-backend] [           main] com.rapptycoon.config.DataSeeder         : Seeded 7 rApp templates
2026-05-29T22:09:46.223+01:00  INFO 747497 --- [rapp-tycoon-backend] [           main] o.s.m.s.b.SimpleBrokerMessageHandler     : Stopping...
2026-05-29T22:09:46.223+01:00  INFO 747497 --- [rapp-tycoon-backend] [           main] o.s.m.s.b.SimpleBrokerMessageHandler     : BrokerAvailabilityEvent[available=false, SimpleBrokerMessageHandler [org.springframework.messaging.simp.broker.DefaultSubscriptionRegistry@6ae375bf]]
2026-05-29T22:09:46.223+01:00  INFO 747497 --- [rapp-tycoon-backend] [           main] o.s.m.s.b.SimpleBrokerMessageHandler     : Stopped.
2026-05-29T22:09:46.224+01:00  INFO 747497 --- [rapp-tycoon-backend] [           main] j.LocalContainerEntityManagerFactoryBean : Closing JPA EntityManagerFactory for persistence unit 'default'
2026-05-29T22:09:46.225+01:00  INFO 747497 --- [rapp-tycoon-backend] [           main] com.zaxxer.hikari.HikariDataSource       : HikariPool-25 - Shutdown initiated...
2026-05-29T22:09:46.230+01:00  INFO 747497 --- [rapp-tycoon-backend] [           main] com.zaxxer.hikari.HikariDataSource       : HikariPool-25 - Shutdown completed.

  .   ____          _            __ _ _
 /\\ / ___'_ __ _ _(_)_ __  __ _ \ \ \ \
( ( )\___ | '_ | '_| | '_ \/ _` | \ \ \ \
 \\/  ___)| |_)| | | | | || (_| |  ) ) ) )
  '  |____| .__|_| |_|_| |_\__, | / / / /
 =========|_|==============|___/=/_/_/_/

 :: Spring Boot ::               (v3.5.14)

2026-05-29T22:09:46.243+01:00  INFO 747497 --- [rapp-tycoon-backend] [           main] c.r.security.SecurityIntegrationTest     : Starting SecurityIntegrationTest using Java 26.0.1 with PID 747497 (started by kevin in /home/kevin/IdeaProjects/rAppsTycoon2/backend)
2026-05-29T22:09:46.243+01:00 DEBUG 747497 --- [rapp-tycoon-backend] [           main] c.r.security.SecurityIntegrationTest     : Running with Spring Boot v3.5.14, Spring v6.2.18
2026-05-29T22:09:46.243+01:00  INFO 747497 --- [rapp-tycoon-backend] [           main] c.r.security.SecurityIntegrationTest     : The following 1 profile is active: "test"
2026-05-29T22:09:46.347+01:00  INFO 747497 --- [rapp-tycoon-backend] [           main] .s.d.r.c.RepositoryConfigurationDelegate : Bootstrapping Spring Data JPA repositories in DEFAULT mode.
2026-05-29T22:09:46.353+01:00  INFO 747497 --- [rapp-tycoon-backend] [           main] .s.d.r.c.RepositoryConfigurationDelegate : Finished Spring Data repository scanning in 6 ms. Found 6 JPA repository interfaces.
2026-05-29T22:09:46.397+01:00  INFO 747497 --- [rapp-tycoon-backend] [           main] o.hibernate.jpa.internal.util.LogHelper  : HHH000204: Processing PersistenceUnitInfo [name: default]
2026-05-29T22:09:46.398+01:00  INFO 747497 --- [rapp-tycoon-backend] [           main] o.h.c.internal.RegionFactoryInitiator    : HHH000026: Second-level cache disabled
2026-05-29T22:09:46.403+01:00  INFO 747497 --- [rapp-tycoon-backend] [           main] o.s.o.j.p.SpringPersistenceUnitInfo      : No LoadTimeWeaver setup: ignoring JPA class transformer
2026-05-29T22:09:46.403+01:00  INFO 747497 --- [rapp-tycoon-backend] [           main] com.zaxxer.hikari.HikariDataSource       : HikariPool-26 - Starting...
2026-05-29T22:09:46.404+01:00  INFO 747497 --- [rapp-tycoon-backend] [           main] com.zaxxer.hikari.pool.HikariPool        : HikariPool-26 - Added connection conn193: url=jdbc:h2:mem:testdb user=SA
2026-05-29T22:09:46.404+01:00  INFO 747497 --- [rapp-tycoon-backend] [           main] com.zaxxer.hikari.HikariDataSource       : HikariPool-26 - Start completed.
2026-05-29T22:09:46.405+01:00  WARN 747497 --- [rapp-tycoon-backend] [           main] org.hibernate.orm.deprecation            : HHH90000025: H2Dialect does not need to be specified explicitly using 'hibernate.dialect' (remove the property setting and it will be selected by default)
2026-05-29T22:09:46.405+01:00  INFO 747497 --- [rapp-tycoon-backend] [           main] org.hibernate.orm.connections.pooling    : HHH10001005: Database info:
	Database JDBC URL [Connecting through datasource 'HikariDataSource (HikariPool-26)']
	Database driver: undefined/unknown
	Database version: 2.3.232
	Autocommit mode: undefined/unknown
	Isolation level: undefined/unknown
	Minimum pool size: undefined/unknown
	Maximum pool size: undefined/unknown
2026-05-29T22:09:46.433+01:00  INFO 747497 --- [rapp-tycoon-backend] [           main] o.h.e.t.j.p.i.JtaPlatformInitiator       : HHH000489: No JTA platform available (set 'hibernate.transaction.jta.platform' to enable JTA platform integration)
2026-05-29T22:09:46.439+01:00  INFO 747497 --- [rapp-tycoon-backend] [           main] j.LocalContainerEntityManagerFactoryBean : Initialized JPA EntityManagerFactory for persistence unit 'default'
2026-05-29T22:09:46.622+01:00  INFO 747497 --- [rapp-tycoon-backend] [           main] o.s.b.t.m.w.SpringBootMockServletContext : Initializing Spring TestDispatcherServlet ''
2026-05-29T22:09:46.623+01:00  INFO 747497 --- [rapp-tycoon-backend] [           main] o.s.t.web.servlet.TestDispatcherServlet  : Initializing Servlet ''
2026-05-29T22:09:46.624+01:00  INFO 747497 --- [rapp-tycoon-backend] [           main] o.s.b.a.e.web.EndpointLinksResolver      : Exposing 1 endpoint beneath base path '/actuator'
2026-05-29T22:09:46.628+01:00  INFO 747497 --- [rapp-tycoon-backend] [           main] o.s.t.web.servlet.TestDispatcherServlet  : Completed initialization in 5 ms
2026-05-29T22:09:46.635+01:00  INFO 747497 --- [rapp-tycoon-backend] [           main] o.s.m.s.b.SimpleBrokerMessageHandler     : Starting...
2026-05-29T22:09:46.635+01:00  INFO 747497 --- [rapp-tycoon-backend] [           main] o.s.m.s.b.SimpleBrokerMessageHandler     : BrokerAvailabilityEvent[available=true, SimpleBrokerMessageHandler [org.springframework.messaging.simp.broker.DefaultSubscriptionRegistry@5551285f]]
2026-05-29T22:09:46.635+01:00  INFO 747497 --- [rapp-tycoon-backend] [           main] o.s.m.s.b.SimpleBrokerMessageHandler     : Started.
2026-05-29T22:09:46.639+01:00  INFO 747497 --- [rapp-tycoon-backend] [           main] c.r.security.SecurityIntegrationTest     : Started SecurityIntegrationTest in 0.407 seconds (process running for 20.874)
2026-05-29T22:09:46.644+01:00  INFO 747497 --- [rapp-tycoon-backend] [           main] com.rapptycoon.config.DataSeeder         : Seeding rApp catalogue...
2026-05-29T22:09:46.652+01:00  INFO 747497 --- [rapp-tycoon-backend] [           main] com.rapptycoon.config.DataSeeder         : Seeded 7 rApp templates
2026-05-29T22:09:46.725+01:00  INFO 747497 --- [rapp-tycoon-backend] [           main] o.s.m.s.b.SimpleBrokerMessageHandler     : Stopping...
2026-05-29T22:09:46.725+01:00  INFO 747497 --- [rapp-tycoon-backend] [           main] o.s.m.s.b.SimpleBrokerMessageHandler     : BrokerAvailabilityEvent[available=false, SimpleBrokerMessageHandler [org.springframework.messaging.simp.broker.DefaultSubscriptionRegistry@5551285f]]
2026-05-29T22:09:46.725+01:00  INFO 747497 --- [rapp-tycoon-backend] [           main] o.s.m.s.b.SimpleBrokerMessageHandler     : Stopped.
2026-05-29T22:09:46.726+01:00  INFO 747497 --- [rapp-tycoon-backend] [           main] j.LocalContainerEntityManagerFactoryBean : Closing JPA EntityManagerFactory for persistence unit 'default'
2026-05-29T22:09:46.727+01:00  INFO 747497 --- [rapp-tycoon-backend] [           main] com.zaxxer.hikari.HikariDataSource       : HikariPool-26 - Shutdown initiated...
2026-05-29T22:09:46.745+01:00  INFO 747497 --- [rapp-tycoon-backend] [           main] com.zaxxer.hikari.HikariDataSource       : HikariPool-26 - Shutdown completed.

  .   ____          _            __ _ _
 /\\ / ___'_ __ _ _(_)_ __  __ _ \ \ \ \
( ( )\___ | '_ | '_| | '_ \/ _` | \ \ \ \
 \\/  ___)| |_)| | | | | || (_| |  ) ) ) )
  '  |____| .__|_| |_|_| |_\__, | / / / /
 =========|_|==============|___/=/_/_/_/

 :: Spring Boot ::               (v3.5.14)

2026-05-29T22:09:46.759+01:00  INFO 747497 --- [rapp-tycoon-backend] [           main] c.r.security.SecurityIntegrationTest     : Starting SecurityIntegrationTest using Java 26.0.1 with PID 747497 (started by kevin in /home/kevin/IdeaProjects/rAppsTycoon2/backend)
2026-05-29T22:09:46.759+01:00 DEBUG 747497 --- [rapp-tycoon-backend] [           main] c.r.security.SecurityIntegrationTest     : Running with Spring Boot v3.5.14, Spring v6.2.18
2026-05-29T22:09:46.759+01:00  INFO 747497 --- [rapp-tycoon-backend] [           main] c.r.security.SecurityIntegrationTest     : The following 1 profile is active: "test"
2026-05-29T22:09:46.863+01:00  INFO 747497 --- [rapp-tycoon-backend] [           main] .s.d.r.c.RepositoryConfigurationDelegate : Bootstrapping Spring Data JPA repositories in DEFAULT mode.
2026-05-29T22:09:46.870+01:00  INFO 747497 --- [rapp-tycoon-backend] [           main] .s.d.r.c.RepositoryConfigurationDelegate : Finished Spring Data repository scanning in 6 ms. Found 6 JPA repository interfaces.
2026-05-29T22:09:46.907+01:00  INFO 747497 --- [rapp-tycoon-backend] [           main] o.hibernate.jpa.internal.util.LogHelper  : HHH000204: Processing PersistenceUnitInfo [name: default]
2026-05-29T22:09:46.907+01:00  INFO 747497 --- [rapp-tycoon-backend] [           main] o.h.c.internal.RegionFactoryInitiator    : HHH000026: Second-level cache disabled
2026-05-29T22:09:46.911+01:00  INFO 747497 --- [rapp-tycoon-backend] [           main] o.s.o.j.p.SpringPersistenceUnitInfo      : No LoadTimeWeaver setup: ignoring JPA class transformer
2026-05-29T22:09:46.912+01:00  INFO 747497 --- [rapp-tycoon-backend] [           main] com.zaxxer.hikari.HikariDataSource       : HikariPool-27 - Starting...
2026-05-29T22:09:46.912+01:00  INFO 747497 --- [rapp-tycoon-backend] [           main] com.zaxxer.hikari.pool.HikariPool        : HikariPool-27 - Added connection conn201: url=jdbc:h2:mem:testdb user=SA
2026-05-29T22:09:46.913+01:00  INFO 747497 --- [rapp-tycoon-backend] [           main] com.zaxxer.hikari.HikariDataSource       : HikariPool-27 - Start completed.
2026-05-29T22:09:46.913+01:00  WARN 747497 --- [rapp-tycoon-backend] [           main] org.hibernate.orm.deprecation            : HHH90000025: H2Dialect does not need to be specified explicitly using 'hibernate.dialect' (remove the property setting and it will be selected by default)
2026-05-29T22:09:46.913+01:00  INFO 747497 --- [rapp-tycoon-backend] [           main] org.hibernate.orm.connections.pooling    : HHH10001005: Database info:
	Database JDBC URL [Connecting through datasource 'HikariDataSource (HikariPool-27)']
	Database driver: undefined/unknown
	Database version: 2.3.232
	Autocommit mode: undefined/unknown
	Isolation level: undefined/unknown
	Minimum pool size: undefined/unknown
	Maximum pool size: undefined/unknown
2026-05-29T22:09:46.936+01:00  INFO 747497 --- [rapp-tycoon-backend] [           main] o.h.e.t.j.p.i.JtaPlatformInitiator       : HHH000489: No JTA platform available (set 'hibernate.transaction.jta.platform' to enable JTA platform integration)
2026-05-29T22:09:46.940+01:00  INFO 747497 --- [rapp-tycoon-backend] [           main] j.LocalContainerEntityManagerFactoryBean : Initialized JPA EntityManagerFactory for persistence unit 'default'
2026-05-29T22:09:47.082+01:00  INFO 747497 --- [rapp-tycoon-backend] [           main] o.s.b.t.m.w.SpringBootMockServletContext : Initializing Spring TestDispatcherServlet ''
2026-05-29T22:09:47.083+01:00  INFO 747497 --- [rapp-tycoon-backend] [           main] o.s.t.web.servlet.TestDispatcherServlet  : Initializing Servlet ''
2026-05-29T22:09:47.084+01:00  INFO 747497 --- [rapp-tycoon-backend] [           main] o.s.b.a.e.web.EndpointLinksResolver      : Exposing 1 endpoint beneath base path '/actuator'
2026-05-29T22:09:47.087+01:00  INFO 747497 --- [rapp-tycoon-backend] [           main] o.s.t.web.servlet.TestDispatcherServlet  : Completed initialization in 3 ms
2026-05-29T22:09:47.093+01:00  INFO 747497 --- [rapp-tycoon-backend] [           main] o.s.m.s.b.SimpleBrokerMessageHandler     : Starting...
2026-05-29T22:09:47.093+01:00  INFO 747497 --- [rapp-tycoon-backend] [           main] o.s.m.s.b.SimpleBrokerMessageHandler     : BrokerAvailabilityEvent[available=true, SimpleBrokerMessageHandler [org.springframework.messaging.simp.broker.DefaultSubscriptionRegistry@29640a80]]
2026-05-29T22:09:47.093+01:00  INFO 747497 --- [rapp-tycoon-backend] [           main] o.s.m.s.b.SimpleBrokerMessageHandler     : Started.
2026-05-29T22:09:47.097+01:00  INFO 747497 --- [rapp-tycoon-backend] [           main] c.r.security.SecurityIntegrationTest     : Started SecurityIntegrationTest in 0.349 seconds (process running for 21.331)
2026-05-29T22:09:47.100+01:00  INFO 747497 --- [rapp-tycoon-backend] [           main] com.rapptycoon.config.DataSeeder         : Seeding rApp catalogue...
2026-05-29T22:09:47.104+01:00  INFO 747497 --- [rapp-tycoon-backend] [           main] com.rapptycoon.config.DataSeeder         : Seeded 7 rApp templates
2026-05-29T22:09:47.143+01:00  INFO 747497 --- [rapp-tycoon-backend] [           main] o.s.m.s.b.SimpleBrokerMessageHandler     : Stopping...
2026-05-29T22:09:47.143+01:00  INFO 747497 --- [rapp-tycoon-backend] [           main] o.s.m.s.b.SimpleBrokerMessageHandler     : BrokerAvailabilityEvent[available=false, SimpleBrokerMessageHandler [org.springframework.messaging.simp.broker.DefaultSubscriptionRegistry@29640a80]]
2026-05-29T22:09:47.143+01:00  INFO 747497 --- [rapp-tycoon-backend] [           main] o.s.m.s.b.SimpleBrokerMessageHandler     : Stopped.
2026-05-29T22:09:47.143+01:00  INFO 747497 --- [rapp-tycoon-backend] [           main] j.LocalContainerEntityManagerFactoryBean : Closing JPA EntityManagerFactory for persistence unit 'default'
2026-05-29T22:09:47.144+01:00  INFO 747497 --- [rapp-tycoon-backend] [           main] com.zaxxer.hikari.HikariDataSource       : HikariPool-27 - Shutdown initiated...
2026-05-29T22:09:47.167+01:00  INFO 747497 --- [rapp-tycoon-backend] [           main] com.zaxxer.hikari.HikariDataSource       : HikariPool-27 - Shutdown completed.

  .   ____          _            __ _ _
 /\\ / ___'_ __ _ _(_)_ __  __ _ \ \ \ \
( ( )\___ | '_ | '_| | '_ \/ _` | \ \ \ \
 \\/  ___)| |_)| | | | | || (_| |  ) ) ) )
  '  |____| .__|_| |_|_| |_\__, | / / / /
 =========|_|==============|___/=/_/_/_/

 :: Spring Boot ::               (v3.5.14)

2026-05-29T22:09:47.179+01:00  INFO 747497 --- [rapp-tycoon-backend] [           main] c.r.security.SecurityIntegrationTest     : Starting SecurityIntegrationTest using Java 26.0.1 with PID 747497 (started by kevin in /home/kevin/IdeaProjects/rAppsTycoon2/backend)
2026-05-29T22:09:47.179+01:00 DEBUG 747497 --- [rapp-tycoon-backend] [           main] c.r.security.SecurityIntegrationTest     : Running with Spring Boot v3.5.14, Spring v6.2.18
2026-05-29T22:09:47.179+01:00  INFO 747497 --- [rapp-tycoon-backend] [           main] c.r.security.SecurityIntegrationTest     : The following 1 profile is active: "test"
2026-05-29T22:09:47.266+01:00  INFO 747497 --- [rapp-tycoon-backend] [           main] .s.d.r.c.RepositoryConfigurationDelegate : Bootstrapping Spring Data JPA repositories in DEFAULT mode.
2026-05-29T22:09:47.272+01:00  INFO 747497 --- [rapp-tycoon-backend] [           main] .s.d.r.c.RepositoryConfigurationDelegate : Finished Spring Data repository scanning in 6 ms. Found 6 JPA repository interfaces.
2026-05-29T22:09:47.305+01:00  INFO 747497 --- [rapp-tycoon-backend] [           main] o.hibernate.jpa.internal.util.LogHelper  : HHH000204: Processing PersistenceUnitInfo [name: default]
2026-05-29T22:09:47.306+01:00  INFO 747497 --- [rapp-tycoon-backend] [           main] o.h.c.internal.RegionFactoryInitiator    : HHH000026: Second-level cache disabled
2026-05-29T22:09:47.310+01:00  INFO 747497 --- [rapp-tycoon-backend] [           main] o.s.o.j.p.SpringPersistenceUnitInfo      : No LoadTimeWeaver setup: ignoring JPA class transformer
2026-05-29T22:09:47.311+01:00  INFO 747497 --- [rapp-tycoon-backend] [           main] com.zaxxer.hikari.HikariDataSource       : HikariPool-28 - Starting...
2026-05-29T22:09:47.311+01:00  INFO 747497 --- [rapp-tycoon-backend] [           main] com.zaxxer.hikari.pool.HikariPool        : HikariPool-28 - Added connection conn207: url=jdbc:h2:mem:testdb user=SA
2026-05-29T22:09:47.311+01:00  INFO 747497 --- [rapp-tycoon-backend] [           main] com.zaxxer.hikari.HikariDataSource       : HikariPool-28 - Start completed.
2026-05-29T22:09:47.312+01:00  WARN 747497 --- [rapp-tycoon-backend] [           main] org.hibernate.orm.deprecation            : HHH90000025: H2Dialect does not need to be specified explicitly using 'hibernate.dialect' (remove the property setting and it will be selected by default)
2026-05-29T22:09:47.312+01:00  INFO 747497 --- [rapp-tycoon-backend] [           main] org.hibernate.orm.connections.pooling    : HHH10001005: Database info:
	Database JDBC URL [Connecting through datasource 'HikariDataSource (HikariPool-28)']
	Database driver: undefined/unknown
	Database version: 2.3.232
	Autocommit mode: undefined/unknown
	Isolation level: undefined/unknown
	Minimum pool size: undefined/unknown
	Maximum pool size: undefined/unknown
2026-05-29T22:09:47.336+01:00  INFO 747497 --- [rapp-tycoon-backend] [           main] o.h.e.t.j.p.i.JtaPlatformInitiator       : HHH000489: No JTA platform available (set 'hibernate.transaction.jta.platform' to enable JTA platform integration)
2026-05-29T22:09:47.340+01:00  INFO 747497 --- [rapp-tycoon-backend] [           main] j.LocalContainerEntityManagerFactoryBean : Initialized JPA EntityManagerFactory for persistence unit 'default'
2026-05-29T22:09:47.483+01:00  INFO 747497 --- [rapp-tycoon-backend] [           main] o.s.b.t.m.w.SpringBootMockServletContext : Initializing Spring TestDispatcherServlet ''
2026-05-29T22:09:47.483+01:00  INFO 747497 --- [rapp-tycoon-backend] [           main] o.s.t.web.servlet.TestDispatcherServlet  : Initializing Servlet ''
2026-05-29T22:09:47.484+01:00  INFO 747497 --- [rapp-tycoon-backend] [           main] o.s.b.a.e.web.EndpointLinksResolver      : Exposing 1 endpoint beneath base path '/actuator'
2026-05-29T22:09:47.488+01:00  INFO 747497 --- [rapp-tycoon-backend] [           main] o.s.t.web.servlet.TestDispatcherServlet  : Completed initialization in 5 ms
2026-05-29T22:09:47.494+01:00  INFO 747497 --- [rapp-tycoon-backend] [           main] o.s.m.s.b.SimpleBrokerMessageHandler     : Starting...
2026-05-29T22:09:47.494+01:00  INFO 747497 --- [rapp-tycoon-backend] [           main] o.s.m.s.b.SimpleBrokerMessageHandler     : BrokerAvailabilityEvent[available=true, SimpleBrokerMessageHandler [org.springframework.messaging.simp.broker.DefaultSubscriptionRegistry@51f47493]]
2026-05-29T22:09:47.494+01:00  INFO 747497 --- [rapp-tycoon-backend] [           main] o.s.m.s.b.SimpleBrokerMessageHandler     : Started.
2026-05-29T22:09:47.498+01:00  INFO 747497 --- [rapp-tycoon-backend] [           main] c.r.security.SecurityIntegrationTest     : Started SecurityIntegrationTest in 0.329 seconds (process running for 21.732)
2026-05-29T22:09:47.501+01:00  INFO 747497 --- [rapp-tycoon-backend] [           main] com.rapptycoon.config.DataSeeder         : Seeding rApp catalogue...
2026-05-29T22:09:47.504+01:00  INFO 747497 --- [rapp-tycoon-backend] [           main] com.rapptycoon.config.DataSeeder         : Seeded 7 rApp templates
2026-05-29T22:09:47.551+01:00  WARN 747497 --- [rapp-tycoon-backend] [           main] .w.s.m.s.DefaultHandlerExceptionResolver : Resolved [org.springframework.web.bind.MissingRequestHeaderException: Required request header 'X-Session-Token' for method parameter type String is not present]
2026-05-29T22:09:47.554+01:00  INFO 747497 --- [rapp-tycoon-backend] [           main] o.s.m.s.b.SimpleBrokerMessageHandler     : Stopping...
2026-05-29T22:09:47.554+01:00  INFO 747497 --- [rapp-tycoon-backend] [           main] o.s.m.s.b.SimpleBrokerMessageHandler     : BrokerAvailabilityEvent[available=false, SimpleBrokerMessageHandler [org.springframework.messaging.simp.broker.DefaultSubscriptionRegistry@51f47493]]
2026-05-29T22:09:47.554+01:00  INFO 747497 --- [rapp-tycoon-backend] [           main] o.s.m.s.b.SimpleBrokerMessageHandler     : Stopped.
2026-05-29T22:09:47.554+01:00  INFO 747497 --- [rapp-tycoon-backend] [           main] j.LocalContainerEntityManagerFactoryBean : Closing JPA EntityManagerFactory for persistence unit 'default'
2026-05-29T22:09:47.555+01:00  INFO 747497 --- [rapp-tycoon-backend] [           main] com.zaxxer.hikari.HikariDataSource       : HikariPool-28 - Shutdown initiated...
2026-05-29T22:09:47.572+01:00  INFO 747497 --- [rapp-tycoon-backend] [           main] com.zaxxer.hikari.HikariDataSource       : HikariPool-28 - Shutdown completed.

  .   ____          _            __ _ _
 /\\ / ___'_ __ _ _(_)_ __  __ _ \ \ \ \
( ( )\___ | '_ | '_| | '_ \/ _` | \ \ \ \
 \\/  ___)| |_)| | | | | || (_| |  ) ) ) )
  '  |____| .__|_| |_|_| |_\__, | / / / /
 =========|_|==============|___/=/_/_/_/

 :: Spring Boot ::               (v3.5.14)

2026-05-29T22:09:47.585+01:00  INFO 747497 --- [rapp-tycoon-backend] [           main] c.r.security.SecurityIntegrationTest     : Starting SecurityIntegrationTest using Java 26.0.1 with PID 747497 (started by kevin in /home/kevin/IdeaProjects/rAppsTycoon2/backend)
2026-05-29T22:09:47.585+01:00 DEBUG 747497 --- [rapp-tycoon-backend] [           main] c.r.security.SecurityIntegrationTest     : Running with Spring Boot v3.5.14, Spring v6.2.18
2026-05-29T22:09:47.585+01:00  INFO 747497 --- [rapp-tycoon-backend] [           main] c.r.security.SecurityIntegrationTest     : The following 1 profile is active: "test"
2026-05-29T22:09:47.692+01:00  INFO 747497 --- [rapp-tycoon-backend] [           main] .s.d.r.c.RepositoryConfigurationDelegate : Bootstrapping Spring Data JPA repositories in DEFAULT mode.
2026-05-29T22:09:47.700+01:00  INFO 747497 --- [rapp-tycoon-backend] [           main] .s.d.r.c.RepositoryConfigurationDelegate : Finished Spring Data repository scanning in 6 ms. Found 6 JPA repository interfaces.
2026-05-29T22:09:47.738+01:00  INFO 747497 --- [rapp-tycoon-backend] [           main] o.hibernate.jpa.internal.util.LogHelper  : HHH000204: Processing PersistenceUnitInfo [name: default]
2026-05-29T22:09:47.740+01:00  INFO 747497 --- [rapp-tycoon-backend] [           main] o.h.c.internal.RegionFactoryInitiator    : HHH000026: Second-level cache disabled
2026-05-29T22:09:47.744+01:00  INFO 747497 --- [rapp-tycoon-backend] [           main] o.s.o.j.p.SpringPersistenceUnitInfo      : No LoadTimeWeaver setup: ignoring JPA class transformer
2026-05-29T22:09:47.745+01:00  INFO 747497 --- [rapp-tycoon-backend] [           main] com.zaxxer.hikari.HikariDataSource       : HikariPool-29 - Starting...
2026-05-29T22:09:47.745+01:00  INFO 747497 --- [rapp-tycoon-backend] [           main] com.zaxxer.hikari.pool.HikariPool        : HikariPool-29 - Added connection conn213: url=jdbc:h2:mem:testdb user=SA
2026-05-29T22:09:47.746+01:00  INFO 747497 --- [rapp-tycoon-backend] [           main] com.zaxxer.hikari.HikariDataSource       : HikariPool-29 - Start completed.
2026-05-29T22:09:47.746+01:00  WARN 747497 --- [rapp-tycoon-backend] [           main] org.hibernate.orm.deprecation            : HHH90000025: H2Dialect does not need to be specified explicitly using 'hibernate.dialect' (remove the property setting and it will be selected by default)
2026-05-29T22:09:47.746+01:00  INFO 747497 --- [rapp-tycoon-backend] [           main] org.hibernate.orm.connections.pooling    : HHH10001005: Database info:
	Database JDBC URL [Connecting through datasource 'HikariDataSource (HikariPool-29)']
	Database driver: undefined/unknown
	Database version: 2.3.232
	Autocommit mode: undefined/unknown
	Isolation level: undefined/unknown
	Minimum pool size: undefined/unknown
	Maximum pool size: undefined/unknown
2026-05-29T22:09:47.775+01:00  INFO 747497 --- [rapp-tycoon-backend] [           main] o.h.e.t.j.p.i.JtaPlatformInitiator       : HHH000489: No JTA platform available (set 'hibernate.transaction.jta.platform' to enable JTA platform integration)
2026-05-29T22:09:47.779+01:00  INFO 747497 --- [rapp-tycoon-backend] [           main] j.LocalContainerEntityManagerFactoryBean : Initialized JPA EntityManagerFactory for persistence unit 'default'
2026-05-29T22:09:47.938+01:00  INFO 747497 --- [rapp-tycoon-backend] [           main] o.s.b.t.m.w.SpringBootMockServletContext : Initializing Spring TestDispatcherServlet ''
2026-05-29T22:09:47.938+01:00  INFO 747497 --- [rapp-tycoon-backend] [           main] o.s.t.web.servlet.TestDispatcherServlet  : Initializing Servlet ''
2026-05-29T22:09:47.939+01:00  INFO 747497 --- [rapp-tycoon-backend] [           main] o.s.b.a.e.web.EndpointLinksResolver      : Exposing 1 endpoint beneath base path '/actuator'
2026-05-29T22:09:47.943+01:00  INFO 747497 --- [rapp-tycoon-backend] [           main] o.s.t.web.servlet.TestDispatcherServlet  : Completed initialization in 5 ms
2026-05-29T22:09:47.949+01:00  INFO 747497 --- [rapp-tycoon-backend] [           main] o.s.m.s.b.SimpleBrokerMessageHandler     : Starting...
2026-05-29T22:09:47.949+01:00  INFO 747497 --- [rapp-tycoon-backend] [           main] o.s.m.s.b.SimpleBrokerMessageHandler     : BrokerAvailabilityEvent[available=true, SimpleBrokerMessageHandler [org.springframework.messaging.simp.broker.DefaultSubscriptionRegistry@5cf7a342]]
2026-05-29T22:09:47.949+01:00  INFO 747497 --- [rapp-tycoon-backend] [           main] o.s.m.s.b.SimpleBrokerMessageHandler     : Started.
2026-05-29T22:09:47.953+01:00  INFO 747497 --- [rapp-tycoon-backend] [           main] c.r.security.SecurityIntegrationTest     : Started SecurityIntegrationTest in 0.379 seconds (process running for 22.187)
2026-05-29T22:09:47.956+01:00  INFO 747497 --- [rapp-tycoon-backend] [           main] com.rapptycoon.config.DataSeeder         : Seeding rApp catalogue...
2026-05-29T22:09:47.961+01:00  INFO 747497 --- [rapp-tycoon-backend] [           main] com.rapptycoon.config.DataSeeder         : Seeded 7 rApp templates
2026-05-29T22:09:48.002+01:00  INFO 747497 --- [rapp-tycoon-backend] [           main] o.s.m.s.b.SimpleBrokerMessageHandler     : Stopping...
2026-05-29T22:09:48.002+01:00  INFO 747497 --- [rapp-tycoon-backend] [           main] o.s.m.s.b.SimpleBrokerMessageHandler     : BrokerAvailabilityEvent[available=false, SimpleBrokerMessageHandler [org.springframework.messaging.simp.broker.DefaultSubscriptionRegistry@5cf7a342]]
2026-05-29T22:09:48.002+01:00  INFO 747497 --- [rapp-tycoon-backend] [           main] o.s.m.s.b.SimpleBrokerMessageHandler     : Stopped.
2026-05-29T22:09:48.003+01:00  INFO 747497 --- [rapp-tycoon-backend] [           main] j.LocalContainerEntityManagerFactoryBean : Closing JPA EntityManagerFactory for persistence unit 'default'
2026-05-29T22:09:48.004+01:00  INFO 747497 --- [rapp-tycoon-backend] [           main] com.zaxxer.hikari.HikariDataSource       : HikariPool-29 - Shutdown initiated...
2026-05-29T22:09:48.031+01:00  INFO 747497 --- [rapp-tycoon-backend] [           main] com.zaxxer.hikari.HikariDataSource       : HikariPool-29 - Shutdown completed.

  .   ____          _            __ _ _
 /\\ / ___'_ __ _ _(_)_ __  __ _ \ \ \ \
( ( )\___ | '_ | '_| | '_ \/ _` | \ \ \ \
 \\/  ___)| |_)| | | | | || (_| |  ) ) ) )
  '  |____| .__|_| |_|_| |_\__, | / / / /
 =========|_|==============|___/=/_/_/_/

 :: Spring Boot ::               (v3.5.14)

2026-05-29T22:09:48.044+01:00  INFO 747497 --- [rapp-tycoon-backend] [           main] c.r.security.SecurityIntegrationTest     : Starting SecurityIntegrationTest using Java 26.0.1 with PID 747497 (started by kevin in /home/kevin/IdeaProjects/rAppsTycoon2/backend)
2026-05-29T22:09:48.044+01:00 DEBUG 747497 --- [rapp-tycoon-backend] [           main] c.r.security.SecurityIntegrationTest     : Running with Spring Boot v3.5.14, Spring v6.2.18
2026-05-29T22:09:48.044+01:00  INFO 747497 --- [rapp-tycoon-backend] [           main] c.r.security.SecurityIntegrationTest     : The following 1 profile is active: "test"
2026-05-29T22:09:48.141+01:00  INFO 747497 --- [rapp-tycoon-backend] [           main] .s.d.r.c.RepositoryConfigurationDelegate : Bootstrapping Spring Data JPA repositories in DEFAULT mode.
2026-05-29T22:09:48.148+01:00  INFO 747497 --- [rapp-tycoon-backend] [           main] .s.d.r.c.RepositoryConfigurationDelegate : Finished Spring Data repository scanning in 6 ms. Found 6 JPA repository interfaces.
2026-05-29T22:09:48.185+01:00  INFO 747497 --- [rapp-tycoon-backend] [           main] o.hibernate.jpa.internal.util.LogHelper  : HHH000204: Processing PersistenceUnitInfo [name: default]
2026-05-29T22:09:48.186+01:00  INFO 747497 --- [rapp-tycoon-backend] [           main] o.h.c.internal.RegionFactoryInitiator    : HHH000026: Second-level cache disabled
2026-05-29T22:09:48.190+01:00  INFO 747497 --- [rapp-tycoon-backend] [           main] o.s.o.j.p.SpringPersistenceUnitInfo      : No LoadTimeWeaver setup: ignoring JPA class transformer
2026-05-29T22:09:48.191+01:00  INFO 747497 --- [rapp-tycoon-backend] [           main] com.zaxxer.hikari.HikariDataSource       : HikariPool-30 - Starting...
2026-05-29T22:09:48.191+01:00  INFO 747497 --- [rapp-tycoon-backend] [           main] com.zaxxer.hikari.pool.HikariPool        : HikariPool-30 - Added connection conn220: url=jdbc:h2:mem:testdb user=SA
2026-05-29T22:09:48.192+01:00  INFO 747497 --- [rapp-tycoon-backend] [           main] com.zaxxer.hikari.HikariDataSource       : HikariPool-30 - Start completed.
2026-05-29T22:09:48.192+01:00  WARN 747497 --- [rapp-tycoon-backend] [           main] org.hibernate.orm.deprecation            : HHH90000025: H2Dialect does not need to be specified explicitly using 'hibernate.dialect' (remove the property setting and it will be selected by default)
2026-05-29T22:09:48.192+01:00  INFO 747497 --- [rapp-tycoon-backend] [           main] org.hibernate.orm.connections.pooling    : HHH10001005: Database info:
	Database JDBC URL [Connecting through datasource 'HikariDataSource (HikariPool-30)']
	Database driver: undefined/unknown
	Database version: 2.3.232
	Autocommit mode: undefined/unknown
	Isolation level: undefined/unknown
	Minimum pool size: undefined/unknown
	Maximum pool size: undefined/unknown
2026-05-29T22:09:48.220+01:00  INFO 747497 --- [rapp-tycoon-backend] [           main] o.h.e.t.j.p.i.JtaPlatformInitiator       : HHH000489: No JTA platform available (set 'hibernate.transaction.jta.platform' to enable JTA platform integration)
2026-05-29T22:09:48.223+01:00  INFO 747497 --- [rapp-tycoon-backend] [           main] j.LocalContainerEntityManagerFactoryBean : Initialized JPA EntityManagerFactory for persistence unit 'default'
2026-05-29T22:09:48.369+01:00  INFO 747497 --- [rapp-tycoon-backend] [           main] o.s.b.t.m.w.SpringBootMockServletContext : Initializing Spring TestDispatcherServlet ''
2026-05-29T22:09:48.369+01:00  INFO 747497 --- [rapp-tycoon-backend] [           main] o.s.t.web.servlet.TestDispatcherServlet  : Initializing Servlet ''
2026-05-29T22:09:48.371+01:00  INFO 747497 --- [rapp-tycoon-backend] [           main] o.s.b.a.e.web.EndpointLinksResolver      : Exposing 1 endpoint beneath base path '/actuator'
2026-05-29T22:09:48.374+01:00  INFO 747497 --- [rapp-tycoon-backend] [           main] o.s.t.web.servlet.TestDispatcherServlet  : Completed initialization in 5 ms
2026-05-29T22:09:48.379+01:00  INFO 747497 --- [rapp-tycoon-backend] [           main] o.s.m.s.b.SimpleBrokerMessageHandler     : Starting...
2026-05-29T22:09:48.380+01:00  INFO 747497 --- [rapp-tycoon-backend] [           main] o.s.m.s.b.SimpleBrokerMessageHandler     : BrokerAvailabilityEvent[available=true, SimpleBrokerMessageHandler [org.springframework.messaging.simp.broker.DefaultSubscriptionRegistry@dc72c92]]
2026-05-29T22:09:48.380+01:00  INFO 747497 --- [rapp-tycoon-backend] [           main] o.s.m.s.b.SimpleBrokerMessageHandler     : Started.
2026-05-29T22:09:48.383+01:00  INFO 747497 --- [rapp-tycoon-backend] [           main] c.r.security.SecurityIntegrationTest     : Started SecurityIntegrationTest in 0.35 seconds (process running for 22.617)
2026-05-29T22:09:48.386+01:00  INFO 747497 --- [rapp-tycoon-backend] [           main] com.rapptycoon.config.DataSeeder         : Seeding rApp catalogue...
2026-05-29T22:09:48.389+01:00  INFO 747497 --- [rapp-tycoon-backend] [           main] com.rapptycoon.config.DataSeeder         : Seeded 7 rApp templates
2026-05-29T22:09:48.422+01:00  INFO 747497 --- [rapp-tycoon-backend] [           main] o.s.m.s.b.SimpleBrokerMessageHandler     : Stopping...
2026-05-29T22:09:48.422+01:00  INFO 747497 --- [rapp-tycoon-backend] [           main] o.s.m.s.b.SimpleBrokerMessageHandler     : BrokerAvailabilityEvent[available=false, SimpleBrokerMessageHandler [org.springframework.messaging.simp.broker.DefaultSubscriptionRegistry@dc72c92]]
2026-05-29T22:09:48.422+01:00  INFO 747497 --- [rapp-tycoon-backend] [           main] o.s.m.s.b.SimpleBrokerMessageHandler     : Stopped.
2026-05-29T22:09:48.423+01:00  INFO 747497 --- [rapp-tycoon-backend] [           main] j.LocalContainerEntityManagerFactoryBean : Closing JPA EntityManagerFactory for persistence unit 'default'
2026-05-29T22:09:48.424+01:00  INFO 747497 --- [rapp-tycoon-backend] [           main] com.zaxxer.hikari.HikariDataSource       : HikariPool-30 - Shutdown initiated...
2026-05-29T22:09:48.446+01:00  INFO 747497 --- [rapp-tycoon-backend] [           main] com.zaxxer.hikari.HikariDataSource       : HikariPool-30 - Shutdown completed.

  .   ____          _            __ _ _
 /\\ / ___'_ __ _ _(_)_ __  __ _ \ \ \ \
( ( )\___ | '_ | '_| | '_ \/ _` | \ \ \ \
 \\/  ___)| |_)| | | | | || (_| |  ) ) ) )
  '  |____| .__|_| |_|_| |_\__, | / / / /
 =========|_|==============|___/=/_/_/_/

 :: Spring Boot ::               (v3.5.14)

2026-05-29T22:09:48.459+01:00  INFO 747497 --- [rapp-tycoon-backend] [           main] c.r.security.SecurityIntegrationTest     : Starting SecurityIntegrationTest using Java 26.0.1 with PID 747497 (started by kevin in /home/kevin/IdeaProjects/rAppsTycoon2/backend)
2026-05-29T22:09:48.459+01:00 DEBUG 747497 --- [rapp-tycoon-backend] [           main] c.r.security.SecurityIntegrationTest     : Running with Spring Boot v3.5.14, Spring v6.2.18
2026-05-29T22:09:48.459+01:00  INFO 747497 --- [rapp-tycoon-backend] [           main] c.r.security.SecurityIntegrationTest     : The following 1 profile is active: "test"
2026-05-29T22:09:48.574+01:00  INFO 747497 --- [rapp-tycoon-backend] [           main] .s.d.r.c.RepositoryConfigurationDelegate : Bootstrapping Spring Data JPA repositories in DEFAULT mode.
2026-05-29T22:09:48.581+01:00  INFO 747497 --- [rapp-tycoon-backend] [           main] .s.d.r.c.RepositoryConfigurationDelegate : Finished Spring Data repository scanning in 6 ms. Found 6 JPA repository interfaces.
2026-05-29T22:09:48.622+01:00  INFO 747497 --- [rapp-tycoon-backend] [           main] o.hibernate.jpa.internal.util.LogHelper  : HHH000204: Processing PersistenceUnitInfo [name: default]
2026-05-29T22:09:48.623+01:00  INFO 747497 --- [rapp-tycoon-backend] [           main] o.h.c.internal.RegionFactoryInitiator    : HHH000026: Second-level cache disabled
2026-05-29T22:09:48.627+01:00  INFO 747497 --- [rapp-tycoon-backend] [           main] o.s.o.j.p.SpringPersistenceUnitInfo      : No LoadTimeWeaver setup: ignoring JPA class transformer
2026-05-29T22:09:48.628+01:00  INFO 747497 --- [rapp-tycoon-backend] [           main] com.zaxxer.hikari.HikariDataSource       : HikariPool-31 - Starting...
2026-05-29T22:09:48.628+01:00  INFO 747497 --- [rapp-tycoon-backend] [           main] com.zaxxer.hikari.pool.HikariPool        : HikariPool-31 - Added connection conn226: url=jdbc:h2:mem:testdb user=SA
2026-05-29T22:09:48.629+01:00  INFO 747497 --- [rapp-tycoon-backend] [           main] com.zaxxer.hikari.HikariDataSource       : HikariPool-31 - Start completed.
2026-05-29T22:09:48.629+01:00  WARN 747497 --- [rapp-tycoon-backend] [           main] org.hibernate.orm.deprecation            : HHH90000025: H2Dialect does not need to be specified explicitly using 'hibernate.dialect' (remove the property setting and it will be selected by default)
2026-05-29T22:09:48.630+01:00  INFO 747497 --- [rapp-tycoon-backend] [           main] org.hibernate.orm.connections.pooling    : HHH10001005: Database info:
	Database JDBC URL [Connecting through datasource 'HikariDataSource (HikariPool-31)']
	Database driver: undefined/unknown
	Database version: 2.3.232
	Autocommit mode: undefined/unknown
	Isolation level: undefined/unknown
	Minimum pool size: undefined/unknown
	Maximum pool size: undefined/unknown
2026-05-29T22:09:48.663+01:00  INFO 747497 --- [rapp-tycoon-backend] [           main] o.h.e.t.j.p.i.JtaPlatformInitiator       : HHH000489: No JTA platform available (set 'hibernate.transaction.jta.platform' to enable JTA platform integration)
2026-05-29T22:09:48.668+01:00  INFO 747497 --- [rapp-tycoon-backend] [           main] j.LocalContainerEntityManagerFactoryBean : Initialized JPA EntityManagerFactory for persistence unit 'default'
2026-05-29T22:09:48.840+01:00  INFO 747497 --- [rapp-tycoon-backend] [           main] o.s.b.t.m.w.SpringBootMockServletContext : Initializing Spring TestDispatcherServlet ''
2026-05-29T22:09:48.840+01:00  INFO 747497 --- [rapp-tycoon-backend] [           main] o.s.t.web.servlet.TestDispatcherServlet  : Initializing Servlet ''
2026-05-29T22:09:48.842+01:00  INFO 747497 --- [rapp-tycoon-backend] [           main] o.s.b.a.e.web.EndpointLinksResolver      : Exposing 1 endpoint beneath base path '/actuator'
2026-05-29T22:09:48.845+01:00  INFO 747497 --- [rapp-tycoon-backend] [           main] o.s.t.web.servlet.TestDispatcherServlet  : Completed initialization in 5 ms
2026-05-29T22:09:48.850+01:00  INFO 747497 --- [rapp-tycoon-backend] [           main] o.s.m.s.b.SimpleBrokerMessageHandler     : Starting...
2026-05-29T22:09:48.851+01:00  INFO 747497 --- [rapp-tycoon-backend] [           main] o.s.m.s.b.SimpleBrokerMessageHandler     : BrokerAvailabilityEvent[available=true, SimpleBrokerMessageHandler [org.springframework.messaging.simp.broker.DefaultSubscriptionRegistry@6c6139a]]
2026-05-29T22:09:48.851+01:00  INFO 747497 --- [rapp-tycoon-backend] [           main] o.s.m.s.b.SimpleBrokerMessageHandler     : Started.
2026-05-29T22:09:48.854+01:00  INFO 747497 --- [rapp-tycoon-backend] [           main] c.r.security.SecurityIntegrationTest     : Started SecurityIntegrationTest in 0.406 seconds (process running for 23.088)
2026-05-29T22:09:48.857+01:00  INFO 747497 --- [rapp-tycoon-backend] [           main] com.rapptycoon.config.DataSeeder         : Seeding rApp catalogue...
2026-05-29T22:09:48.863+01:00  INFO 747497 --- [rapp-tycoon-backend] [           main] com.rapptycoon.config.DataSeeder         : Seeded 7 rApp templates
2026-05-29T22:09:48.900+01:00  INFO 747497 --- [rapp-tycoon-backend] [           main] o.s.m.s.b.SimpleBrokerMessageHandler     : Stopping...
2026-05-29T22:09:48.900+01:00  INFO 747497 --- [rapp-tycoon-backend] [           main] o.s.m.s.b.SimpleBrokerMessageHandler     : BrokerAvailabilityEvent[available=false, SimpleBrokerMessageHandler [org.springframework.messaging.simp.broker.DefaultSubscriptionRegistry@6c6139a]]
2026-05-29T22:09:48.900+01:00  INFO 747497 --- [rapp-tycoon-backend] [           main] o.s.m.s.b.SimpleBrokerMessageHandler     : Stopped.
2026-05-29T22:09:48.901+01:00  INFO 747497 --- [rapp-tycoon-backend] [           main] j.LocalContainerEntityManagerFactoryBean : Closing JPA EntityManagerFactory for persistence unit 'default'
2026-05-29T22:09:48.902+01:00  INFO 747497 --- [rapp-tycoon-backend] [           main] com.zaxxer.hikari.HikariDataSource       : HikariPool-31 - Shutdown initiated...
2026-05-29T22:09:48.914+01:00  INFO 747497 --- [rapp-tycoon-backend] [           main] com.zaxxer.hikari.HikariDataSource       : HikariPool-31 - Shutdown completed.

  .   ____          _            __ _ _
 /\\ / ___'_ __ _ _(_)_ __  __ _ \ \ \ \
( ( )\___ | '_ | '_| | '_ \/ _` | \ \ \ \
 \\/  ___)| |_)| | | | | || (_| |  ) ) ) )
  '  |____| .__|_| |_|_| |_\__, | / / / /
 =========|_|==============|___/=/_/_/_/

 :: Spring Boot ::               (v3.5.14)

2026-05-29T22:09:48.928+01:00  INFO 747497 --- [rapp-tycoon-backend] [           main] c.r.security.SecurityIntegrationTest     : Starting SecurityIntegrationTest using Java 26.0.1 with PID 747497 (started by kevin in /home/kevin/IdeaProjects/rAppsTycoon2/backend)
2026-05-29T22:09:48.929+01:00 DEBUG 747497 --- [rapp-tycoon-backend] [           main] c.r.security.SecurityIntegrationTest     : Running with Spring Boot v3.5.14, Spring v6.2.18
2026-05-29T22:09:48.929+01:00  INFO 747497 --- [rapp-tycoon-backend] [           main] c.r.security.SecurityIntegrationTest     : The following 1 profile is active: "test"
2026-05-29T22:09:49.031+01:00  INFO 747497 --- [rapp-tycoon-backend] [           main] .s.d.r.c.RepositoryConfigurationDelegate : Bootstrapping Spring Data JPA repositories in DEFAULT mode.
2026-05-29T22:09:49.039+01:00  INFO 747497 --- [rapp-tycoon-backend] [           main] .s.d.r.c.RepositoryConfigurationDelegate : Finished Spring Data repository scanning in 7 ms. Found 6 JPA repository interfaces.
2026-05-29T22:09:49.090+01:00  INFO 747497 --- [rapp-tycoon-backend] [           main] o.hibernate.jpa.internal.util.LogHelper  : HHH000204: Processing PersistenceUnitInfo [name: default]
2026-05-29T22:09:49.092+01:00  INFO 747497 --- [rapp-tycoon-backend] [           main] o.h.c.internal.RegionFactoryInitiator    : HHH000026: Second-level cache disabled
2026-05-29T22:09:49.098+01:00  INFO 747497 --- [rapp-tycoon-backend] [           main] o.s.o.j.p.SpringPersistenceUnitInfo      : No LoadTimeWeaver setup: ignoring JPA class transformer
2026-05-29T22:09:49.098+01:00  INFO 747497 --- [rapp-tycoon-backend] [           main] com.zaxxer.hikari.HikariDataSource       : HikariPool-32 - Starting...
2026-05-29T22:09:49.099+01:00  INFO 747497 --- [rapp-tycoon-backend] [           main] com.zaxxer.hikari.pool.HikariPool        : HikariPool-32 - Added connection conn233: url=jdbc:h2:mem:testdb user=SA
2026-05-29T22:09:49.099+01:00  INFO 747497 --- [rapp-tycoon-backend] [           main] com.zaxxer.hikari.HikariDataSource       : HikariPool-32 - Start completed.
2026-05-29T22:09:49.100+01:00  WARN 747497 --- [rapp-tycoon-backend] [           main] org.hibernate.orm.deprecation            : HHH90000025: H2Dialect does not need to be specified explicitly using 'hibernate.dialect' (remove the property setting and it will be selected by default)
2026-05-29T22:09:49.100+01:00  INFO 747497 --- [rapp-tycoon-backend] [           main] org.hibernate.orm.connections.pooling    : HHH10001005: Database info:
	Database JDBC URL [Connecting through datasource 'HikariDataSource (HikariPool-32)']
	Database driver: undefined/unknown
	Database version: 2.3.232
	Autocommit mode: undefined/unknown
	Isolation level: undefined/unknown
	Minimum pool size: undefined/unknown
	Maximum pool size: undefined/unknown
2026-05-29T22:09:49.136+01:00  INFO 747497 --- [rapp-tycoon-backend] [           main] o.h.e.t.j.p.i.JtaPlatformInitiator       : HHH000489: No JTA platform available (set 'hibernate.transaction.jta.platform' to enable JTA platform integration)
2026-05-29T22:09:49.142+01:00  INFO 747497 --- [rapp-tycoon-backend] [           main] j.LocalContainerEntityManagerFactoryBean : Initialized JPA EntityManagerFactory for persistence unit 'default'
2026-05-29T22:09:49.305+01:00  INFO 747497 --- [rapp-tycoon-backend] [           main] o.s.b.t.m.w.SpringBootMockServletContext : Initializing Spring TestDispatcherServlet ''
2026-05-29T22:09:49.305+01:00  INFO 747497 --- [rapp-tycoon-backend] [           main] o.s.t.web.servlet.TestDispatcherServlet  : Initializing Servlet ''
2026-05-29T22:09:49.306+01:00  INFO 747497 --- [rapp-tycoon-backend] [           main] o.s.b.a.e.web.EndpointLinksResolver      : Exposing 1 endpoint beneath base path '/actuator'
2026-05-29T22:09:49.310+01:00  INFO 747497 --- [rapp-tycoon-backend] [           main] o.s.t.web.servlet.TestDispatcherServlet  : Completed initialization in 5 ms
2026-05-29T22:09:49.316+01:00  INFO 747497 --- [rapp-tycoon-backend] [           main] o.s.m.s.b.SimpleBrokerMessageHandler     : Starting...
2026-05-29T22:09:49.316+01:00  INFO 747497 --- [rapp-tycoon-backend] [           main] o.s.m.s.b.SimpleBrokerMessageHandler     : BrokerAvailabilityEvent[available=true, SimpleBrokerMessageHandler [org.springframework.messaging.simp.broker.DefaultSubscriptionRegistry@435445dc]]
2026-05-29T22:09:49.316+01:00  INFO 747497 --- [rapp-tycoon-backend] [           main] o.s.m.s.b.SimpleBrokerMessageHandler     : Started.
2026-05-29T22:09:49.320+01:00  INFO 747497 --- [rapp-tycoon-backend] [           main] c.r.security.SecurityIntegrationTest     : Started SecurityIntegrationTest in 0.404 seconds (process running for 23.554)
2026-05-29T22:09:49.324+01:00  INFO 747497 --- [rapp-tycoon-backend] [           main] com.rapptycoon.config.DataSeeder         : Seeding rApp catalogue...
2026-05-29T22:09:49.329+01:00  INFO 747497 --- [rapp-tycoon-backend] [           main] com.rapptycoon.config.DataSeeder         : Seeded 7 rApp templates
2026-05-29T22:09:49.364+01:00  INFO 747497 --- [rapp-tycoon-backend] [           main] o.s.m.s.b.SimpleBrokerMessageHandler     : Stopping...
2026-05-29T22:09:49.364+01:00  INFO 747497 --- [rapp-tycoon-backend] [           main] o.s.m.s.b.SimpleBrokerMessageHandler     : BrokerAvailabilityEvent[available=false, SimpleBrokerMessageHandler [org.springframework.messaging.simp.broker.DefaultSubscriptionRegistry@435445dc]]
2026-05-29T22:09:49.365+01:00  INFO 747497 --- [rapp-tycoon-backend] [           main] o.s.m.s.b.SimpleBrokerMessageHandler     : Stopped.
2026-05-29T22:09:49.365+01:00  INFO 747497 --- [rapp-tycoon-backend] [           main] j.LocalContainerEntityManagerFactoryBean : Closing JPA EntityManagerFactory for persistence unit 'default'
2026-05-29T22:09:49.366+01:00  INFO 747497 --- [rapp-tycoon-backend] [           main] com.zaxxer.hikari.HikariDataSource       : HikariPool-32 - Shutdown initiated...
2026-05-29T22:09:49.385+01:00  INFO 747497 --- [rapp-tycoon-backend] [           main] com.zaxxer.hikari.HikariDataSource       : HikariPool-32 - Shutdown completed.
[INFO] Tests run: 9, Failures: 0, Errors: 0, Skipped: 0, Time elapsed: 3.953 s -- in Protected endpoints return 401 without token
[INFO] Running Public endpoints (no token required)
2026-05-29T22:09:49.388+01:00  INFO 747497 --- [rapp-tycoon-backend] [           main] t.c.s.AnnotationConfigContextLoaderUtils : Could not detect default configuration classes for test class [com.rapptycoon.security.SecurityIntegrationTest$PublicEndpoints]: PublicEndpoints does not declare any static, non-private, non-final, nested classes annotated with @Configuration.
2026-05-29T22:09:49.389+01:00  INFO 747497 --- [rapp-tycoon-backend] [           main] .b.t.c.SpringBootTestContextBootstrapper : Found @SpringBootConfiguration com.rapptycoon.RappTycoonApplication for test class com.rapptycoon.security.SecurityIntegrationTest$PublicEndpoints

  .   ____          _            __ _ _
 /\\ / ___'_ __ _ _(_)_ __  __ _ \ \ \ \
( ( )\___ | '_ | '_| | '_ \/ _` | \ \ \ \
 \\/  ___)| |_)| | | | | || (_| |  ) ) ) )
  '  |____| .__|_| |_|_| |_\__, | / / / /
 =========|_|==============|___/=/_/_/_/

 :: Spring Boot ::               (v3.5.14)

2026-05-29T22:09:49.407+01:00  INFO 747497 --- [rapp-tycoon-backend] [           main] c.r.security.SecurityIntegrationTest     : Starting SecurityIntegrationTest using Java 26.0.1 with PID 747497 (started by kevin in /home/kevin/IdeaProjects/rAppsTycoon2/backend)
2026-05-29T22:09:49.407+01:00 DEBUG 747497 --- [rapp-tycoon-backend] [           main] c.r.security.SecurityIntegrationTest     : Running with Spring Boot v3.5.14, Spring v6.2.18
2026-05-29T22:09:49.407+01:00  INFO 747497 --- [rapp-tycoon-backend] [           main] c.r.security.SecurityIntegrationTest     : The following 1 profile is active: "test"
2026-05-29T22:09:49.505+01:00  INFO 747497 --- [rapp-tycoon-backend] [           main] .s.d.r.c.RepositoryConfigurationDelegate : Bootstrapping Spring Data JPA repositories in DEFAULT mode.
2026-05-29T22:09:49.512+01:00  INFO 747497 --- [rapp-tycoon-backend] [           main] .s.d.r.c.RepositoryConfigurationDelegate : Finished Spring Data repository scanning in 6 ms. Found 6 JPA repository interfaces.
2026-05-29T22:09:49.545+01:00  INFO 747497 --- [rapp-tycoon-backend] [           main] o.hibernate.jpa.internal.util.LogHelper  : HHH000204: Processing PersistenceUnitInfo [name: default]
2026-05-29T22:09:49.546+01:00  INFO 747497 --- [rapp-tycoon-backend] [           main] o.h.c.internal.RegionFactoryInitiator    : HHH000026: Second-level cache disabled
2026-05-29T22:09:49.549+01:00  INFO 747497 --- [rapp-tycoon-backend] [           main] o.s.o.j.p.SpringPersistenceUnitInfo      : No LoadTimeWeaver setup: ignoring JPA class transformer
2026-05-29T22:09:49.550+01:00  INFO 747497 --- [rapp-tycoon-backend] [           main] com.zaxxer.hikari.HikariDataSource       : HikariPool-33 - Starting...
2026-05-29T22:09:49.550+01:00  INFO 747497 --- [rapp-tycoon-backend] [           main] com.zaxxer.hikari.pool.HikariPool        : HikariPool-33 - Added connection conn240: url=jdbc:h2:mem:testdb user=SA
2026-05-29T22:09:49.550+01:00  INFO 747497 --- [rapp-tycoon-backend] [           main] com.zaxxer.hikari.HikariDataSource       : HikariPool-33 - Start completed.
2026-05-29T22:09:49.551+01:00  WARN 747497 --- [rapp-tycoon-backend] [           main] org.hibernate.orm.deprecation            : HHH90000025: H2Dialect does not need to be specified explicitly using 'hibernate.dialect' (remove the property setting and it will be selected by default)
2026-05-29T22:09:49.551+01:00  INFO 747497 --- [rapp-tycoon-backend] [           main] org.hibernate.orm.connections.pooling    : HHH10001005: Database info:
	Database JDBC URL [Connecting through datasource 'HikariDataSource (HikariPool-33)']
	Database driver: undefined/unknown
	Database version: 2.3.232
	Autocommit mode: undefined/unknown
	Isolation level: undefined/unknown
	Minimum pool size: undefined/unknown
	Maximum pool size: undefined/unknown
2026-05-29T22:09:49.575+01:00  INFO 747497 --- [rapp-tycoon-backend] [           main] o.h.e.t.j.p.i.JtaPlatformInitiator       : HHH000489: No JTA platform available (set 'hibernate.transaction.jta.platform' to enable JTA platform integration)
2026-05-29T22:09:49.579+01:00  INFO 747497 --- [rapp-tycoon-backend] [           main] j.LocalContainerEntityManagerFactoryBean : Initialized JPA EntityManagerFactory for persistence unit 'default'
2026-05-29T22:09:49.722+01:00  INFO 747497 --- [rapp-tycoon-backend] [           main] o.s.b.t.m.w.SpringBootMockServletContext : Initializing Spring TestDispatcherServlet ''
2026-05-29T22:09:49.722+01:00  INFO 747497 --- [rapp-tycoon-backend] [           main] o.s.t.web.servlet.TestDispatcherServlet  : Initializing Servlet ''
2026-05-29T22:09:49.723+01:00  INFO 747497 --- [rapp-tycoon-backend] [           main] o.s.b.a.e.web.EndpointLinksResolver      : Exposing 1 endpoint beneath base path '/actuator'
2026-05-29T22:09:49.726+01:00  INFO 747497 --- [rapp-tycoon-backend] [           main] o.s.t.web.servlet.TestDispatcherServlet  : Completed initialization in 4 ms
2026-05-29T22:09:49.731+01:00  INFO 747497 --- [rapp-tycoon-backend] [           main] o.s.m.s.b.SimpleBrokerMessageHandler     : Starting...
2026-05-29T22:09:49.732+01:00  INFO 747497 --- [rapp-tycoon-backend] [           main] o.s.m.s.b.SimpleBrokerMessageHandler     : BrokerAvailabilityEvent[available=true, SimpleBrokerMessageHandler [org.springframework.messaging.simp.broker.DefaultSubscriptionRegistry@2d71ad14]]
2026-05-29T22:09:49.732+01:00  INFO 747497 --- [rapp-tycoon-backend] [           main] o.s.m.s.b.SimpleBrokerMessageHandler     : Started.
2026-05-29T22:09:49.736+01:00  INFO 747497 --- [rapp-tycoon-backend] [           main] c.r.security.SecurityIntegrationTest     : Started SecurityIntegrationTest in 0.343 seconds (process running for 23.97)
2026-05-29T22:09:49.739+01:00  INFO 747497 --- [rapp-tycoon-backend] [           main] com.rapptycoon.config.DataSeeder         : Seeding rApp catalogue...
2026-05-29T22:09:49.742+01:00  INFO 747497 --- [rapp-tycoon-backend] [           main] com.rapptycoon.config.DataSeeder         : Seeded 7 rApp templates
2026-05-29T22:09:49.777+01:00  INFO 747497 --- [rapp-tycoon-backend] [           main] o.s.m.s.b.SimpleBrokerMessageHandler     : Stopping...
2026-05-29T22:09:49.777+01:00  INFO 747497 --- [rapp-tycoon-backend] [           main] o.s.m.s.b.SimpleBrokerMessageHandler     : BrokerAvailabilityEvent[available=false, SimpleBrokerMessageHandler [org.springframework.messaging.simp.broker.DefaultSubscriptionRegistry@2d71ad14]]
2026-05-29T22:09:49.777+01:00  INFO 747497 --- [rapp-tycoon-backend] [           main] o.s.m.s.b.SimpleBrokerMessageHandler     : Stopped.
2026-05-29T22:09:49.777+01:00  INFO 747497 --- [rapp-tycoon-backend] [           main] j.LocalContainerEntityManagerFactoryBean : Closing JPA EntityManagerFactory for persistence unit 'default'
2026-05-29T22:09:49.779+01:00  INFO 747497 --- [rapp-tycoon-backend] [           main] com.zaxxer.hikari.HikariDataSource       : HikariPool-33 - Shutdown initiated...
2026-05-29T22:09:49.804+01:00  INFO 747497 --- [rapp-tycoon-backend] [           main] com.zaxxer.hikari.HikariDataSource       : HikariPool-33 - Shutdown completed.

  .   ____          _            __ _ _
 /\\ / ___'_ __ _ _(_)_ __  __ _ \ \ \ \
( ( )\___ | '_ | '_| | '_ \/ _` | \ \ \ \
 \\/  ___)| |_)| | | | | || (_| |  ) ) ) )
  '  |____| .__|_| |_|_| |_\__, | / / / /
 =========|_|==============|___/=/_/_/_/

 :: Spring Boot ::               (v3.5.14)

2026-05-29T22:09:49.816+01:00  INFO 747497 --- [rapp-tycoon-backend] [           main] c.r.security.SecurityIntegrationTest     : Starting SecurityIntegrationTest using Java 26.0.1 with PID 747497 (started by kevin in /home/kevin/IdeaProjects/rAppsTycoon2/backend)
2026-05-29T22:09:49.816+01:00 DEBUG 747497 --- [rapp-tycoon-backend] [           main] c.r.security.SecurityIntegrationTest     : Running with Spring Boot v3.5.14, Spring v6.2.18
2026-05-29T22:09:49.816+01:00  INFO 747497 --- [rapp-tycoon-backend] [           main] c.r.security.SecurityIntegrationTest     : The following 1 profile is active: "test"
2026-05-29T22:09:49.922+01:00  INFO 747497 --- [rapp-tycoon-backend] [           main] .s.d.r.c.RepositoryConfigurationDelegate : Bootstrapping Spring Data JPA repositories in DEFAULT mode.
2026-05-29T22:09:49.929+01:00  INFO 747497 --- [rapp-tycoon-backend] [           main] .s.d.r.c.RepositoryConfigurationDelegate : Finished Spring Data repository scanning in 7 ms. Found 6 JPA repository interfaces.
2026-05-29T22:09:49.967+01:00  INFO 747497 --- [rapp-tycoon-backend] [           main] o.hibernate.jpa.internal.util.LogHelper  : HHH000204: Processing PersistenceUnitInfo [name: default]
2026-05-29T22:09:49.968+01:00  INFO 747497 --- [rapp-tycoon-backend] [           main] o.h.c.internal.RegionFactoryInitiator    : HHH000026: Second-level cache disabled
2026-05-29T22:09:49.972+01:00  INFO 747497 --- [rapp-tycoon-backend] [           main] o.s.o.j.p.SpringPersistenceUnitInfo      : No LoadTimeWeaver setup: ignoring JPA class transformer
2026-05-29T22:09:49.972+01:00  INFO 747497 --- [rapp-tycoon-backend] [           main] com.zaxxer.hikari.HikariDataSource       : HikariPool-34 - Starting...
2026-05-29T22:09:49.973+01:00  INFO 747497 --- [rapp-tycoon-backend] [           main] com.zaxxer.hikari.pool.HikariPool        : HikariPool-34 - Added connection conn246: url=jdbc:h2:mem:testdb user=SA
2026-05-29T22:09:49.973+01:00  INFO 747497 --- [rapp-tycoon-backend] [           main] com.zaxxer.hikari.HikariDataSource       : HikariPool-34 - Start completed.
2026-05-29T22:09:49.973+01:00  WARN 747497 --- [rapp-tycoon-backend] [           main] org.hibernate.orm.deprecation            : HHH90000025: H2Dialect does not need to be specified explicitly using 'hibernate.dialect' (remove the property setting and it will be selected by default)
2026-05-29T22:09:49.973+01:00  INFO 747497 --- [rapp-tycoon-backend] [           main] org.hibernate.orm.connections.pooling    : HHH10001005: Database info:
	Database JDBC URL [Connecting through datasource 'HikariDataSource (HikariPool-34)']
	Database driver: undefined/unknown
	Database version: 2.3.232
	Autocommit mode: undefined/unknown
	Isolation level: undefined/unknown
	Minimum pool size: undefined/unknown
	Maximum pool size: undefined/unknown
2026-05-29T22:09:50.001+01:00  INFO 747497 --- [rapp-tycoon-backend] [           main] o.h.e.t.j.p.i.JtaPlatformInitiator       : HHH000489: No JTA platform available (set 'hibernate.transaction.jta.platform' to enable JTA platform integration)
2026-05-29T22:09:50.006+01:00  INFO 747497 --- [rapp-tycoon-backend] [           main] j.LocalContainerEntityManagerFactoryBean : Initialized JPA EntityManagerFactory for persistence unit 'default'
2026-05-29T22:09:50.158+01:00  INFO 747497 --- [rapp-tycoon-backend] [           main] o.s.b.t.m.w.SpringBootMockServletContext : Initializing Spring TestDispatcherServlet ''
2026-05-29T22:09:50.158+01:00  INFO 747497 --- [rapp-tycoon-backend] [           main] o.s.t.web.servlet.TestDispatcherServlet  : Initializing Servlet ''
2026-05-29T22:09:50.159+01:00  INFO 747497 --- [rapp-tycoon-backend] [           main] o.s.b.a.e.web.EndpointLinksResolver      : Exposing 1 endpoint beneath base path '/actuator'
2026-05-29T22:09:50.163+01:00  INFO 747497 --- [rapp-tycoon-backend] [           main] o.s.t.web.servlet.TestDispatcherServlet  : Completed initialization in 5 ms
2026-05-29T22:09:50.169+01:00  INFO 747497 --- [rapp-tycoon-backend] [           main] o.s.m.s.b.SimpleBrokerMessageHandler     : Starting...
2026-05-29T22:09:50.169+01:00  INFO 747497 --- [rapp-tycoon-backend] [           main] o.s.m.s.b.SimpleBrokerMessageHandler     : BrokerAvailabilityEvent[available=true, SimpleBrokerMessageHandler [org.springframework.messaging.simp.broker.DefaultSubscriptionRegistry@25ba5411]]
2026-05-29T22:09:50.169+01:00  INFO 747497 --- [rapp-tycoon-backend] [           main] o.s.m.s.b.SimpleBrokerMessageHandler     : Started.
2026-05-29T22:09:50.173+01:00  INFO 747497 --- [rapp-tycoon-backend] [           main] c.r.security.SecurityIntegrationTest     : Started SecurityIntegrationTest in 0.367 seconds (process running for 24.407)
2026-05-29T22:09:50.176+01:00  INFO 747497 --- [rapp-tycoon-backend] [           main] com.rapptycoon.config.DataSeeder         : Seeding rApp catalogue...
2026-05-29T22:09:50.180+01:00  INFO 747497 --- [rapp-tycoon-backend] [           main] com.rapptycoon.config.DataSeeder         : Seeded 7 rApp templates
2026-05-29T22:09:50.216+01:00  INFO 747497 --- [rapp-tycoon-backend] [           main] o.s.m.s.b.SimpleBrokerMessageHandler     : Stopping...
2026-05-29T22:09:50.216+01:00  INFO 747497 --- [rapp-tycoon-backend] [           main] o.s.m.s.b.SimpleBrokerMessageHandler     : BrokerAvailabilityEvent[available=false, SimpleBrokerMessageHandler [org.springframework.messaging.simp.broker.DefaultSubscriptionRegistry@25ba5411]]
2026-05-29T22:09:50.216+01:00  INFO 747497 --- [rapp-tycoon-backend] [           main] o.s.m.s.b.SimpleBrokerMessageHandler     : Stopped.
2026-05-29T22:09:50.217+01:00  INFO 747497 --- [rapp-tycoon-backend] [           main] j.LocalContainerEntityManagerFactoryBean : Closing JPA EntityManagerFactory for persistence unit 'default'
2026-05-29T22:09:50.219+01:00  INFO 747497 --- [rapp-tycoon-backend] [           main] com.zaxxer.hikari.HikariDataSource       : HikariPool-34 - Shutdown initiated...
2026-05-29T22:09:50.227+01:00  INFO 747497 --- [rapp-tycoon-backend] [           main] com.zaxxer.hikari.HikariDataSource       : HikariPool-34 - Shutdown completed.
[INFO] Tests run: 2, Failures: 0, Errors: 0, Skipped: 0, Time elapsed: 0.842 s -- in Public endpoints (no token required)
[INFO] Tests run: 0, Failures: 0, Errors: 0, Skipped: 0, Time elapsed: 23.86 s -- in com.rapptycoon.security.SecurityIntegrationTest
[INFO] 
[INFO] Results:
[INFO] 
[INFO] Tests run: 34, Failures: 0, Errors: 0, Skipped: 0
[INFO] 
[INFO] ------------------------------------------------------------------------
[INFO] BUILD SUCCESS
[INFO] ------------------------------------------------------------------------
[INFO] Total time:  26.102 s
[INFO] Finished at: 2026-05-29T22:09:50+01:00
[INFO] ------------------------------------------------------------------------
